Archive member included to satisfy reference by file (symbol)

D:\radar-ai-detector\radar_prj\AppliSecure\Lib\libarm_cortexM7lfdp_math.a(arm_const_structs.o)
                              ./Core/Src/fft.o (arm_cfft_sR_f32_len256)
D:\radar-ai-detector\radar_prj\AppliSecure\Lib\libarm_cortexM7lfdp_math.a(arm_common_tables.o)
                              D:\radar-ai-detector\radar_prj\AppliSecure\Lib\libarm_cortexM7lfdp_math.a(arm_const_structs.o) (armBitRevIndexTable_fixed_4096)
D:\radar-ai-detector\radar_prj\AppliSecure\Lib\libarm_cortexM7lfdp_math.a(arm_cfft_f32.o)
                              ./Core/Src/fft.o (arm_cfft_f32)
D:\radar-ai-detector\radar_prj\AppliSecure\Lib\libarm_cortexM7lfdp_math.a(arm_cmplx_mag_f32.o)
                              ./Core/Src/fft.o (arm_cmplx_mag_f32)
D:\radar-ai-detector\radar_prj\AppliSecure\Lib\libarm_cortexM7lfdp_math.a(arm_bitreversal2.o)
                              D:\radar-ai-detector\radar_prj\AppliSecure\Lib\libarm_cortexM7lfdp_math.a(arm_cfft_f32.o) (arm_bitreversal_32)
D:\radar-ai-detector\radar_prj\AppliSecure\Lib\libarm_cortexM7lfdp_math.a(arm_cfft_radix8_f32.o)
                              D:\radar-ai-detector\radar_prj\AppliSecure\Lib\libarm_cortexM7lfdp_math.a(arm_cfft_f32.o) (arm_radix8_butterfly_f32)
C:/ST/STM32CubeIDE_1.19.0/STM32CubeIDE/plugins/com.st.stm32cube.ide.mcu.externaltools.gnu-tools-for-stm32.13.3.rel1.win32_1.0.0.202411081344/tools/bin/../lib/gcc/arm-none-eabi/13.3.1/../../../../arm-none-eabi/lib/thumb/v8-m.main+dp/hard\libc_nano.a(libc_a-assert.o)
                              ./Core/Src/ads131m0x.o (__assert_func)
C:/ST/STM32CubeIDE_1.19.0/STM32CubeIDE/plugins/com.st.stm32cube.ide.mcu.externaltools.gnu-tools-for-stm32.13.3.rel1.win32_1.0.0.202411081344/tools/bin/../lib/gcc/arm-none-eabi/13.3.1/../../../../arm-none-eabi/lib/thumb/v8-m.main+dp/hard\libc_nano.a(libc_a-exit.o)
                              C:/ST/STM32CubeIDE_1.19.0/STM32CubeIDE/plugins/com.st.stm32cube.ide.mcu.externaltools.gnu-tools-for-stm32.13.3.rel1.win32_1.0.0.202411081344/tools/bin/../lib/gcc/arm-none-eabi/13.3.1/../../../../arm-none-eabi/lib/thumb/v8-m.main+dp/hard/crt0.o (exit)
C:/ST/STM32CubeIDE_1.19.0/STM32CubeIDE/plugins/com.st.stm32cube.ide.mcu.externaltools.gnu-tools-for-stm32.13.3.rel1.win32_1.0.0.202411081344/tools/bin/../lib/gcc/arm-none-eabi/13.3.1/../../../../arm-none-eabi/lib/thumb/v8-m.main+dp/hard\libc_nano.a(libc_a-nano-vfprintf_float.o)
                              (_printf_float)
C:/ST/STM32CubeIDE_1.19.0/STM32CubeIDE/plugins/com.st.stm32cube.ide.mcu.externaltools.gnu-tools-for-stm32.13.3.rel1.win32_1.0.0.202411081344/tools/bin/../lib/gcc/arm-none-eabi/13.3.1/../../../../arm-none-eabi/lib/thumb/v8-m.main+dp/hard\libc_nano.a(libc_a-nano-vfprintf_i.o)
                              C:/ST/STM32CubeIDE_1.19.0/STM32CubeIDE/plugins/com.st.stm32cube.ide.mcu.externaltools.gnu-tools-for-stm32.13.3.rel1.win32_1.0.0.202411081344/tools/bin/../lib/gcc/arm-none-eabi/13.3.1/../../../../arm-none-eabi/lib/thumb/v8-m.main+dp/hard\libc_nano.a(libc_a-nano-vfprintf_float.o) (_printf_common)
C:/ST/STM32CubeIDE_1.19.0/STM32CubeIDE/plugins/com.st.stm32cube.ide.mcu.externaltools.gnu-tools-for-stm32.13.3.rel1.win32_1.0.0.202411081344/tools/bin/../lib/gcc/arm-none-eabi/13.3.1/../../../../arm-none-eabi/lib/thumb/v8-m.main+dp/hard\libc_nano.a(libc_a-findfp.o)
                              C:/ST/STM32CubeIDE_1.19.0/STM32CubeIDE/plugins/com.st.stm32cube.ide.mcu.externaltools.gnu-tools-for-stm32.13.3.rel1.win32_1.0.0.202411081344/tools/bin/../lib/gcc/arm-none-eabi/13.3.1/../../../../arm-none-eabi/lib/thumb/v8-m.main+dp/hard\libc_nano.a(libc_a-exit.o) (__stdio_exit_handler)
C:/ST/STM32CubeIDE_1.19.0/STM32CubeIDE/plugins/com.st.stm32cube.ide.mcu.externaltools.gnu-tools-for-stm32.13.3.rel1.win32_1.0.0.202411081344/tools/bin/../lib/gcc/arm-none-eabi/13.3.1/../../../../arm-none-eabi/lib/thumb/v8-m.main+dp/hard\libc_nano.a(libc_a-fprintf.o)
                              C:/ST/STM32CubeIDE_1.19.0/STM32CubeIDE/plugins/com.st.stm32cube.ide.mcu.externaltools.gnu-tools-for-stm32.13.3.rel1.win32_1.0.0.202411081344/tools/bin/../lib/gcc/arm-none-eabi/13.3.1/../../../../arm-none-eabi/lib/thumb/v8-m.main+dp/hard\libc_nano.a(libc_a-assert.o) (fiprintf)
C:/ST/STM32CubeIDE_1.19.0/STM32CubeIDE/plugins/com.st.stm32cube.ide.mcu.externaltools.gnu-tools-for-stm32.13.3.rel1.win32_1.0.0.202411081344/tools/bin/../lib/gcc/arm-none-eabi/13.3.1/../../../../arm-none-eabi/lib/thumb/v8-m.main+dp/hard\libc_nano.a(libc_a-fwalk.o)
                              C:/ST/STM32CubeIDE_1.19.0/STM32CubeIDE/plugins/com.st.stm32cube.ide.mcu.externaltools.gnu-tools-for-stm32.13.3.rel1.win32_1.0.0.202411081344/tools/bin/../lib/gcc/arm-none-eabi/13.3.1/../../../../arm-none-eabi/lib/thumb/v8-m.main+dp/hard\libc_nano.a(libc_a-findfp.o) (_fwalk_sglue)
[...]
Memory Configuration

Name             Origin             Length             Attributes
ROM              0x34000400         0x0007fc00         xrw
RAM              0x34080000         0x00180000         xrw
*default*        0x00000000         0xffffffff

Linker script and memory map

LOAD C:/ST/STM32CubeIDE_1.19.0/STM32CubeIDE/plugins/com.st.stm32cube.ide.mcu.externaltools.gnu-tools-for-stm32.13.3.rel1.win32_1.0.0.202411081344/tools/bin/../lib/gcc/arm-none-eabi/13.3.1/thumb/v8-m.main+dp/hard/crti.o
LOAD C:/ST/STM32CubeIDE_1.19.0/STM32CubeIDE/plugins/com.st.stm32cube.ide.mcu.externaltools.gnu-tools-for-stm32.13.3.rel1.win32_1.0.0.202411081344/tools/bin/../lib/gcc/arm-none-eabi/13.3.1/thumb/v8-m.main+dp/hard/crtbegin.o
LOAD C:/ST/STM32CubeIDE_1.19.0/STM32CubeIDE/plugins/com.st.stm32cube.ide.mcu.externaltools.gnu-tools-for-stm32.13.3.rel1.win32_1.0.0.202411081344/tools/bin/../lib/gcc/arm-none-eabi/13.3.1/../../../../arm-none-eabi/lib/thumb/v8-m.main+dp/hard/crt0.o
LOAD ./Core/Src/ads131m0x.o
LOAD ./Core/Src/diskio.o
LOAD ./Core/Src/ff.o
LOAD ./Core/Src/fft.o
LOAD ./Core/Src/main.o
LOAD ./Core/Src/radar.o
LOAD ./Core/Src/radar_features.o
LOAD ./Core/Src/sd_card.o
LOAD ./Core/Src/secure_nsc.o
LOAD ./Core/Src/stm32n6xx_hal_msp.o
LOAD ./Core/Src/stm32n6xx_it.o
LOAD ./Core/Src/syscalls.o
LOAD ./Core/Src/sysmem.o
LOAD ./Core/Src/system_stm32n6xx_s.o
LOAD ./Core/Src/wav_logger.o
LOAD ./Core/Startup/startup_stm32n657x0hxq.o
LOAD ./Drivers/STM32N6xx_HAL_Driver/stm32n6xx_hal.o
LOAD ./Drivers/STM32N6xx_HAL_Driver/stm32n6xx_hal_cortex.o
LOAD ./Drivers/STM32N6xx_HAL_Driver/stm32n6xx_hal_dma.o
LOAD ./Drivers/STM32N6xx_HAL_Driver/stm32n6xx_hal_dma_ex.o
LOAD ./Drivers/STM32N6xx_HAL_Driver/stm32n6xx_hal_exti.o
LOAD ./Drivers/STM32N6xx_HAL_Driver/stm32n6xx_hal_gpio.o
LOAD ./Drivers/STM32N6xx_HAL_Driver/stm32n6xx_hal_mmc.o
LOAD ./Drivers/STM32N6xx_HAL_Driver/stm32n6xx_hal_mmc_ex.o
LOAD ./Drivers/STM32N6xx_HAL_Driver/stm32n6xx_hal_pwr.o
LOAD ./Drivers/STM32N6xx_HAL_Driver/stm32n6xx_hal_pwr_ex.o
LOAD ./Drivers/STM32N6xx_HAL_Driver/stm32n6xx_hal_rcc.o
LOAD ./Drivers/STM32N6xx_HAL_Driver/stm32n6xx_hal_rcc_ex.o
LOAD ./Drivers/STM32N6xx_HAL_Driver/stm32n6xx_hal_sd.o
LOAD ./Drivers/STM32N6xx_HAL_Driver/stm32n6xx_hal_sd_ex.o
LOAD ./Drivers/STM32N6xx_HAL_Driver/stm32n6xx_hal_sdio.o
LOAD ./Drivers/STM32N6xx_HAL_Driver/stm32n6xx_hal_spi.o
LOAD ./Drivers/STM32N6xx_HAL_Driver/stm32n6xx_hal_spi_ex.o
LOAD ./Drivers/STM32N6xx_HAL_Driver/stm32n6xx_hal_uart.o
LOAD ./Drivers/STM32N6xx_HAL_Driver/stm32n6xx_hal_uart_ex.o
LOAD ./Drivers/STM32N6xx_HAL_Driver/stm32n6xx_ll_sdmmc.o
LOAD D:\radar-ai-detector\radar_prj\AppliSecure\Lib\libarm_cortexM7lfdp_math.a
START GROUP
LOAD C:/ST/STM32CubeIDE_1.19.0/STM32CubeIDE/plugins/com.st.stm32cube.ide.mcu.externaltools.gnu-tools-for-stm32.13.3.rel1.win32_1.0.0.202411081344/tools/bin/../lib/gcc/arm-none-eabi/13.3.1/../../../../arm-none-eabi/lib/thumb/v8-m.main+dp/hard\libc_nano.a
LOAD C:/ST/STM32CubeIDE_1.19.0/STM32CubeIDE/plugins/com.st.stm32cube.ide.mcu.externaltools.gnu-tools-for-stm32.13.3.rel1.win32_1.0.0.202411081344/tools/bin/../lib/gcc/arm-none-eabi/13.3.1/../../../../arm-none-eabi/lib/thumb/v8-m.main+dp/hard\libm.a
END GROUP
START GROUP
LOAD C:/ST/STM32CubeIDE_1.19.0/STM32CubeIDE/plugins/com.st.stm32cube.ide.mcu.externaltools.gnu-tools-for-stm32.13.3.rel1.win32_1.0.0.202411081344/tools/bin/../lib/gcc/arm-none-eabi/13.3.1/thumb/v8-m.main+dp/hard\libgcc.a
LOAD C:/ST/STM32CubeIDE_1.19.0/STM32CubeIDE/plugins/com.st.stm32cube.ide.mcu.externaltools.gnu-tools-for-stm32.13.3.rel1.win32_1.0.0.202411081344/tools/bin/../lib/gcc/arm-none-eabi/13.3.1/../../../../arm-none-eabi/lib/thumb/v8-m.main+dp/hard\libc_nano.a
END GROUP
START GROUP
LOAD C:/ST/STM32CubeIDE_1.19.0/STM32CubeIDE/plugins/com.st.stm32cube.ide.mcu.externaltools.gnu-tools-for-stm32.13.3.rel1.win32_1.0.0.202411081344/tools/bin/../lib/gcc/arm-none-eabi/13.3.1/thumb/v8-m.main+dp/hard\libgcc.a
LOAD C:/ST/STM32CubeIDE_1.19.0/STM32CubeIDE/plugins/com.st.stm32cube.ide.mcu.externaltools.gnu-tools-for-stm32.13.3.rel1.win32_1.0.0.202411081344/tools/bin/../lib/gcc/arm-none-eabi/13.3.1/../../../../arm-none-eabi/lib/thumb/v8-m.main+dp/hard\libc_nano.a
LOAD C:/ST/STM32CubeIDE_1.19.0/STM32CubeIDE/plugins/com.st.stm32cube.ide.mcu.externaltools.gnu-tools-for-stm32.13.3.rel1.win32_1.0.0.202411081344/tools/bin/../lib/gcc/arm-none-eabi/13.3.1/../../../../arm-none-eabi/lib/thumb/v8-m.main+dp/hard\libnosys.a
END GROUP
START GROUP
LOAD C:/ST/STM32CubeIDE_1.19.0/STM32CubeIDE/plugins/com.st.stm32cube.ide.mcu.externaltools.gnu-tools-for-stm32.13.3.rel1.win32_1.0.0.202411081344/tools/bin/../lib/gcc/arm-none-eabi/13.3.1/thumb/v8-m.main+dp/hard\libgcc.a
LOAD C:/ST/STM32CubeIDE_1.19.0/STM32CubeIDE/plugins/com.st.stm32cube.ide.mcu.externaltools.gnu-tools-for-stm32.13.3.rel1.win32_1.0.0.202411081344/tools/bin/../lib/gcc/arm-none-eabi/13.3.1/../../../../arm-none-eabi/lib/thumb/v8-m.main+dp/hard\libc_nano.a
LOAD C:/ST/STM32CubeIDE_1.19.0/STM32CubeIDE/plugins/com.st.stm32cube.ide.mcu.externaltools.gnu-tools-for-stm32.13.3.rel1.win32_1.0.0.202411081344/tools/bin/../lib/gcc/arm-none-eabi/13.3.1/../../../../arm-none-eabi/lib/thumb/v8-m.main+dp/hard\libnosys.a
END GROUP
LOAD C:/ST/STM32CubeIDE_1.19.0/STM32CubeIDE/plugins/com.st.stm32cube.ide.mcu.externaltools.gnu-tools-for-stm32.13.3.rel1.win32_1.0.0.202411081344/tools/bin/../lib/gcc/arm-none-eabi/13.3.1/thumb/v8-m.main+dp/hard/crtend.o
LOAD C:/ST/STM32CubeIDE_1.19.0/STM32CubeIDE/plugins/com.st.stm32cube.ide.mcu.externaltools.gnu-tools-for-stm32.13.3.rel1.win32_1.0.0.202411081344/tools/bin/../lib/gcc/arm-none-eabi/13.3.1/thumb/v8-m.main+dp/hard/crtn.o
                0x34200000                        _estack = (ORIGIN (RAM) + LENGTH (RAM))
                0x341ff800                        _sstack = (_estack - _Min_Stack_Size)
                0x00000200                        _Min_Heap_Size = 0x200
                0x00000800                        _Min_Stack_Size = 0x800

.isr_vector     0x34000400      0x34c
                0x34000400                        . = ALIGN (0x4)
 *(.isr_vector)
 .isr_vector    0x34000400      0x34c ./Core/Startup/startup_stm32n657x0hxq.o
                0x34000400                g_pfnVectors
                0x3400074c                        . = ALIGN (0x4)

.text           0x34000750    0x11bf8
                0x34000750                        . = ALIGN (0x4)
 *(.text)
 .text          0x34000750       0x40 C:/ST/STM32CubeIDE_1.19.0/STM32CubeIDE/plugins/com.st.stm32cube.ide.mcu.externaltools.gnu-tools-for-stm32.13.3.rel1.win32_1.0.0.202411081344/tools/bin/../lib/gcc/arm-none-eabi/13.3.1/thumb/v8-m.main+dp/hard/crtbegin.o
 .text          0x34000790       0x10 C:/ST/STM32CubeIDE_1.19.0/STM32CubeIDE/plugins/com.st.stm32cube.ide.mcu.externaltools.gnu-tools-for-stm32.13.3.rel1.win32_1.0.0.202411081344/tools/bin/../lib/gcc/arm-none-eabi/13.3.1/../../../../arm-none-eabi/lib/thumb/v8-m.main+dp/hard\libc_nano.a(libc_a-strlen.o)
                0x34000790                strlen
 .text          0x340007a0       0x30 C:/ST/STM32CubeIDE_1.19.0/STM32CubeIDE/plugins/com.st.stm32cube.ide.mcu.externaltools.gnu-tools-for-stm32.13.3.rel1.win32_1.0.0.202411081344/tools/bin/../lib/gcc/arm-none-eabi/13.3.1/thumb/v8-m.main+dp/hard\libgcc.a(_aeabi_uldivmod.o)
                0x340007a0                __aeabi_uldivmod
 .text          0x340007d0      0x348 C:/ST/STM32CubeIDE_1.19.0/STM32CubeIDE/plugins/com.st.stm32cube.ide.mcu.externaltools.gnu-tools-for-stm32.13.3.rel1.win32_1.0.0.202411081344/tools/bin/../lib/gcc/arm-none-eabi/13.3.1/thumb/v8-m.main+dp/hard\libgcc.a(_udivmoddi4.o)
                0x340007d0                __udivmoddi4
 .text          0x34000b18        0x4 C:/ST/STM32CubeIDE_1.19.0/STM32CubeIDE/plugins/com.st.stm32cube.ide.mcu.externaltools.gnu-tools-for-stm32.13.3.rel1.win32_1.0.0.202411081344/tools/bin/../lib/gcc/arm-none-eabi/13.3.1/thumb/v8-m.main+dp/hard\libgcc.a(_dvmd_tls.o)
                0x34000b18                __aeabi_idiv0
                0x34000b18                __aeabi_ldiv0
 *(.text*)
 .text.HAL_SPI_AdcCallback
                0x34000b1c       0x18 ./Core/Src/ads131m0x.o
                0x34000b1c                HAL_SPI_AdcCallback
 .text.HAL_SPI_TX_AdcCallback
                0x34000b34       0x18 ./Core/Src/ads131m0x.o
                0x34000b34                HAL_SPI_TX_AdcCallback
 .text.HAL_DRDY_AdcCallback
                0x34000b4c       0x18 ./Core/Src/ads131m0x.o
                0x34000b4c                HAL_DRDY_AdcCallback
 .text.getRegisterValue
                0x34000b64       0x3c ./Core/Src/ads131m0x.o
                0x34000b64                getRegisterValue
 .text.setCS    0x34000ba0       0x24 ./Core/Src/ads131m0x.o
                0x34000ba0                setCS
 .text.sendCommandDMA
                0x34000bc4       0xa4 ./Core/Src/ads131m0x.o
                0x34000bc4                sendCommandDMA
 .text.adcStartup
                0x34000c68      0x128 ./Core/Src/ads131m0x.o
                0x34000c68                adcStartup
 .text.writeSingleRegister
                0x34000d90      0x210 ./Core/Src/ads131m0x.o
                0x34000d90                writeSingleRegister
 .text.SETGAIN  0x34000fa0       0x4c ./Core/Src/ads131m0x.o
                0x34000fa0                SETGAIN
 .text.SETCLOCK
                0x34000fec       0x4e ./Core/Src/ads131m0x.o
                0x34000fec                SETCLOCK
 .text.SETDCBLOCK
                0x3400103a       0x3c ./Core/Src/ads131m0x.o
                0x3400103a                SETDCBLOCK
 .text.CH0OFFSET
                0x34001076       0x5e ./Core/Src/ads131m0x.o
                0x34001076                CH0OFFSET
 .text.CH1OFFSET
                0x340010d4       0x5e ./Core/Src/ads131m0x.o
                0x340010d4                CH1OFFSET
 *fill*         0x34001132        0x2 
 .text.AutoOffsetCH0CH1
                0x34001134      0x198 ./Core/Src/ads131m0x.o
                0x34001134                AutoOffsetCH0CH1
 .text.crc8     0x340012cc       0x44 ./Core/Src/ads131m0x.o
                0x340012cc                crc8
 .text.CommandHandler
                0x34001310       0x90 ./Core/Src/ads131m0x.o
                0x34001310                CommandHandler
 .text.readData_DMA
                0x340013a0       0x34 ./Core/Src/ads131m0x.o
                0x340013a0                readData_DMA
 .text.sendCommand
                0x340013d4      0x1a0 ./Core/Src/ads131m0x.o
                0x340013d4                sendCommand
 .text.restoreRegisterDefaults
                0x34001574       0xd8 ./Core/Src/ads131m0x.o
                0x34001574                restoreRegisterDefaults
 .text.upperByte
                0x3400164c       0x20 ./Core/Src/ads131m0x.o
                0x3400164c                upperByte
 .text.lowerByte
                0x3400166c       0x1c ./Core/Src/ads131m0x.o
                0x3400166c                lowerByte
 .text.combineBytes
                0x34001688       0x30 ./Core/Src/ads131m0x.o
                0x34001688                combineBytes
 .text.buildSPIarray
                0x340016b8       0x9c ./Core/Src/ads131m0x.o
                0x340016b8                buildSPIarray
 .text.enforce_selected_device_modes
                0x34001754       0x42 ./Core/Src/ads131m0x.o
                0x34001754                enforce_selected_device_modes
 *fill*         0x34001796        0x2 
 .text.FFT_PushSample
                0x34001798       0x8c ./Core/Src/fft.o
                0x34001798                FFT_PushSample
 .text.FFT_TxCompleteCallback
                0x34001824       0x18 ./Core/Src/fft.o
                0x34001824                FFT_TxCompleteCallback
 .text.LL_AHB1_GRP1_EnableClock
                0x3400183c       0x2c ./Core/Src/main.o
 .text.LL_AHB3_GRP1_EnableClock
                0x34001868       0x2c ./Core/Src/main.o
 .text.LL_AHB4_GRP1_EnableClock
                0x34001894       0x2c ./Core/Src/main.o
 .text.main     0x340018c0      0x1b4 ./Core/Src/main.o
                0x340018c0                main
 .text.HAL_SPI_TxCpltCallback
                0x34001a74       0x24 ./Core/Src/main.o
                0x34001a74                HAL_SPI_TxCpltCallback
 .text.HAL_UART_TxCpltCallback
                0x34001a98       0x24 ./Core/Src/main.o
                0x34001a98                HAL_UART_TxCpltCallback
 .text.MX_GPDMA1_Init
                0x34001abc       0x4e ./Core/Src/main.o
 *fill*         0x34001b0a        0x2 
 .text.MX_SPI5_Init
                0x34001b0c       0xac ./Core/Src/main.o
 .text.MX_USART1_UART_Init
                0x34001bb8       0x9c ./Core/Src/main.o
 .text.MX_GPIO_Init
                0x34001c54       0xdc ./Core/Src/main.o
 .text.SystemIsolation_Config
                0x34001d30       0x68 ./Core/Src/main.o
 .text.Error_Handler
                0x34001d98        0xc ./Core/Src/main.o
                0x34001d98                Error_Handler
 .text.ADS_Init
                0x34001da4       0x50 ./Core/Src/radar.o
                0x34001da4                ADS_Init
 .text.DrdyPulseCallback
                0x34001df4       0x18 ./Core/Src/radar.o
                0x34001df4                DrdyPulseCallback
 .text.DrdyExti
                0x34001e0c       0x28 ./Core/Src/radar.o
                0x34001e0c                DrdyExti
 .text.UartStartReceive
                0x34001e34       0x1c ./Core/Src/radar.o
                0x34001e34                UartStartReceive
 .text.UartRxcallback
                0x34001e50       0x38 ./Core/Src/radar.o
                0x34001e50                UartRxcallback
 .text.SECURE_RegisterCallback
                0x34001e88       0x54 ./Core/Src/secure_nsc.o
                0x34001e88                __acle_se_SECURE_RegisterCallback
 .text.LL_AHB4_GRP1_EnableClock
                0x34001edc       0x2c ./Core/Src/stm32n6xx_hal_msp.o
 .text.LL_APB2_GRP1_EnableClock
                0x34001f08       0x2c ./Core/Src/stm32n6xx_hal_msp.o
 .text.HAL_MspInit
                0x34001f34       0x18 ./Core/Src/stm32n6xx_hal_msp.o
                0x34001f34                HAL_MspInit
 .text.HAL_SPI_MspInit
                0x34001f4c      0x268 ./Core/Src/stm32n6xx_hal_msp.o
                0x34001f4c                HAL_SPI_MspInit
 .text.HAL_UART_MspInit
                0x340021b4      0x1f4 ./Core/Src/stm32n6xx_hal_msp.o
                0x340021b4                HAL_UART_MspInit
 .text.adc_to_float
                0x340023a8       0x58 ./Core/Src/stm32n6xx_it.o
 .text.NMI_Handler
                0x34002400        0x8 ./Core/Src/stm32n6xx_it.o
                0x34002400                NMI_Handler
 .text.HardFault_Handler
                0x34002408        0x8 ./Core/Src/stm32n6xx_it.o
                0x34002408                HardFault_Handler
 .text.MemManage_Handler
                0x34002410        0x8 ./Core/Src/stm32n6xx_it.o
                0x34002410                MemManage_Handler
 .text.BusFault_Handler
                0x34002418        0x8 ./Core/Src/stm32n6xx_it.o
                0x34002418                BusFault_Handler
 .text.UsageFault_Handler
                0x34002420        0x8 ./Core/Src/stm32n6xx_it.o
                0x34002420                UsageFault_Handler
 .text.SecureFault_Handler
                0x34002428        0x8 ./Core/Src/stm32n6xx_it.o
                0x34002428                SecureFault_Handler
 .text.SVC_Handler
                0x34002430        0xe ./Core/Src/stm32n6xx_it.o
                0x34002430                SVC_Handler
 .text.DebugMon_Handler
                0x3400243e        0xe ./Core/Src/stm32n6xx_it.o
                0x3400243e                DebugMon_Handler
 .text.PendSV_Handler
                0x3400244c        0xe ./Core/Src/stm32n6xx_it.o
                0x3400244c                PendSV_Handler
 .text.SysTick_Handler
                0x3400245a        0xc ./Core/Src/stm32n6xx_it.o
                0x3400245a                SysTick_Handler
 *fill*         0x34002466        0x2 
 .text.EXTI11_IRQHandler
                0x34002468       0x34 ./Core/Src/stm32n6xx_it.o
                0x34002468                EXTI11_IRQHandler
 .text.GPDMA1_Channel0_IRQHandler
                0x3400249c       0x68 ./Core/Src/stm32n6xx_it.o
                0x3400249c                GPDMA1_Channel0_IRQHandler
 .text.GPDMA1_Channel1_IRQHandler
                0x34002504       0x18 ./Core/Src/stm32n6xx_it.o
                0x34002504                GPDMA1_Channel1_IRQHandler
 .text.GPDMA1_Channel2_IRQHandler
                0x3400251c       0x1c ./Core/Src/stm32n6xx_it.o
                0x3400251c                GPDMA1_Channel2_IRQHandler
 .text.GPDMA1_Channel3_IRQHandler
                0x34002538       0x14 ./Core/Src/stm32n6xx_it.o
                0x34002538                GPDMA1_Channel3_IRQHandler
 .text.SPI5_IRQHandler
                0x3400254c       0x14 ./Core/Src/stm32n6xx_it.o
                0x3400254c                SPI5_IRQHandler
 .text.USART1_IRQHandler
                0x34002560       0x14 ./Core/Src/stm32n6xx_it.o
                0x34002560                USART1_IRQHandler
 .text._getpid  0x34002574       0x10 ./Core/Src/syscalls.o
                0x34002574                _getpid
 .text._kill    0x34002584       0x20 ./Core/Src/syscalls.o
                0x34002584                _kill
 .text._exit    0x340025a4       0x16 ./Core/Src/syscalls.o
                0x340025a4                _exit
 .text._read    0x340025ba       0x3a ./Core/Src/syscalls.o
                0x340025ba                _read
 .text._write   0x340025f4       0x38 ./Core/Src/syscalls.o
                0x340025f4                _write
 .text._close   0x3400262c       0x18 ./Core/Src/syscalls.o
                0x3400262c                _close
 .text._fstat   0x34002644       0x20 ./Core/Src/syscalls.o
                0x34002644                _fstat
 .text._isatty  0x34002664       0x16 ./Core/Src/syscalls.o
                0x34002664                _isatty
 .text._lseek   0x3400267a       0x1a ./Core/Src/syscalls.o
                0x3400267a                _lseek
 .text._sbrk    0x34002694       0x6c ./Core/Src/sysmem.o
                0x34002694                _sbrk
 .text.TZ_SAU_Setup
                0x34002700       0x74 ./Core/Src/system_stm32n6xx_s.o
 .text.SystemInit
                0x34002774       0x70 ./Core/Src/system_stm32n6xx_s.o
                0x34002774                SystemInit
 .text.SystemCoreClockUpdate
                0x340027e4      0x350 ./Core/Src/system_stm32n6xx_s.o
                0x340027e4                SystemCoreClockUpdate
 .text.SECURE_SystemCoreClockUpdate
                0x34002b34       0x2c ./Core/Src/system_stm32n6xx_s.o
                0x34002b34                __acle_se_SECURE_SystemCoreClockUpdate
 .text.Reset_Handler
                0x34002b60       0x5c ./Core/Startup/startup_stm32n657x0hxq.o
                0x34002b60                Reset_Handler
 .text.Default_Handler
                0x34002bbc        0x2 ./Core/Startup/startup_stm32n657x0hxq.o
                0x34002bbc                HPDMA1_Channel13_IRQHandler
                0x34002bbc                EXTI2_IRQHandler
                0x34002bbc                MCE2_IRQHandler
                0x34002bbc                TIM8_CC_IRQHandler
                0x34002bbc                USB2_OTG_HS_IRQHandler
                0x34002bbc                SAI1_A_IRQHandler
                0x34002bbc                EXTI5_IRQHandler
                0x34002bbc                I3C1_ER_IRQHandler
                0x34002bbc                UART8_IRQHandler
                0x34002bbc                CTI_INT0_IRQHandler
                0x34002bbc                SPI4_IRQHandler
                0x34002bbc                LTDC_LO_IRQHandler
                0x34002bbc                NPU2_IRQHandler
                0x34002bbc                FDCAN3_IT0_IRQHandler
                0x34002bbc                EXTI13_IRQHandler
                0x34002bbc                TIM1_CC_IRQHandler
                0x34002bbc                XSPI1_IRQHandler
                0x34002bbc                TIM10_IRQHandler
                0x34002bbc                JPEG_IRQHandler
                0x34002bbc                TAMP_IRQHandler
                0x34002bbc                CACHE_ECC_IRQHandler
                0x34002bbc                TIM6_IRQHandler
                0x34002bbc                CSI_IRQHandler
                0x34002bbc                EXTI12_IRQHandler
                0x34002bbc                GFXTIM_IRQHandler
                0x34002bbc                EXTI3_IRQHandler
                0x34002bbc                LPTIM4_IRQHandler
                0x34002bbc                GPDMA1_Channel5_IRQHandler
                0x34002bbc                EXTI8_IRQHandler
                0x34002bbc                LPTIM2_IRQHandler
                0x34002bbc                GFXMMU_IRQHandler
                0x34002bbc                LTDC_LO_ERR_IRQHandler
                0x34002bbc                I2C3_ER_IRQHandler
                0x34002bbc                RIFSC_TAMPER_IRQHandler
                0x34002bbc                USART10_IRQHandler
                0x34002bbc                MDF1_FLT2_IRQHandler
                0x34002bbc                LPTIM3_IRQHandler
                0x34002bbc                SAI2_A_IRQHandler
                0x34002bbc                EXTI0_IRQHandler
                0x34002bbc                HPDMA1_Channel9_IRQHandler
                0x34002bbc                I2C2_EV_IRQHandler
                0x34002bbc                GPU2D_IRQHandler
                0x34002bbc                FPU_IRQHandler
                0x34002bbc                GPDMA1_Channel7_IRQHandler
                0x34002bbc                MDF1_FLT4_IRQHandler
                0x34002bbc                FDCAN1_IT1_IRQHandler
                0x34002bbc                HPDMA1_Channel3_IRQHandler
                0x34002bbc                ADC1_2_IRQHandler
                0x34002bbc                GPDMA1_Channel9_IRQHandler
                0x34002bbc                SPI1_IRQHandler
                0x34002bbc                CACHEAXI_IRQHandler
                0x34002bbc                SAI1_B_IRQHandler
                0x34002bbc                PAHB_ERR_IRQHandler
                0x34002bbc                TIM8_UP_IRQHandler
                0x34002bbc                RCC_S_IRQHandler
                0x34002bbc                MDF1_FLT1_IRQHandler
                0x34002bbc                LTDC_UP_IRQHandler
                0x34002bbc                LOCKUP_IRQHandler
                0x34002bbc                PKA_IRQHandler
                0x34002bbc                USART6_IRQHandler
                0x34002bbc                HPDMA1_Channel2_IRQHandler
                0x34002bbc                MDF1_FLT5_IRQHandler
                0x34002bbc                MCE4_IRQHandler
                0x34002bbc                I3C2_ER_IRQHandler
                0x34002bbc                EXTI15_IRQHandler
                0x34002bbc                TIM17_IRQHandler
                0x34002bbc                USART3_IRQHandler
                0x34002bbc                HPDMA1_Channel6_IRQHandler
                0x34002bbc                CRYP_IRQHandler
                0x34002bbc                RTC_IRQHandler
                0x34002bbc                XSPI2_IRQHandler
                0x34002bbc                EXTI9_IRQHandler
                0x34002bbc                IAC_IRQHandler
                0x34002bbc                HPDMA1_Channel0_IRQHandler
                0x34002bbc                LPTIM5_IRQHandler
                0x34002bbc                HPDMA1_Channel1_IRQHandler
                0x34002bbc                UART5_IRQHandler
                0x34002bbc                TIM4_IRQHandler
                0x34002bbc                NPU3_IRQHandler
                0x34002bbc                I3C2_EV_IRQHandler
                0x34002bbc                I2C1_EV_IRQHandler
                0x34002bbc                FDCAN_CU_IRQHandler
                0x34002bbc                GPDMA1_Channel12_IRQHandler
                0x34002bbc                HPDMA1_Channel7_IRQHandler
                0x34002bbc                TIM16_IRQHandler
                0x34002bbc                GPDMA1_Channel15_IRQHandler
                0x34002bbc                UART4_IRQHandler
                0x34002bbc                TCM_ECC_IRQHandler
                0x34002bbc                TIM3_IRQHandler
                0x34002bbc                RCC_IRQHandler
                0x34002bbc                UART9_IRQHandler
                0x34002bbc                NPU1_IRQHandler
                0x34002bbc                SAI2_B_IRQHandler
                0x34002bbc                Default_Handler
                0x34002bbc                GPDMA1_Channel8_IRQHandler
                0x34002bbc                HPDMA1_Channel8_IRQHandler
                0x34002bbc                TIM18_IRQHandler
                0x34002bbc                TIM14_IRQHandler
                0x34002bbc                TIM13_IRQHandler
                0x34002bbc                CTI_INT1_IRQHandler
                0x34002bbc                GPDMA1_Channel11_IRQHandler
                0x34002bbc                GPU2D_ER_IRQHandler
                0x34002bbc                TIM12_IRQHandler
                0x34002bbc                TIM7_IRQHandler
                0x34002bbc                FDCAN3_IT1_IRQHandler
                0x34002bbc                HPDMA1_Channel10_IRQHandler
                0x34002bbc                SDMMC1_IRQHandler
                0x34002bbc                SAES_IRQHandler
                0x34002bbc                TIM5_IRQHandler
                0x34002bbc                UCPD1_IRQHandler
                0x34002bbc                I3C1_EV_IRQHandler
                0x34002bbc                HPDMA1_Channel5_IRQHandler
                0x34002bbc                TIM15_IRQHandler
                0x34002bbc                I2C3_EV_IRQHandler
                0x34002bbc                HPDMA1_Channel4_IRQHandler
                0x34002bbc                HPDMA1_Channel15_IRQHandler
                0x34002bbc                TIM9_IRQHandler
                0x34002bbc                ETH1_IRQHandler
                0x34002bbc                USB1_OTG_HS_IRQHandler
                0x34002bbc                PVD_PVM_IRQHandler
                0x34002bbc                SPI2_IRQHandler
                0x34002bbc                TIM1_TRG_CCU_IRQHandler
                0x34002bbc                HPDMA1_Channel11_IRQHandler
                0x34002bbc                EXTI14_IRQHandler
                0x34002bbc                VENC_IRQHandler
                0x34002bbc                GPDMA1_Channel14_IRQHandler
                0x34002bbc                EXTI4_IRQHandler
                0x34002bbc                RTC_S_IRQHandler
                0x34002bbc                GPDMA1_Channel13_IRQHandler
                0x34002bbc                RNG_IRQHandler
                0x34002bbc                XSPI3_IRQHandler
                0x34002bbc                FDCAN2_IT1_IRQHandler
                0x34002bbc                TIM1_UP_IRQHandler
                0x34002bbc                NPU0_IRQHandler
                0x34002bbc                BCK_ECC_IRQHandler
                0x34002bbc                WWDG_IRQHandler
                0x34002bbc                SPI6_IRQHandler
                0x34002bbc                MDIOS_IRQHandler
                0x34002bbc                I2C4_EV_IRQHandler
                0x34002bbc                FDCAN2_IT0_IRQHandler
                0x34002bbc                IWDG_IRQHandler
                0x34002bbc                HPDMA1_Channel14_IRQHandler
                0x34002bbc                LPUART1_IRQHandler
                0x34002bbc                FDCAN1_IT0_IRQHandler
                0x34002bbc                MDF1_FLT0_IRQHandler
                0x34002bbc                TIM2_IRQHandler
                0x34002bbc                MCE3_IRQHandler
                0x34002bbc                GPDMA1_Channel4_IRQHandler
                0x34002bbc                EXTI7_IRQHandler
                0x34002bbc                DMA2D_IRQHandler
                0x34002bbc                TIM1_BRK_IRQHandler
                0x34002bbc                EXTI1_IRQHandler
                0x34002bbc                SDMMC2_IRQHandler
                0x34002bbc                TIM11_IRQHandler
                0x34002bbc                LTDC_UP_ERR_IRQHandler
                0x34002bbc                UART7_IRQHandler
                0x34002bbc                DTS_IRQHandler
                0x34002bbc                MDF1_FLT3_IRQHandler
                0x34002bbc                USART2_IRQHandler
                0x34002bbc                GPDMA1_Channel6_IRQHandler
                0x34002bbc                ADF1_FLT0_IRQHandler
                0x34002bbc                I2C2_ER_IRQHandler
                0x34002bbc                MCE1_IRQHandler
                0x34002bbc                SPDIFRX_IRQHandler
                0x34002bbc                TIM8_BRK_IRQHandler
                0x34002bbc                HPDMA1_Channel12_IRQHandler
                0x34002bbc                EXTI10_IRQHandler
                0x34002bbc                SPI3_IRQHandler
                0x34002bbc                WAKEUP_PIN_IRQHandler
                0x34002bbc                DCMIPP_IRQHandler
                0x34002bbc                I2C1_ER_IRQHandler
                0x34002bbc                FMC_IRQHandler
                0x34002bbc                EXTI6_IRQHandler
                0x34002bbc                LPTIM1_IRQHandler
                0x34002bbc                DCMI_PSSI_IRQHandler
                0x34002bbc                TIM8_TRG_CCU_IRQHandler
                0x34002bbc                I2C4_ER_IRQHandler
                0x34002bbc                GPDMA1_Channel10_IRQHandler
                0x34002bbc                ICACHE_IRQHandler
                0x34002bbc                HASH_IRQHandler
 .text.HAL_Init
                0x34002bbe       0x28 ./Drivers/STM32N6xx_HAL_Driver/stm32n6xx_hal.o
                0x34002bbe                HAL_Init
 *fill*         0x34002be6        0x2 
 .text.HAL_InitTick
                0x34002be8       0x6c ./Drivers/STM32N6xx_HAL_Driver/stm32n6xx_hal.o
                0x34002be8                HAL_InitTick
 .text.HAL_IncTick
                0x34002c54       0x28 ./Drivers/STM32N6xx_HAL_Driver/stm32n6xx_hal.o
                0x34002c54                HAL_IncTick
 .text.HAL_GetTick
                0x34002c7c       0x18 ./Drivers/STM32N6xx_HAL_Driver/stm32n6xx_hal.o
                0x34002c7c                HAL_GetTick
 .text.HAL_Delay
                0x34002c94       0x48 ./Drivers/STM32N6xx_HAL_Driver/stm32n6xx_hal.o
                0x34002c94                HAL_Delay
 .text.__NVIC_SetPriorityGrouping
                0x34002cdc       0x48 ./Drivers/STM32N6xx_HAL_Driver/stm32n6xx_hal_cortex.o
 .text.__NVIC_GetPriorityGrouping
                0x34002d24       0x1c ./Drivers/STM32N6xx_HAL_Driver/stm32n6xx_hal_cortex.o
 .text.__NVIC_EnableIRQ
                0x34002d40       0x3c ./Drivers/STM32N6xx_HAL_Driver/stm32n6xx_hal_cortex.o
 .text.__NVIC_SetPriority
                0x34002d7c       0x54 ./Drivers/STM32N6xx_HAL_Driver/stm32n6xx_hal_cortex.o
 .text.NVIC_EncodePriority
                0x34002dd0       0x66 ./Drivers/STM32N6xx_HAL_Driver/stm32n6xx_hal_cortex.o
 *fill*         0x34002e36        0x2 
 .text.SysTick_Config
                0x34002e38       0x44 ./Drivers/STM32N6xx_HAL_Driver/stm32n6xx_hal_cortex.o
 .text.HAL_NVIC_SetPriorityGrouping
                0x34002e7c       0x16 ./Drivers/STM32N6xx_HAL_Driver/stm32n6xx_hal_cortex.o
                0x34002e7c                HAL_NVIC_SetPriorityGrouping
 .text.HAL_NVIC_SetPriority
                0x34002e92       0x3a ./Drivers/STM32N6xx_HAL_Driver/stm32n6xx_hal_cortex.o
                0x34002e92                HAL_NVIC_SetPriority
 .text.HAL_NVIC_EnableIRQ
                0x34002ecc       0x1c ./Drivers/STM32N6xx_HAL_Driver/stm32n6xx_hal_cortex.o
                0x34002ecc                HAL_NVIC_EnableIRQ
 .text.HAL_SYSTICK_Config
                0x34002ee8       0x18 ./Drivers/STM32N6xx_HAL_Driver/stm32n6xx_hal_cortex.o
                0x34002ee8                HAL_SYSTICK_Config
 .text.HAL_DMA_Init
                0x34002f00      0x67c ./Drivers/STM32N6xx_HAL_Driver/stm32n6xx_hal_dma.o
                0x34002f00                HAL_DMA_Init
 .text.HAL_DMA_Start_IT
                0x3400357c       0xc0 ./Drivers/STM32N6xx_HAL_Driver/stm32n6xx_hal_dma.o
                0x3400357c                HAL_DMA_Start_IT
 .text.HAL_DMA_Abort
                0x3400363c       0xf8 ./Drivers/STM32N6xx_HAL_Driver/stm32n6xx_hal_dma.o
                0x3400363c                HAL_DMA_Abort
 .text.HAL_DMA_Abort_IT
                0x34003734       0x52 ./Drivers/STM32N6xx_HAL_Driver/stm32n6xx_hal_dma.o
                0x34003734                HAL_DMA_Abort_IT
 .text.HAL_DMA_IRQHandler
                0x34003786      0x2d2 ./Drivers/STM32N6xx_HAL_Driver/stm32n6xx_hal_dma.o
                0x34003786                HAL_DMA_IRQHandler
 .text.HAL_DMA_GetError
                0x34003a58       0x18 ./Drivers/STM32N6xx_HAL_Driver/stm32n6xx_hal_dma.o
                0x34003a58                HAL_DMA_GetError
 .text.HAL_DMA_ConfigChannelAttributes
                0x34003a70      0x114 ./Drivers/STM32N6xx_HAL_Driver/stm32n6xx_hal_dma.o
                0x34003a70                HAL_DMA_ConfigChannelAttributes
 .text.DMA_SetConfig
                0x34003b84       0x4a ./Drivers/STM32N6xx_HAL_Driver/stm32n6xx_hal_dma.o
 *fill*         0x34003bce        0x2 
 .text.DMA_Init
                0x34003bd0      0x948 ./Drivers/STM32N6xx_HAL_Driver/stm32n6xx_hal_dma.o
 .text.HAL_DMAEx_List_Start_IT
                0x34004518      0x128 ./Drivers/STM32N6xx_HAL_Driver/stm32n6xx_hal_dma_ex.o
                0x34004518                HAL_DMAEx_List_Start_IT
 .text.DMA_List_GetCLLRNodeInfo
                0x34004640       0x60 ./Drivers/STM32N6xx_HAL_Driver/stm32n6xx_hal_dma_ex.o
 .text.HAL_EXTI_ConfigLineAttributes
                0x340046a0       0xc4 ./Drivers/STM32N6xx_HAL_Driver/stm32n6xx_hal_exti.o
                0x340046a0                HAL_EXTI_ConfigLineAttributes
 .text.HAL_GPIO_Init
                0x34004764      0x364 ./Drivers/STM32N6xx_HAL_Driver/stm32n6xx_hal_gpio.o
                0x34004764                HAL_GPIO_Init
 .text.HAL_GPIO_WritePin
                0x34004ac8       0x30 ./Drivers/STM32N6xx_HAL_Driver/stm32n6xx_hal_gpio.o
                0x34004ac8                HAL_GPIO_WritePin
 .text.HAL_GPIO_EXTI_IRQHandler
                0x34004af8       0x4c ./Drivers/STM32N6xx_HAL_Driver/stm32n6xx_hal_gpio.o
                0x34004af8                HAL_GPIO_EXTI_IRQHandler
 .text.HAL_GPIO_EXTI_Rising_Callback
                0x34004b44       0x16 ./Drivers/STM32N6xx_HAL_Driver/stm32n6xx_hal_gpio.o
                0x34004b44                HAL_GPIO_EXTI_Rising_Callback
 .text.HAL_GPIO_EXTI_Falling_Callback
                0x34004b5a       0x16 ./Drivers/STM32N6xx_HAL_Driver/stm32n6xx_hal_gpio.o
                0x34004b5a                HAL_GPIO_EXTI_Falling_Callback
 .text.HAL_PWREx_EnableVddIO2
                0x34004b70       0x20 ./Drivers/STM32N6xx_HAL_Driver/stm32n6xx_hal_pwr_ex.o
                0x34004b70                HAL_PWREx_EnableVddIO2
 .text.HAL_PWREx_EnableVddIO3
                0x34004b90       0x20 ./Drivers/STM32N6xx_HAL_Driver/stm32n6xx_hal_pwr_ex.o
                0x34004b90                HAL_PWREx_EnableVddIO3
 .text.HAL_PWREx_EnableVddIO4
                0x34004bb0       0x20 ./Drivers/STM32N6xx_HAL_Driver/stm32n6xx_hal_pwr_ex.o
                0x34004bb0                HAL_PWREx_EnableVddIO4
 .text.HAL_PWREx_EnableVddIO5
                0x34004bd0       0x20 ./Drivers/STM32N6xx_HAL_Driver/stm32n6xx_hal_pwr_ex.o
                0x34004bd0                HAL_PWREx_EnableVddIO5
 .text.LL_RCC_HSI_GetDivider
                0x34004bf0       0x1c ./Drivers/STM32N6xx_HAL_Driver/stm32n6xx_hal_rcc.o
 .text.LL_RCC_GetSysClkSource
                0x34004c0c       0x1c ./Drivers/STM32N6xx_HAL_Driver/stm32n6xx_hal_rcc.o
 .text.LL_RCC_IC2_GetSource
                0x34004c28       0x1c ./Drivers/STM32N6xx_HAL_Driver/stm32n6xx_hal_rcc.o
 .text.LL_RCC_IC2_GetDivider
                0x34004c44       0x20 ./Drivers/STM32N6xx_HAL_Driver/stm32n6xx_hal_rcc.o
 .text.HAL_RCC_GetSysClockFreq
                0x34004c64       0x1e ./Drivers/STM32N6xx_HAL_Driver/stm32n6xx_hal_rcc.o
                0x34004c64                HAL_RCC_GetSysClockFreq
 *fill*         0x34004c82        0x2 
 .text.RCC_GetSysClockFreq
                0x34004c84      0x104 ./Drivers/STM32N6xx_HAL_Driver/stm32n6xx_hal_rcc.o
 .text.LL_RCC_HSE_SelectHSEAsDiv2Clock
                0x34004d88       0x20 ./Drivers/STM32N6xx_HAL_Driver/stm32n6xx_hal_rcc_ex.o
 .text.LL_RCC_HSE_SelectHSEDiv2AsDiv2Clock
                0x34004da8       0x20 ./Drivers/STM32N6xx_HAL_Driver/stm32n6xx_hal_rcc_ex.o
 .text.LL_RCC_HSE_IsSelectedHSEDiv2AsDiv2Clock
                0x34004dc8       0x24 ./Drivers/STM32N6xx_HAL_Driver/stm32n6xx_hal_rcc_ex.o
 .text.LL_RCC_HSE_IsReady
                0x34004dec       0x24 ./Drivers/STM32N6xx_HAL_Driver/stm32n6xx_hal_rcc_ex.o
 .text.LL_RCC_HSI_IsReady
                0x34004e10       0x24 ./Drivers/STM32N6xx_HAL_Driver/stm32n6xx_hal_rcc_ex.o
 .text.LL_RCC_HSI_GetDivider
                0x34004e34       0x1c ./Drivers/STM32N6xx_HAL_Driver/stm32n6xx_hal_rcc_ex.o
 .text.LL_RCC_MSI_IsReady
                0x34004e50       0x24 ./Drivers/STM32N6xx_HAL_Driver/stm32n6xx_hal_rcc_ex.o
 .text.LL_RCC_MSI_GetFrequency
                0x34004e74       0x1c ./Drivers/STM32N6xx_HAL_Driver/stm32n6xx_hal_rcc_ex.o
 .text.LL_RCC_LSE_IsReady
                0x34004e90       0x24 ./Drivers/STM32N6xx_HAL_Driver/stm32n6xx_hal_rcc_ex.o
 .text.LL_RCC_LSI_IsReady
                0x34004eb4       0x1c ./Drivers/STM32N6xx_HAL_Driver/stm32n6xx_hal_rcc_ex.o
 .text.LL_RCC_GetAHBPrescaler
                0x34004ed0       0x1c ./Drivers/STM32N6xx_HAL_Driver/stm32n6xx_hal_rcc_ex.o
 .text.LL_RCC_GetAPB1Prescaler
                0x34004eec       0x1c ./Drivers/STM32N6xx_HAL_Driver/stm32n6xx_hal_rcc_ex.o
 .text.LL_RCC_GetAPB2Prescaler
                0x34004f08       0x1c ./Drivers/STM32N6xx_HAL_Driver/stm32n6xx_hal_rcc_ex.o
 .text.LL_RCC_GetAPB4Prescaler
                0x34004f24       0x1c ./Drivers/STM32N6xx_HAL_Driver/stm32n6xx_hal_rcc_ex.o
 .text.LL_RCC_GetAPB5Prescaler
                0x34004f40       0x1c ./Drivers/STM32N6xx_HAL_Driver/stm32n6xx_hal_rcc_ex.o
 .text.LL_RCC_SetClockSource
                0x34004f5c       0x54 ./Drivers/STM32N6xx_HAL_Driver/stm32n6xx_hal_rcc_ex.o
 .text.LL_RCC_GetADCPrescaler
                0x34004fb0       0x1c ./Drivers/STM32N6xx_HAL_Driver/stm32n6xx_hal_rcc_ex.o
 .text.LL_RCC_SetADFClockSource
                0x34004fcc       0x2c ./Drivers/STM32N6xx_HAL_Driver/stm32n6xx_hal_rcc_ex.o
 .text.LL_RCC_SetCLKPClockSource
                0x34004ff8       0x2c ./Drivers/STM32N6xx_HAL_Driver/stm32n6xx_hal_rcc_ex.o
 .text.LL_RCC_SetDCMIPPClockSource
                0x34005024       0x2c ./Drivers/STM32N6xx_HAL_Driver/stm32n6xx_hal_rcc_ex.o
 .text.LL_RCC_SetETHClockSource
                0x34005050       0x2c ./Drivers/STM32N6xx_HAL_Driver/stm32n6xx_hal_rcc_ex.o
 .text.LL_RCC_SetETHPHYInterface
                0x3400507c       0x2c ./Drivers/STM32N6xx_HAL_Driver/stm32n6xx_hal_rcc_ex.o
 .text.LL_RCC_GetETH1PTPDivider
                0x340050a8       0x1c ./Drivers/STM32N6xx_HAL_Driver/stm32n6xx_hal_rcc_ex.o
 .text.LL_RCC_SetETHREFRXClockSource
                0x340050c4       0x2c ./Drivers/STM32N6xx_HAL_Driver/stm32n6xx_hal_rcc_ex.o
 .text.LL_RCC_SetETHREFTXClockSource
                0x340050f0       0x2c ./Drivers/STM32N6xx_HAL_Driver/stm32n6xx_hal_rcc_ex.o
 .text.LL_RCC_SetFDCANClockSource
                0x3400511c       0x2c ./Drivers/STM32N6xx_HAL_Driver/stm32n6xx_hal_rcc_ex.o
 .text.LL_RCC_SetFMCClockSource
                0x34005148       0x2c ./Drivers/STM32N6xx_HAL_Driver/stm32n6xx_hal_rcc_ex.o
 .text.LL_RCC_SetI2CClockSource
                0x34005174       0x16 ./Drivers/STM32N6xx_HAL_Driver/stm32n6xx_hal_rcc_ex.o
 .text.LL_RCC_SetI3CClockSource
                0x3400518a       0x16 ./Drivers/STM32N6xx_HAL_Driver/stm32n6xx_hal_rcc_ex.o
 .text.LL_RCC_SetLPTIMClockSource
                0x340051a0       0x16 ./Drivers/STM32N6xx_HAL_Driver/stm32n6xx_hal_rcc_ex.o
 *fill*         0x340051b6        0x2 
 .text.LL_RCC_SetLPUARTClockSource
                0x340051b8       0x2c ./Drivers/STM32N6xx_HAL_Driver/stm32n6xx_hal_rcc_ex.o
 .text.LL_RCC_SetLTDCClockSource
                0x340051e4       0x2c ./Drivers/STM32N6xx_HAL_Driver/stm32n6xx_hal_rcc_ex.o
 .text.LL_RCC_SetMDFClockSource
                0x34005210       0x2c ./Drivers/STM32N6xx_HAL_Driver/stm32n6xx_hal_rcc_ex.o
 .text.LL_RCC_SetOTGPHYClockSource
                0x3400523c       0x16 ./Drivers/STM32N6xx_HAL_Driver/stm32n6xx_hal_rcc_ex.o
 .text.LL_RCC_SetOTGPHYCKREFClockSource
                0x34005252       0x16 ./Drivers/STM32N6xx_HAL_Driver/stm32n6xx_hal_rcc_ex.o
 .text.LL_RCC_SetPSSIClockSource
                0x34005268       0x2c ./Drivers/STM32N6xx_HAL_Driver/stm32n6xx_hal_rcc_ex.o
 .text.LL_RCC_SetSAIClockSource
                0x34005294       0x16 ./Drivers/STM32N6xx_HAL_Driver/stm32n6xx_hal_rcc_ex.o
 .text.LL_RCC_SetSDMMCClockSource
                0x340052aa       0x16 ./Drivers/STM32N6xx_HAL_Driver/stm32n6xx_hal_rcc_ex.o
 .text.LL_RCC_SetSPDIFRXClockSource
                0x340052c0       0x2c ./Drivers/STM32N6xx_HAL_Driver/stm32n6xx_hal_rcc_ex.o
 .text.LL_RCC_SetSPIClockSource
                0x340052ec       0x16 ./Drivers/STM32N6xx_HAL_Driver/stm32n6xx_hal_rcc_ex.o
 .text.LL_RCC_SetUSARTClockSource
                0x34005302       0x16 ./Drivers/STM32N6xx_HAL_Driver/stm32n6xx_hal_rcc_ex.o
 .text.LL_RCC_SetXSPIClockSource
                0x34005318       0x16 ./Drivers/STM32N6xx_HAL_Driver/stm32n6xx_hal_rcc_ex.o
 *fill*         0x3400532e        0x2 
 .text.LL_RCC_GetClockSource
                0x34005330       0x4c ./Drivers/STM32N6xx_HAL_Driver/stm32n6xx_hal_rcc_ex.o
 .text.LL_RCC_GetADCClockSource
                0x3400537c       0x24 ./Drivers/STM32N6xx_HAL_Driver/stm32n6xx_hal_rcc_ex.o
 .text.LL_RCC_GetADFClockSource
                0x340053a0       0x24 ./Drivers/STM32N6xx_HAL_Driver/stm32n6xx_hal_rcc_ex.o
 .text.LL_RCC_GetCLKPClockSource
                0x340053c4       0x24 ./Drivers/STM32N6xx_HAL_Driver/stm32n6xx_hal_rcc_ex.o
 .text.LL_RCC_GetDCMIPPClockSource
                0x340053e8       0x24 ./Drivers/STM32N6xx_HAL_Driver/stm32n6xx_hal_rcc_ex.o
 .text.LL_RCC_GetETHClockSource
                0x3400540c       0x24 ./Drivers/STM32N6xx_HAL_Driver/stm32n6xx_hal_rcc_ex.o
 .text.LL_RCC_GetETHPTPClockSource
                0x34005430       0x24 ./Drivers/STM32N6xx_HAL_Driver/stm32n6xx_hal_rcc_ex.o
 .text.LL_RCC_GetFDCANClockSource
                0x34005454       0x24 ./Drivers/STM32N6xx_HAL_Driver/stm32n6xx_hal_rcc_ex.o
 .text.LL_RCC_GetFMCClockSource
                0x34005478       0x24 ./Drivers/STM32N6xx_HAL_Driver/stm32n6xx_hal_rcc_ex.o
 .text.LL_RCC_GetI2CClockSource
                0x3400549c       0x18 ./Drivers/STM32N6xx_HAL_Driver/stm32n6xx_hal_rcc_ex.o
 .text.LL_RCC_GetI3CClockSource
                0x340054b4       0x18 ./Drivers/STM32N6xx_HAL_Driver/stm32n6xx_hal_rcc_ex.o
 .text.LL_RCC_GetLPTIMClockSource
                0x340054cc       0x18 ./Drivers/STM32N6xx_HAL_Driver/stm32n6xx_hal_rcc_ex.o
 .text.LL_RCC_GetLPUARTClockSource
                0x340054e4       0x24 ./Drivers/STM32N6xx_HAL_Driver/stm32n6xx_hal_rcc_ex.o
 .text.LL_RCC_GetLTDCClockSource
                0x34005508       0x24 ./Drivers/STM32N6xx_HAL_Driver/stm32n6xx_hal_rcc_ex.o
 .text.LL_RCC_GetMDFClockSource
                0x3400552c       0x24 ./Drivers/STM32N6xx_HAL_Driver/stm32n6xx_hal_rcc_ex.o
 .text.LL_RCC_GetPSSIClockSource
                0x34005550       0x24 ./Drivers/STM32N6xx_HAL_Driver/stm32n6xx_hal_rcc_ex.o
 .text.LL_RCC_GetSAIClockSource
                0x34005574       0x18 ./Drivers/STM32N6xx_HAL_Driver/stm32n6xx_hal_rcc_ex.o
 .text.LL_RCC_GetSDMMCClockSource
                0x3400558c       0x18 ./Drivers/STM32N6xx_HAL_Driver/stm32n6xx_hal_rcc_ex.o
 .text.LL_RCC_GetSPDIFRXClockSource
                0x340055a4       0x24 ./Drivers/STM32N6xx_HAL_Driver/stm32n6xx_hal_rcc_ex.o
 .text.LL_RCC_GetSPIClockSource
                0x340055c8       0x18 ./Drivers/STM32N6xx_HAL_Driver/stm32n6xx_hal_rcc_ex.o
 .text.LL_RCC_GetUSARTClockSource
                0x340055e0       0x18 ./Drivers/STM32N6xx_HAL_Driver/stm32n6xx_hal_rcc_ex.o
 .text.LL_RCC_GetUARTClockSource
                0x340055f8       0x18 ./Drivers/STM32N6xx_HAL_Driver/stm32n6xx_hal_rcc_ex.o
 .text.LL_RCC_GetUSBClockSource
                0x34005610       0x18 ./Drivers/STM32N6xx_HAL_Driver/stm32n6xx_hal_rcc_ex.o
 .text.LL_RCC_GetXSPIClockSource
                0x34005628       0x18 ./Drivers/STM32N6xx_HAL_Driver/stm32n6xx_hal_rcc_ex.o
 .text.LL_RCC_SetRTCClockSource
                0x34005640       0x2c ./Drivers/STM32N6xx_HAL_Driver/stm32n6xx_hal_rcc_ex.o
 .text.LL_RCC_GetRTCClockSource
                0x3400566c       0x1c ./Drivers/STM32N6xx_HAL_Driver/stm32n6xx_hal_rcc_ex.o
 .text.LL_RCC_SetRTC_HSEPrescaler
                0x34005688       0x2c ./Drivers/STM32N6xx_HAL_Driver/stm32n6xx_hal_rcc_ex.o
 .text.LL_RCC_SetTIMPrescaler
                0x340056b4       0x2c ./Drivers/STM32N6xx_HAL_Driver/stm32n6xx_hal_rcc_ex.o
 .text.LL_RCC_GetTIMPrescaler
                0x340056e0       0x1c ./Drivers/STM32N6xx_HAL_Driver/stm32n6xx_hal_rcc_ex.o
 .text.LL_RCC_PLL1_GetSource
                0x340056fc       0x1c ./Drivers/STM32N6xx_HAL_Driver/stm32n6xx_hal_rcc_ex.o
 .text.LL_RCC_PLL1_IsReady
                0x34005718       0x28 ./Drivers/STM32N6xx_HAL_Driver/stm32n6xx_hal_rcc_ex.o
 .text.LL_RCC_PLL1_IsEnabledBypass
                0x34005740       0x28 ./Drivers/STM32N6xx_HAL_Driver/stm32n6xx_hal_rcc_ex.o
 .text.LL_RCC_PLL1_GetN
                0x34005768       0x20 ./Drivers/STM32N6xx_HAL_Driver/stm32n6xx_hal_rcc_ex.o
 .text.LL_RCC_PLL1_GetM
                0x34005788       0x20 ./Drivers/STM32N6xx_HAL_Driver/stm32n6xx_hal_rcc_ex.o
 .text.LL_RCC_PLL1_GetP1
                0x340057a8       0x20 ./Drivers/STM32N6xx_HAL_Driver/stm32n6xx_hal_rcc_ex.o
 .text.LL_RCC_PLL1_GetP2
                0x340057c8       0x20 ./Drivers/STM32N6xx_HAL_Driver/stm32n6xx_hal_rcc_ex.o
 .text.LL_RCC_PLL1P_IsEnabled
                0x340057e8       0x28 ./Drivers/STM32N6xx_HAL_Driver/stm32n6xx_hal_rcc_ex.o
 .text.LL_RCC_PLL1_GetFRACN
                0x34005810       0x1c ./Drivers/STM32N6xx_HAL_Driver/stm32n6xx_hal_rcc_ex.o
 .text.LL_RCC_PLL2_GetSource
                0x3400582c       0x1c ./Drivers/STM32N6xx_HAL_Driver/stm32n6xx_hal_rcc_ex.o
 .text.LL_RCC_PLL2_IsReady
                0x34005848       0x28 ./Drivers/STM32N6xx_HAL_Driver/stm32n6xx_hal_rcc_ex.o
 .text.LL_RCC_PLL2_IsEnabledBypass
                0x34005870       0x28 ./Drivers/STM32N6xx_HAL_Driver/stm32n6xx_hal_rcc_ex.o
 .text.LL_RCC_PLL2_GetN
                0x34005898       0x20 ./Drivers/STM32N6xx_HAL_Driver/stm32n6xx_hal_rcc_ex.o
 .text.LL_RCC_PLL2_GetM
                0x340058b8       0x20 ./Drivers/STM32N6xx_HAL_Driver/stm32n6xx_hal_rcc_ex.o
 .text.LL_RCC_PLL2_GetP1
                0x340058d8       0x20 ./Drivers/STM32N6xx_HAL_Driver/stm32n6xx_hal_rcc_ex.o
 .text.LL_RCC_PLL2_GetP2
                0x340058f8       0x20 ./Drivers/STM32N6xx_HAL_Driver/stm32n6xx_hal_rcc_ex.o
 .text.LL_RCC_PLL2P_IsEnabled
                0x34005918       0x28 ./Drivers/STM32N6xx_HAL_Driver/stm32n6xx_hal_rcc_ex.o
 .text.LL_RCC_PLL2_GetFRACN
                0x34005940       0x1c ./Drivers/STM32N6xx_HAL_Driver/stm32n6xx_hal_rcc_ex.o
 .text.LL_RCC_PLL3_GetSource
                0x3400595c       0x1c ./Drivers/STM32N6xx_HAL_Driver/stm32n6xx_hal_rcc_ex.o
 .text.LL_RCC_PLL3_IsReady
                0x34005978       0x28 ./Drivers/STM32N6xx_HAL_Driver/stm32n6xx_hal_rcc_ex.o
 .text.LL_RCC_PLL3_IsEnabledBypass
                0x340059a0       0x28 ./Drivers/STM32N6xx_HAL_Driver/stm32n6xx_hal_rcc_ex.o
 .text.LL_RCC_PLL3_GetN
                0x340059c8       0x20 ./Drivers/STM32N6xx_HAL_Driver/stm32n6xx_hal_rcc_ex.o
 .text.LL_RCC_PLL3_GetM
                0x340059e8       0x20 ./Drivers/STM32N6xx_HAL_Driver/stm32n6xx_hal_rcc_ex.o
 .text.LL_RCC_PLL3_GetP1
                0x34005a08       0x20 ./Drivers/STM32N6xx_HAL_Driver/stm32n6xx_hal_rcc_ex.o
 .text.LL_RCC_PLL3_GetP2
                0x34005a28       0x20 ./Drivers/STM32N6xx_HAL_Driver/stm32n6xx_hal_rcc_ex.o
 .text.LL_RCC_PLL3P_IsEnabled
                0x34005a48       0x28 ./Drivers/STM32N6xx_HAL_Driver/stm32n6xx_hal_rcc_ex.o
 .text.LL_RCC_PLL3_GetFRACN
                0x34005a70       0x1c ./Drivers/STM32N6xx_HAL_Driver/stm32n6xx_hal_rcc_ex.o
 .text.LL_RCC_PLL4_GetSource
                0x34005a8c       0x1c ./Drivers/STM32N6xx_HAL_Driver/stm32n6xx_hal_rcc_ex.o
 .text.LL_RCC_PLL4_IsReady
                0x34005aa8       0x28 ./Drivers/STM32N6xx_HAL_Driver/stm32n6xx_hal_rcc_ex.o
 .text.LL_RCC_PLL4_IsEnabledBypass
                0x34005ad0       0x28 ./Drivers/STM32N6xx_HAL_Driver/stm32n6xx_hal_rcc_ex.o
 .text.LL_RCC_PLL4_GetN
                0x34005af8       0x20 ./Drivers/STM32N6xx_HAL_Driver/stm32n6xx_hal_rcc_ex.o
 .text.LL_RCC_PLL4_GetM
                0x34005b18       0x20 ./Drivers/STM32N6xx_HAL_Driver/stm32n6xx_hal_rcc_ex.o
 .text.LL_RCC_PLL4_GetP1
                0x34005b38       0x20 ./Drivers/STM32N6xx_HAL_Driver/stm32n6xx_hal_rcc_ex.o
 .text.LL_RCC_PLL4_GetP2
                0x34005b58       0x20 ./Drivers/STM32N6xx_HAL_Driver/stm32n6xx_hal_rcc_ex.o
 .text.LL_RCC_PLL4P_IsEnabled
                0x34005b78       0x28 ./Drivers/STM32N6xx_HAL_Driver/stm32n6xx_hal_rcc_ex.o
 .text.LL_RCC_PLL4_GetFRACN
                0x34005ba0       0x1c ./Drivers/STM32N6xx_HAL_Driver/stm32n6xx_hal_rcc_ex.o
 .text.LL_RCC_IC3_Enable
                0x34005bbc       0x1c ./Drivers/STM32N6xx_HAL_Driver/stm32n6xx_hal_rcc_ex.o
 .text.LL_RCC_IC3_IsEnabled
                0x34005bd8       0x28 ./Drivers/STM32N6xx_HAL_Driver/stm32n6xx_hal_rcc_ex.o
 .text.LL_RCC_IC3_GetSource
                0x34005c00       0x1c ./Drivers/STM32N6xx_HAL_Driver/stm32n6xx_hal_rcc_ex.o
 .text.LL_RCC_IC3_GetDivider
                0x34005c1c       0x20 ./Drivers/STM32N6xx_HAL_Driver/stm32n6xx_hal_rcc_ex.o
 .text.LL_RCC_IC4_Enable
                0x34005c3c       0x1c ./Drivers/STM32N6xx_HAL_Driver/stm32n6xx_hal_rcc_ex.o
 .text.LL_RCC_IC4_IsEnabled
                0x34005c58       0x28 ./Drivers/STM32N6xx_HAL_Driver/stm32n6xx_hal_rcc_ex.o
 .text.LL_RCC_IC4_GetSource
                0x34005c80       0x1c ./Drivers/STM32N6xx_HAL_Driver/stm32n6xx_hal_rcc_ex.o
 .text.LL_RCC_IC4_GetDivider
                0x34005c9c       0x20 ./Drivers/STM32N6xx_HAL_Driver/stm32n6xx_hal_rcc_ex.o
 .text.LL_RCC_IC5_Enable
                0x34005cbc       0x1c ./Drivers/STM32N6xx_HAL_Driver/stm32n6xx_hal_rcc_ex.o
 .text.LL_RCC_IC5_IsEnabled
                0x34005cd8       0x28 ./Drivers/STM32N6xx_HAL_Driver/stm32n6xx_hal_rcc_ex.o
 .text.LL_RCC_IC5_GetSource
                0x34005d00       0x1c ./Drivers/STM32N6xx_HAL_Driver/stm32n6xx_hal_rcc_ex.o
 .text.LL_RCC_IC5_GetDivider
                0x34005d1c       0x20 ./Drivers/STM32N6xx_HAL_Driver/stm32n6xx_hal_rcc_ex.o
 .text.LL_RCC_IC7_Enable
                0x34005d3c       0x1c ./Drivers/STM32N6xx_HAL_Driver/stm32n6xx_hal_rcc_ex.o
 .text.LL_RCC_IC7_IsEnabled
                0x34005d58       0x28 ./Drivers/STM32N6xx_HAL_Driver/stm32n6xx_hal_rcc_ex.o
 .text.LL_RCC_IC7_GetSource
                0x34005d80       0x1c ./Drivers/STM32N6xx_HAL_Driver/stm32n6xx_hal_rcc_ex.o
 .text.LL_RCC_IC7_GetDivider
                0x34005d9c       0x20 ./Drivers/STM32N6xx_HAL_Driver/stm32n6xx_hal_rcc_ex.o
 .text.LL_RCC_IC8_Enable
                0x34005dbc       0x1c ./Drivers/STM32N6xx_HAL_Driver/stm32n6xx_hal_rcc_ex.o
 .text.LL_RCC_IC8_IsEnabled
                0x34005dd8       0x28 ./Drivers/STM32N6xx_HAL_Driver/stm32n6xx_hal_rcc_ex.o
 .text.LL_RCC_IC8_GetSource
                0x34005e00       0x1c ./Drivers/STM32N6xx_HAL_Driver/stm32n6xx_hal_rcc_ex.o
 .text.LL_RCC_IC8_GetDivider
                0x34005e1c       0x20 ./Drivers/STM32N6xx_HAL_Driver/stm32n6xx_hal_rcc_ex.o
 .text.LL_RCC_IC9_Enable
                0x34005e3c       0x1c ./Drivers/STM32N6xx_HAL_Driver/stm32n6xx_hal_rcc_ex.o
 .text.LL_RCC_IC9_IsEnabled
                0x34005e58       0x28 ./Drivers/STM32N6xx_HAL_Driver/stm32n6xx_hal_rcc_ex.o
 .text.LL_RCC_IC9_GetSource
                0x34005e80       0x1c ./Drivers/STM32N6xx_HAL_Driver/stm32n6xx_hal_rcc_ex.o
 .text.LL_RCC_IC9_GetDivider
                0x34005e9c       0x20 ./Drivers/STM32N6xx_HAL_Driver/stm32n6xx_hal_rcc_ex.o
 .text.LL_RCC_IC10_Enable
                0x34005ebc       0x1c ./Drivers/STM32N6xx_HAL_Driver/stm32n6xx_hal_rcc_ex.o
 .text.LL_RCC_IC10_IsEnabled
                0x34005ed8       0x28 ./Drivers/STM32N6xx_HAL_Driver/stm32n6xx_hal_rcc_ex.o
 .text.LL_RCC_IC10_GetSource
                0x34005f00       0x1c ./Drivers/STM32N6xx_HAL_Driver/stm32n6xx_hal_rcc_ex.o
 .text.LL_RCC_IC10_GetDivider
                0x34005f1c       0x20 ./Drivers/STM32N6xx_HAL_Driver/stm32n6xx_hal_rcc_ex.o
 .text.LL_RCC_IC12_Enable
                0x34005f3c       0x1c ./Drivers/STM32N6xx_HAL_Driver/stm32n6xx_hal_rcc_ex.o
 .text.LL_RCC_IC12_IsEnabled
                0x34005f58       0x28 ./Drivers/STM32N6xx_HAL_Driver/stm32n6xx_hal_rcc_ex.o
 .text.LL_RCC_IC12_GetSource
                0x34005f80       0x1c ./Drivers/STM32N6xx_HAL_Driver/stm32n6xx_hal_rcc_ex.o
 .text.LL_RCC_IC12_GetDivider
                0x34005f9c       0x20 ./Drivers/STM32N6xx_HAL_Driver/stm32n6xx_hal_rcc_ex.o
 .text.LL_RCC_IC13_Enable
                0x34005fbc       0x1c ./Drivers/STM32N6xx_HAL_Driver/stm32n6xx_hal_rcc_ex.o
 .text.LL_RCC_IC13_IsEnabled
                0x34005fd8       0x28 ./Drivers/STM32N6xx_HAL_Driver/stm32n6xx_hal_rcc_ex.o
 .text.LL_RCC_IC13_GetSource
                0x34006000       0x1c ./Drivers/STM32N6xx_HAL_Driver/stm32n6xx_hal_rcc_ex.o
 .text.LL_RCC_IC13_GetDivider
                0x3400601c       0x20 ./Drivers/STM32N6xx_HAL_Driver/stm32n6xx_hal_rcc_ex.o
 .text.LL_RCC_IC14_Enable
                0x3400603c       0x1c ./Drivers/STM32N6xx_HAL_Driver/stm32n6xx_hal_rcc_ex.o
 .text.LL_RCC_IC14_IsEnabled
                0x34006058       0x28 ./Drivers/STM32N6xx_HAL_Driver/stm32n6xx_hal_rcc_ex.o
 .text.LL_RCC_IC14_GetSource
                0x34006080       0x1c ./Drivers/STM32N6xx_HAL_Driver/stm32n6xx_hal_rcc_ex.o
 .text.LL_RCC_IC14_GetDivider
                0x3400609c       0x20 ./Drivers/STM32N6xx_HAL_Driver/stm32n6xx_hal_rcc_ex.o
 .text.LL_RCC_IC15_Enable
                0x340060bc       0x1c ./Drivers/STM32N6xx_HAL_Driver/stm32n6xx_hal_rcc_ex.o
 .text.LL_RCC_IC15_IsEnabled
                0x340060d8       0x28 ./Drivers/STM32N6xx_HAL_Driver/stm32n6xx_hal_rcc_ex.o
 .text.LL_RCC_IC15_GetSource
                0x34006100       0x1c ./Drivers/STM32N6xx_HAL_Driver/stm32n6xx_hal_rcc_ex.o
 .text.LL_RCC_IC15_GetDivider
                0x3400611c       0x20 ./Drivers/STM32N6xx_HAL_Driver/stm32n6xx_hal_rcc_ex.o
 .text.LL_RCC_IC16_Enable
                0x3400613c       0x1c ./Drivers/STM32N6xx_HAL_Driver/stm32n6xx_hal_rcc_ex.o
 .text.LL_RCC_IC16_IsEnabled
                0x34006158       0x28 ./Drivers/STM32N6xx_HAL_Driver/stm32n6xx_hal_rcc_ex.o
 .text.LL_RCC_IC16_GetSource
                0x34006180       0x1c ./Drivers/STM32N6xx_HAL_Driver/stm32n6xx_hal_rcc_ex.o
 .text.LL_RCC_IC16_GetDivider
                0x3400619c       0x20 ./Drivers/STM32N6xx_HAL_Driver/stm32n6xx_hal_rcc_ex.o
 .text.LL_RCC_IC17_Enable
                0x340061bc       0x1c ./Drivers/STM32N6xx_HAL_Driver/stm32n6xx_hal_rcc_ex.o
 .text.LL_RCC_IC17_IsEnabled
                0x340061d8       0x28 ./Drivers/STM32N6xx_HAL_Driver/stm32n6xx_hal_rcc_ex.o
 .text.LL_RCC_IC17_GetSource
                0x34006200       0x1c ./Drivers/STM32N6xx_HAL_Driver/stm32n6xx_hal_rcc_ex.o
 .text.LL_RCC_IC17_GetDivider
                0x3400621c       0x20 ./Drivers/STM32N6xx_HAL_Driver/stm32n6xx_hal_rcc_ex.o
 .text.LL_RCC_IC18_Enable
                0x3400623c       0x1c ./Drivers/STM32N6xx_HAL_Driver/stm32n6xx_hal_rcc_ex.o
 .text.LL_RCC_IC18_IsEnabled
                0x34006258       0x28 ./Drivers/STM32N6xx_HAL_Driver/stm32n6xx_hal_rcc_ex.o
 .text.LL_RCC_IC18_GetSource
                0x34006280       0x1c ./Drivers/STM32N6xx_HAL_Driver/stm32n6xx_hal_rcc_ex.o
 .text.LL_RCC_IC18_GetDivider
                0x3400629c       0x20 ./Drivers/STM32N6xx_HAL_Driver/stm32n6xx_hal_rcc_ex.o
 .text.LL_RCC_IC19_Enable
                0x340062bc       0x1c ./Drivers/STM32N6xx_HAL_Driver/stm32n6xx_hal_rcc_ex.o
 .text.LL_RCC_IC19_IsEnabled
                0x340062d8       0x28 ./Drivers/STM32N6xx_HAL_Driver/stm32n6xx_hal_rcc_ex.o
 .text.LL_RCC_IC19_GetSource
                0x34006300       0x1c ./Drivers/STM32N6xx_HAL_Driver/stm32n6xx_hal_rcc_ex.o
 .text.LL_RCC_IC19_GetDivider
                0x3400631c       0x20 ./Drivers/STM32N6xx_HAL_Driver/stm32n6xx_hal_rcc_ex.o
 .text.LL_RCC_IC20_Enable
                0x3400633c       0x1c ./Drivers/STM32N6xx_HAL_Driver/stm32n6xx_hal_rcc_ex.o
 .text.LL_RCC_IC20_IsEnabled
                0x34006358       0x28 ./Drivers/STM32N6xx_HAL_Driver/stm32n6xx_hal_rcc_ex.o
 .text.LL_RCC_IC20_GetSource
                0x34006380       0x1c ./Drivers/STM32N6xx_HAL_Driver/stm32n6xx_hal_rcc_ex.o
 .text.LL_RCC_IC20_GetDivider
                0x3400639c       0x20 ./Drivers/STM32N6xx_HAL_Driver/stm32n6xx_hal_rcc_ex.o
 .text.LL_RCC_CLKP_Enable
                0x340063bc       0x1c ./Drivers/STM32N6xx_HAL_Driver/stm32n6xx_hal_rcc_ex.o
 .text.LL_RCC_CLKP_IsEnabled
                0x340063d8       0x28 ./Drivers/STM32N6xx_HAL_Driver/stm32n6xx_hal_rcc_ex.o
 .text.HAL_RCCEx_PeriphCLKConfig
                0x34006400     0x25c8 ./Drivers/STM32N6xx_HAL_Driver/stm32n6xx_hal_rcc_ex.o
                0x34006400                HAL_RCCEx_PeriphCLKConfig
 .text.HAL_RCCEx_GetPeriphCLKFreq
                0x340089c8      0x938 ./Drivers/STM32N6xx_HAL_Driver/stm32n6xx_hal_rcc_ex.o
                0x340089c8                HAL_RCCEx_GetPeriphCLKFreq
 .text.HAL_RCCEx_GetPLL1CLKFreq
                0x34009300       0x8c ./Drivers/STM32N6xx_HAL_Driver/stm32n6xx_hal_rcc_ex.o
                0x34009300                HAL_RCCEx_GetPLL1CLKFreq
 .text.HAL_RCCEx_GetPLL2CLKFreq
                0x3400938c       0x8c ./Drivers/STM32N6xx_HAL_Driver/stm32n6xx_hal_rcc_ex.o
                0x3400938c                HAL_RCCEx_GetPLL2CLKFreq
 .text.HAL_RCCEx_GetPLL3CLKFreq
                0x34009418       0x8c ./Drivers/STM32N6xx_HAL_Driver/stm32n6xx_hal_rcc_ex.o
                0x34009418                HAL_RCCEx_GetPLL3CLKFreq
 .text.HAL_RCCEx_GetPLL4CLKFreq
                0x340094a4       0x8c ./Drivers/STM32N6xx_HAL_Driver/stm32n6xx_hal_rcc_ex.o
                0x340094a4                HAL_RCCEx_GetPLL4CLKFreq
 .text.RCCEx_GetHCLKFreq
                0x34009530       0x22 ./Drivers/STM32N6xx_HAL_Driver/stm32n6xx_hal_rcc_ex.o
 .text.RCCEx_GetPCLK1Freq
                0x34009552       0x20 ./Drivers/STM32N6xx_HAL_Driver/stm32n6xx_hal_rcc_ex.o
 .text.RCCEx_GetPCLK2Freq
                0x34009572       0x22 ./Drivers/STM32N6xx_HAL_Driver/stm32n6xx_hal_rcc_ex.o
 .text.RCCEx_GetPCLK4Freq
                0x34009594       0x22 ./Drivers/STM32N6xx_HAL_Driver/stm32n6xx_hal_rcc_ex.o
 .text.RCCEx_GetPCLK5Freq
                0x340095b6       0x22 ./Drivers/STM32N6xx_HAL_Driver/stm32n6xx_hal_rcc_ex.o
 .text.RCCEx_GetPLLSourceFreq
                0x340095d8       0xbc ./Drivers/STM32N6xx_HAL_Driver/stm32n6xx_hal_rcc_ex.o
 .text.RCCEx_CalcPLLFreq
                0x34009694       0x98 ./Drivers/STM32N6xx_HAL_Driver/stm32n6xx_hal_rcc_ex.o
 .text.RCCEx_GetADCCLKFreq
                0x3400972c      0x204 ./Drivers/STM32N6xx_HAL_Driver/stm32n6xx_hal_rcc_ex.o
 .text.RCCEx_GetADFCLKFreq
                0x34009930      0x1d8 ./Drivers/STM32N6xx_HAL_Driver/stm32n6xx_hal_rcc_ex.o
 .text.RCCEx_GetCLKPCLKFreq
                0x34009b08      0x36c ./Drivers/STM32N6xx_HAL_Driver/stm32n6xx_hal_rcc_ex.o
 .text.RCCEx_GetCSICLKFreq
                0x34009e74       0x98 ./Drivers/STM32N6xx_HAL_Driver/stm32n6xx_hal_rcc_ex.o
 .text.RCCEx_GetDCMIPPCLKFreq
                0x34009f0c      0x114 ./Drivers/STM32N6xx_HAL_Driver/stm32n6xx_hal_rcc_ex.o
 .text.RCCEx_GetETH1CLKFreq
                0x3400a020      0x100 ./Drivers/STM32N6xx_HAL_Driver/stm32n6xx_hal_rcc_ex.o
 .text.RCCEx_GetETH1PTPCLKFreq
                0x3400a120      0x108 ./Drivers/STM32N6xx_HAL_Driver/stm32n6xx_hal_rcc_ex.o
 .text.RCCEx_GetFDCANCLKFreq
                0x3400a228      0x100 ./Drivers/STM32N6xx_HAL_Driver/stm32n6xx_hal_rcc_ex.o
 .text.RCCEx_GetFMCCLKFreq
                0x3400a328      0x16e ./Drivers/STM32N6xx_HAL_Driver/stm32n6xx_hal_rcc_ex.o
 *fill*         0x3400a496        0x2 
 .text.RCCEx_GetI2CCLKFreq
                0x3400a498      0x350 ./Drivers/STM32N6xx_HAL_Driver/stm32n6xx_hal_rcc_ex.o
 .text.RCCEx_GetI3CCLKFreq
                0x3400a7e8      0x268 ./Drivers/STM32N6xx_HAL_Driver/stm32n6xx_hal_rcc_ex.o
 .text.RCCEx_GetLPTIMCLKFreq
                0x3400aa50      0x354 ./Drivers/STM32N6xx_HAL_Driver/stm32n6xx_hal_rcc_ex.o
 .text.RCCEx_GetLPUARTCLKFreq
                0x3400ada4      0x204 ./Drivers/STM32N6xx_HAL_Driver/stm32n6xx_hal_rcc_ex.o
 .text.RCCEx_GetLTDCCLKFreq
                0x3400afa8      0x114 ./Drivers/STM32N6xx_HAL_Driver/stm32n6xx_hal_rcc_ex.o
 .text.RCCEx_GetMDFCLKFreq
                0x3400b0bc      0x214 ./Drivers/STM32N6xx_HAL_Driver/stm32n6xx_hal_rcc_ex.o
 .text.RCCEx_GetPSSICLKFreq
                0x3400b2d0      0x104 ./Drivers/STM32N6xx_HAL_Driver/stm32n6xx_hal_rcc_ex.o
 .text.RCCEx_GetRTCCLKFreq
                0x3400b3d4       0xa4 ./Drivers/STM32N6xx_HAL_Driver/stm32n6xx_hal_rcc_ex.o
 .text.RCCEx_GetSAICLKFreq
                0x3400b478      0x2cc ./Drivers/STM32N6xx_HAL_Driver/stm32n6xx_hal_rcc_ex.o
 .text.RCCEx_GetSDMMCCLKFreq
                0x3400b744      0x1d4 ./Drivers/STM32N6xx_HAL_Driver/stm32n6xx_hal_rcc_ex.o
 .text.RCCEx_GetSPDIFRXCLKFreq
                0x3400b918      0x1c8 ./Drivers/STM32N6xx_HAL_Driver/stm32n6xx_hal_rcc_ex.o
 .text.RCCEx_GetSPICLKFreq
                0x3400bae0      0x5a4 ./Drivers/STM32N6xx_HAL_Driver/stm32n6xx_hal_rcc_ex.o
 .text.RCCEx_GetUARTCLKFreq
                0x3400c084      0x454 ./Drivers/STM32N6xx_HAL_Driver/stm32n6xx_hal_rcc_ex.o
 .text.RCCEx_GetUSARTCLKFreq
                0x3400c4d8      0x454 ./Drivers/STM32N6xx_HAL_Driver/stm32n6xx_hal_rcc_ex.o
 .text.RCCEx_GetOTGPHYCLKFreq
                0x3400c92c      0x16c ./Drivers/STM32N6xx_HAL_Driver/stm32n6xx_hal_rcc_ex.o
 .text.RCCEx_GetOTGPHYCKREFCLKFreq
                0x3400ca98       0xa0 ./Drivers/STM32N6xx_HAL_Driver/stm32n6xx_hal_rcc_ex.o
 .text.RCCEx_GetXSPICLKFreq
                0x3400cb38      0x220 ./Drivers/STM32N6xx_HAL_Driver/stm32n6xx_hal_rcc_ex.o
 .text.HAL_SPI_Init
                0x3400cd58      0x2b8 ./Drivers/STM32N6xx_HAL_Driver/stm32n6xx_hal_spi.o
                0x3400cd58                HAL_SPI_Init
 .text.HAL_SPI_TransmitReceive_DMA
                0x3400d010      0x560 ./Drivers/STM32N6xx_HAL_Driver/stm32n6xx_hal_spi.o
                0x3400d010                HAL_SPI_TransmitReceive_DMA
 .text.HAL_SPI_Abort
                0x3400d570      0x1ec ./Drivers/STM32N6xx_HAL_Driver/stm32n6xx_hal_spi.o
                0x3400d570                HAL_SPI_Abort
 .text.HAL_SPI_IRQHandler
                0x3400d75c      0x3a8 ./Drivers/STM32N6xx_HAL_Driver/stm32n6xx_hal_spi.o
                0x3400d75c                HAL_SPI_IRQHandler
 .text.HAL_SPI_RxCpltCallback
                0x3400db04       0x14 ./Drivers/STM32N6xx_HAL_Driver/stm32n6xx_hal_spi.o
                0x3400db04                HAL_SPI_RxCpltCallback
 .text.HAL_SPI_TxRxCpltCallback
                0x3400db18       0x14 ./Drivers/STM32N6xx_HAL_Driver/stm32n6xx_hal_spi.o
                0x3400db18                HAL_SPI_TxRxCpltCallback
 .text.HAL_SPI_TxRxHalfCpltCallback
                0x3400db2c       0x14 ./Drivers/STM32N6xx_HAL_Driver/stm32n6xx_hal_spi.o
                0x3400db2c                HAL_SPI_TxRxHalfCpltCallback
 .text.HAL_SPI_ErrorCallback
                0x3400db40       0x14 ./Drivers/STM32N6xx_HAL_Driver/stm32n6xx_hal_spi.o
                0x3400db40                HAL_SPI_ErrorCallback
 .text.HAL_SPI_SuspendCallback
                0x3400db54       0x14 ./Drivers/STM32N6xx_HAL_Driver/stm32n6xx_hal_spi.o
                0x3400db54                HAL_SPI_SuspendCallback
 .text.HAL_SPI_GetState
                0x3400db68       0x1c ./Drivers/STM32N6xx_HAL_Driver/stm32n6xx_hal_spi.o
                0x3400db68                HAL_SPI_GetState
 .text.SPI_DMATransmitReceiveCplt
                0x3400db84       0x52 ./Drivers/STM32N6xx_HAL_Driver/stm32n6xx_hal_spi.o
 .text.SPI_DMAHalfTransmitReceiveCplt
                0x3400dbd6       0x1c ./Drivers/STM32N6xx_HAL_Driver/stm32n6xx_hal_spi.o
 .text.SPI_DMAError
                0x3400dbf2       0x46 ./Drivers/STM32N6xx_HAL_Driver/stm32n6xx_hal_spi.o
 .text.SPI_DMAAbortOnError
                0x3400dc38       0x34 ./Drivers/STM32N6xx_HAL_Driver/stm32n6xx_hal_spi.o
 .text.SPI_AbortTransfer
                0x3400dc6c       0xc8 ./Drivers/STM32N6xx_HAL_Driver/stm32n6xx_hal_spi.o
 .text.SPI_CloseTransfer
                0x3400dd34      0x140 ./Drivers/STM32N6xx_HAL_Driver/stm32n6xx_hal_spi.o
 .text.SPI_GetPacketSize
                0x3400de74       0x36 ./Drivers/STM32N6xx_HAL_Driver/stm32n6xx_hal_spi.o
 .text.HAL_UART_Init
                0x3400deaa       0xa0 ./Drivers/STM32N6xx_HAL_Driver/stm32n6xx_hal_uart.o
                0x3400deaa                HAL_UART_Init
 .text.HAL_UART_Transmit
                0x3400df4a      0x132 ./Drivers/STM32N6xx_HAL_Driver/stm32n6xx_hal_uart.o
                0x3400df4a                HAL_UART_Transmit
 .text.HAL_UART_IRQHandler
                0x3400e07c      0x678 ./Drivers/STM32N6xx_HAL_Driver/stm32n6xx_hal_uart.o
                0x3400e07c                HAL_UART_IRQHandler
 .text.HAL_UART_RxCpltCallback
                0x3400e6f4       0x14 ./Drivers/STM32N6xx_HAL_Driver/stm32n6xx_hal_uart.o
                0x3400e6f4                HAL_UART_RxCpltCallback
 .text.HAL_UART_RxHalfCpltCallback
                0x3400e708       0x14 ./Drivers/STM32N6xx_HAL_Driver/stm32n6xx_hal_uart.o
                0x3400e708                HAL_UART_RxHalfCpltCallback
 .text.HAL_UART_ErrorCallback
                0x3400e71c       0x14 ./Drivers/STM32N6xx_HAL_Driver/stm32n6xx_hal_uart.o
                0x3400e71c                HAL_UART_ErrorCallback
 .text.HAL_UARTEx_RxEventCallback
                0x3400e730       0x18 ./Drivers/STM32N6xx_HAL_Driver/stm32n6xx_hal_uart.o
                0x3400e730                HAL_UARTEx_RxEventCallback
 .text.UART_SetConfig
                0x3400e748      0x3d8 ./Drivers/STM32N6xx_HAL_Driver/stm32n6xx_hal_uart.o
                0x3400e748                UART_SetConfig
 .text.UART_AdvFeatureConfig
                0x3400eb20      0x144 ./Drivers/STM32N6xx_HAL_Driver/stm32n6xx_hal_uart.o
                0x3400eb20                UART_AdvFeatureConfig
 .text.UART_CheckIdleState
                0x3400ec64      0x154 ./Drivers/STM32N6xx_HAL_Driver/stm32n6xx_hal_uart.o
                0x3400ec64                UART_CheckIdleState
 .text.UART_WaitOnFlagUntilTimeout
                0x3400edb8       0xda ./Drivers/STM32N6xx_HAL_Driver/stm32n6xx_hal_uart.o
                0x3400edb8                UART_WaitOnFlagUntilTimeout
 *fill*         0x3400ee92        0x2 
 .text.UART_Start_Receive_DMA
                0x3400ee94      0x1f0 ./Drivers/STM32N6xx_HAL_Driver/stm32n6xx_hal_uart.o
                0x3400ee94                UART_Start_Receive_DMA
 .text.UART_EndTxTransfer
                0x3400f084       0x82 ./Drivers/STM32N6xx_HAL_Driver/stm32n6xx_hal_uart.o
 .text.UART_EndRxTransfer
                0x3400f106       0xcc ./Drivers/STM32N6xx_HAL_Driver/stm32n6xx_hal_uart.o
 .text.UART_DMAReceiveCplt
                0x3400f1d2      0x14c ./Drivers/STM32N6xx_HAL_Driver/stm32n6xx_hal_uart.o
 .text.UART_DMARxHalfCplt
                0x3400f31e       0x72 ./Drivers/STM32N6xx_HAL_Driver/stm32n6xx_hal_uart.o
 .text.UART_DMAError
                0x3400f390       0x70 ./Drivers/STM32N6xx_HAL_Driver/stm32n6xx_hal_uart.o
 .text.UART_DMAAbortOnError
                0x3400f400       0x1c ./Drivers/STM32N6xx_HAL_Driver/stm32n6xx_hal_uart.o
 .text.UART_EndTransmit_IT
                0x3400f41c       0x56 ./Drivers/STM32N6xx_HAL_Driver/stm32n6xx_hal_uart.o
 .text.HAL_UARTEx_WakeupCallback
                0x3400f472       0x14 ./Drivers/STM32N6xx_HAL_Driver/stm32n6xx_hal_uart_ex.o
                0x3400f472                HAL_UARTEx_WakeupCallback
 .text.HAL_UARTEx_RxFifoFullCallback
                0x3400f486       0x14 ./Drivers/STM32N6xx_HAL_Driver/stm32n6xx_hal_uart_ex.o
                0x3400f486                HAL_UARTEx_RxFifoFullCallback
 .text.HAL_UARTEx_TxFifoEmptyCallback
                0x3400f49a       0x14 ./Drivers/STM32N6xx_HAL_Driver/stm32n6xx_hal_uart_ex.o
                0x3400f49a                HAL_UARTEx_TxFifoEmptyCallback
 .text.HAL_UARTEx_DisableFifoMode
                0x3400f4ae       0x72 ./Drivers/STM32N6xx_HAL_Driver/stm32n6xx_hal_uart_ex.o
                0x3400f4ae                HAL_UARTEx_DisableFifoMode
 .text.HAL_UARTEx_SetTxFifoThreshold
                0x3400f520       0x7c ./Drivers/STM32N6xx_HAL_Driver/stm32n6xx_hal_uart_ex.o
                0x3400f520                HAL_UARTEx_SetTxFifoThreshold
 .text.HAL_UARTEx_SetRxFifoThreshold
                0x3400f59c       0x7c ./Drivers/STM32N6xx_HAL_Driver/stm32n6xx_hal_uart_ex.o
                0x3400f59c                HAL_UARTEx_SetRxFifoThreshold
 .text.HAL_UARTEx_ReceiveToIdle_DMA
                0x3400f618       0xa8 ./Drivers/STM32N6xx_HAL_Driver/stm32n6xx_hal_uart_ex.o
                0x3400f618                HAL_UARTEx_ReceiveToIdle_DMA
 .text.UARTEx_SetNbDataToProcess
                0x3400f6c0       0x9c ./Drivers/STM32N6xx_HAL_Driver/stm32n6xx_hal_uart_ex.o
 .text.__assert_func
                0x3400f75c       0x3c C:/ST/STM32CubeIDE_1.19.0/STM32CubeIDE/plugins/com.st.stm32cube.ide.mcu.externaltools.gnu-tools-for-stm32.13.3.rel1.win32_1.0.0.202411081344/tools/bin/../lib/gcc/arm-none-eabi/13.3.1/../../../../arm-none-eabi/lib/thumb/v8-m.main+dp/hard\libc_nano.a(libc_a-assert.o)
                0x3400f75c                __assert_func
 .text.__cvt    0x3400f798       0xa8 C:/ST/STM32CubeIDE_1.19.0/STM32CubeIDE/plugins/com.st.stm32cube.ide.mcu.externaltools.gnu-tools-for-stm32.13.3.rel1.win32_1.0.0.202411081344/tools/bin/../lib/gcc/arm-none-eabi/13.3.1/../../../../arm-none-eabi/lib/thumb/v8-m.main+dp/hard\libc_nano.a(libc_a-nano-vfprintf_float.o)
                0x3400f798                __cvt
 .text.__exponent
                0x3400f840       0x72 C:/ST/STM32CubeIDE_1.19.0/STM32CubeIDE/plugins/com.st.stm32cube.ide.mcu.externaltools.gnu-tools-for-stm32.13.3.rel1.win32_1.0.0.202411081344/tools/bin/../lib/gcc/arm-none-eabi/13.3.1/../../../../arm-none-eabi/lib/thumb/v8-m.main+dp/hard\libc_nano.a(libc_a-nano-vfprintf_float.o)
                0x3400f840                __exponent
 *fill*         0x3400f8b2        0x6 
 .text._printf_float
                0x3400f8b8      0x434 C:/ST/STM32CubeIDE_1.19.0/STM32CubeIDE/plugins/com.st.stm32cube.ide.mcu.externaltools.gnu-tools-for-stm32.13.3.rel1.win32_1.0.0.202411081344/tools/bin/../lib/gcc/arm-none-eabi/13.3.1/../../../../arm-none-eabi/lib/thumb/v8-m.main+dp/hard\libc_nano.a(libc_a-nano-vfprintf_float.o)
                0x3400f8b8                _printf_float
 .text._printf_common
                0x3400fcec       0xe4 C:/ST/STM32CubeIDE_1.19.0/STM32CubeIDE/plugins/com.st.stm32cube.ide.mcu.externaltools.gnu-tools-for-stm32.13.3.rel1.win32_1.0.0.202411081344/tools/bin/../lib/gcc/arm-none-eabi/13.3.1/../../../../arm-none-eabi/lib/thumb/v8-m.main+dp/hard\libc_nano.a(libc_a-nano-vfprintf_i.o)
                0x3400fcec                _printf_common
 .text._printf_i
                0x3400fdd0      0x23c C:/ST/STM32CubeIDE_1.19.0/STM32CubeIDE/plugins/com.st.stm32cube.ide.mcu.externaltools.gnu-tools-for-stm32.13.3.rel1.win32_1.0.0.202411081344/tools/bin/../lib/gcc/arm-none-eabi/13.3.1/../../../../arm-none-eabi/lib/thumb/v8-m.main+dp/hard\libc_nano.a(libc_a-nano-vfprintf_i.o)
                0x3400fdd0                _printf_i
 .text.std      0x3401000c       0x6c C:/ST/STM32CubeIDE_1.19.0/STM32CubeIDE/plugins/com.st.stm32cube.ide.mcu.externaltools.gnu-tools-for-stm32.13.3.rel1.win32_1.0.0.202411081344/tools/bin/../lib/gcc/arm-none-eabi/13.3.1/../../../../arm-none-eabi/lib/thumb/v8-m.main+dp/hard\libc_nano.a(libc_a-findfp.o)
 .text.stdio_exit_handler
                0x34010078       0x18 C:/ST/STM32CubeIDE_1.19.0/STM32CubeIDE/plugins/com.st.stm32cube.ide.mcu.externaltools.gnu-tools-for-stm32.13.3.rel1.win32_1.0.0.202411081344/tools/bin/../lib/gcc/arm-none-eabi/13.3.1/../../../../arm-none-eabi/lib/thumb/v8-m.main+dp/hard\libc_nano.a(libc_a-findfp.o)
 .text.cleanup_stdio
                0x34010090       0x40 C:/ST/STM32CubeIDE_1.19.0/STM32CubeIDE/plugins/com.st.stm32cube.ide.mcu.externaltools.gnu-tools-for-stm32.13.3.rel1.win32_1.0.0.202411081344/tools/bin/../lib/gcc/arm-none-eabi/13.3.1/../../../../arm-none-eabi/lib/thumb/v8-m.main+dp/hard\libc_nano.a(libc_a-findfp.o)
 .text.global_stdio_init.part.0
                0x340100d0       0x3c C:/ST/STM32CubeIDE_1.19.0/STM32CubeIDE/plugins/com.st.stm32cube.ide.mcu.externaltools.gnu-tools-for-stm32.13.3.rel1.win32_1.0.0.202411081344/tools/bin/../lib/gcc/arm-none-eabi/13.3.1/../../../../arm-none-eabi/lib/thumb/v8-m.main+dp/hard\libc_nano.a(libc_a-findfp.o)
 .text.__sfp_lock_acquire
                0x3401010c        0xc C:/ST/STM32CubeIDE_1.19.0/STM32CubeIDE/plugins/com.st.stm32cube.ide.mcu.externaltools.gnu-tools-for-stm32.13.3.rel1.win32_1.0.0.202411081344/tools/bin/../lib/gcc/arm-none-eabi/13.3.1/../../../../arm-none-eabi/lib/thumb/v8-m.main+dp/hard\libc_nano.a(libc_a-findfp.o)
                0x3401010c                __sfp_lock_acquire
 .text.__sfp_lock_release
                0x34010118        0xc C:/ST/STM32CubeIDE_1.19.0/STM32CubeIDE/plugins/com.st.stm32cube.ide.mcu.externaltools.gnu-tools-for-stm32.13.3.rel1.win32_1.0.0.202411081344/tools/bin/../lib/gcc/arm-none-eabi/13.3.1/../../../../arm-none-eabi/lib/thumb/v8-m.main+dp/hard\libc_nano.a(libc_a-findfp.o)
                0x34010118                __sfp_lock_release
 .text.__sinit  0x34010124       0x30 C:/ST/STM32CubeIDE_1.19.0/STM32CubeIDE/plugins/com.st.stm32cube.ide.mcu.externaltools.gnu-tools-for-stm32.13.3.rel1.win32_1.0.0.202411081344/tools/bin/../lib/gcc/arm-none-eabi/13.3.1/../../../../arm-none-eabi/lib/thumb/v8-m.main+dp/hard\libc_nano.a(libc_a-findfp.o)
                0x34010124                __sinit
 .text.fprintf  0x34010154       0x24 C:/ST/STM32CubeIDE_1.19.0/STM32CubeIDE/plugins/com.st.stm32cube.ide.mcu.externaltools.gnu-tools-for-stm32.13.3.rel1.win32_1.0.0.202411081344/tools/bin/../lib/gcc/arm-none-eabi/13.3.1/../../../../arm-none-eabi/lib/thumb/v8-m.main+dp/hard\libc_nano.a(libc_a-fprintf.o)
                0x34010154                fiprintf
                0x34010154                fprintf
 .text._fwalk_sglue
                0x34010178       0x3c C:/ST/STM32CubeIDE_1.19.0/STM32CubeIDE/plugins/com.st.stm32cube.ide.mcu.externaltools.gnu-tools-for-stm32.13.3.rel1.win32_1.0.0.202411081344/tools/bin/../lib/gcc/arm-none-eabi/13.3.1/../../../../arm-none-eabi/lib/thumb/v8-m.main+dp/hard\libc_nano.a(libc_a-fwalk.o)
                0x34010178                _fwalk_sglue
 .text.snprintf
                0x340101b4       0x6c C:/ST/STM32CubeIDE_1.19.0/STM32CubeIDE/plugins/com.st.stm32cube.ide.mcu.externaltools.gnu-tools-for-stm32.13.3.rel1.win32_1.0.0.202411081344/tools/bin/../lib/gcc/arm-none-eabi/13.3.1/../../../../arm-none-eabi/lib/thumb/v8-m.main+dp/hard\libc_nano.a(libc_a-snprintf.o)
                0x340101b4                sniprintf
                0x340101b4                snprintf
 .text.__sread  0x34010220       0x22 C:/ST/STM32CubeIDE_1.19.0/STM32CubeIDE/plugins/com.st.stm32cube.ide.mcu.externaltools.gnu-tools-for-stm32.13.3.rel1.win32_1.0.0.202411081344/tools/bin/../lib/gcc/arm-none-eabi/13.3.1/../../../../arm-none-eabi/lib/thumb/v8-m.main+dp/hard\libc_nano.a(libc_a-stdio.o)
                0x34010220                __sread
 .text.__swrite
                0x34010242       0x38 C:/ST/STM32CubeIDE_1.19.0/STM32CubeIDE/plugins/com.st.stm32cube.ide.mcu.externaltools.gnu-tools-for-stm32.13.3.rel1.win32_1.0.0.202411081344/tools/bin/../lib/gcc/arm-none-eabi/13.3.1/../../../../arm-none-eabi/lib/thumb/v8-m.main+dp/hard\libc_nano.a(libc_a-stdio.o)
                0x34010242                __swrite
 .text.__sseek  0x3401027a       0x24 C:/ST/STM32CubeIDE_1.19.0/STM32CubeIDE/plugins/com.st.stm32cube.ide.mcu.externaltools.gnu-tools-for-stm32.13.3.rel1.win32_1.0.0.202411081344/tools/bin/../lib/gcc/arm-none-eabi/13.3.1/../../../../arm-none-eabi/lib/thumb/v8-m.main+dp/hard\libc_nano.a(libc_a-stdio.o)
                0x3401027a                __sseek
 .text.__sclose
                0x3401029e        0x8 C:/ST/STM32CubeIDE_1.19.0/STM32CubeIDE/plugins/com.st.stm32cube.ide.mcu.externaltools.gnu-tools-for-stm32.13.3.rel1.win32_1.0.0.202411081344/tools/bin/../lib/gcc/arm-none-eabi/13.3.1/../../../../arm-none-eabi/lib/thumb/v8-m.main+dp/hard\libc_nano.a(libc_a-stdio.o)
                0x3401029e                __sclose
 .text.memset   0x340102a6       0x10 C:/ST/STM32CubeIDE_1.19.0/STM32CubeIDE/plugins/com.st.stm32cube.ide.mcu.externaltools.gnu-tools-for-stm32.13.3.rel1.win32_1.0.0.202411081344/tools/bin/../lib/gcc/arm-none-eabi/13.3.1/../../../../arm-none-eabi/lib/thumb/v8-m.main+dp/hard\libc_nano.a(libc_a-memset.o)
                0x340102a6                memset
 *fill*         0x340102b6        0x2 
 .text._localeconv_r
                0x340102b8        0x8 C:/ST/STM32CubeIDE_1.19.0/STM32CubeIDE/plugins/com.st.stm32cube.ide.mcu.externaltools.gnu-tools-for-stm32.13.3.rel1.win32_1.0.0.202411081344/tools/bin/../lib/gcc/arm-none-eabi/13.3.1/../../../../arm-none-eabi/lib/thumb/v8-m.main+dp/hard\libc_nano.a(libc_a-localeconv.o)
                0x340102b8                _localeconv_r
 .text._close_r
                0x340102c0       0x20 C:/ST/STM32CubeIDE_1.19.0/STM32CubeIDE/plugins/com.st.stm32cube.ide.mcu.externaltools.gnu-tools-for-stm32.13.3.rel1.win32_1.0.0.202411081344/tools/bin/../lib/gcc/arm-none-eabi/13.3.1/../../../../arm-none-eabi/lib/thumb/v8-m.main+dp/hard\libc_nano.a(libc_a-closer.o)
                0x340102c0                _close_r
 .text._lseek_r
                0x340102e0       0x24 C:/ST/STM32CubeIDE_1.19.0/STM32CubeIDE/plugins/com.st.stm32cube.ide.mcu.externaltools.gnu-tools-for-stm32.13.3.rel1.win32_1.0.0.202411081344/tools/bin/../lib/gcc/arm-none-eabi/13.3.1/../../../../arm-none-eabi/lib/thumb/v8-m.main+dp/hard\libc_nano.a(libc_a-lseekr.o)
                0x340102e0                _lseek_r
 .text._read_r  0x34010304       0x24 C:/ST/STM32CubeIDE_1.19.0/STM32CubeIDE/plugins/com.st.stm32cube.ide.mcu.externaltools.gnu-tools-for-stm32.13.3.rel1.win32_1.0.0.202411081344/tools/bin/../lib/gcc/arm-none-eabi/13.3.1/../../../../arm-none-eabi/lib/thumb/v8-m.main+dp/hard\libc_nano.a(libc_a-readr.o)
                0x34010304                _read_r
 .text._write_r
                0x34010328       0x24 C:/ST/STM32CubeIDE_1.19.0/STM32CubeIDE/plugins/com.st.stm32cube.ide.mcu.externaltools.gnu-tools-for-stm32.13.3.rel1.win32_1.0.0.202411081344/tools/bin/../lib/gcc/arm-none-eabi/13.3.1/../../../../arm-none-eabi/lib/thumb/v8-m.main+dp/hard\libc_nano.a(libc_a-writer.o)
                0x34010328                _write_r
 .text.__errno  0x3401034c        0xc C:/ST/STM32CubeIDE_1.19.0/STM32CubeIDE/plugins/com.st.stm32cube.ide.mcu.externaltools.gnu-tools-for-stm32.13.3.rel1.win32_1.0.0.202411081344/tools/bin/../lib/gcc/arm-none-eabi/13.3.1/../../../../arm-none-eabi/lib/thumb/v8-m.main+dp/hard\libc_nano.a(libc_a-errno.o)
                0x3401034c                __errno
 .text.__libc_init_array
                0x34010358       0x48 C:/ST/STM32CubeIDE_1.19.0/STM32CubeIDE/plugins/com.st.stm32cube.ide.mcu.externaltools.gnu-tools-for-stm32.13.3.rel1.win32_1.0.0.202411081344/tools/bin/../lib/gcc/arm-none-eabi/13.3.1/../../../../arm-none-eabi/lib/thumb/v8-m.main+dp/hard\libc_nano.a(libc_a-init.o)
                0x34010358                __libc_init_array
 .text.__retarget_lock_init_recursive
                0x340103a0        0x2 C:/ST/STM32CubeIDE_1.19.0/STM32CubeIDE/plugins/com.st.stm32cube.ide.mcu.externaltools.gnu-tools-for-stm32.13.3.rel1.win32_1.0.0.202411081344/tools/bin/../lib/gcc/arm-none-eabi/13.3.1/../../../../arm-none-eabi/lib/thumb/v8-m.main+dp/hard\libc_nano.a(libc_a-lock.o)
                0x340103a0                __retarget_lock_init_recursive
 .text.__retarget_lock_acquire_recursive
                0x340103a2        0x2 C:/ST/STM32CubeIDE_1.19.0/STM32CubeIDE/plugins/com.st.stm32cube.ide.mcu.externaltools.gnu-tools-for-stm32.13.3.rel1.win32_1.0.0.202411081344/tools/bin/../lib/gcc/arm-none-eabi/13.3.1/../../../../arm-none-eabi/lib/thumb/v8-m.main+dp/hard\libc_nano.a(libc_a-lock.o)
                0x340103a2                __retarget_lock_acquire_recursive
 .text.__retarget_lock_release_recursive
                0x340103a4        0x2 C:/ST/STM32CubeIDE_1.19.0/STM32CubeIDE/plugins/com.st.stm32cube.ide.mcu.externaltools.gnu-tools-for-stm32.13.3.rel1.win32_1.0.0.202411081344/tools/bin/../lib/gcc/arm-none-eabi/13.3.1/../../../../arm-none-eabi/lib/thumb/v8-m.main+dp/hard\libc_nano.a(libc_a-lock.o)
                0x340103a4                __retarget_lock_release_recursive
 .text.memchr   0x340103a6       0x1c C:/ST/STM32CubeIDE_1.19.0/STM32CubeIDE/plugins/com.st.stm32cube.ide.mcu.externaltools.gnu-tools-for-stm32.13.3.rel1.win32_1.0.0.202411081344/tools/bin/../lib/gcc/arm-none-eabi/13.3.1/../../../../arm-none-eabi/lib/thumb/v8-m.main+dp/hard\libc_nano.a(libc_a-memchr-stub.o)
                0x340103a6                memchr
 .text.memcpy   0x340103c2       0x1a C:/ST/STM32CubeIDE_1.19.0/STM32CubeIDE/plugins/com.st.stm32cube.ide.mcu.externaltools.gnu-tools-for-stm32.13.3.rel1.win32_1.0.0.202411081344/tools/bin/../lib/gcc/arm-none-eabi/13.3.1/../../../../arm-none-eabi/lib/thumb/v8-m.main+dp/hard\libc_nano.a(libc_a-memcpy-stub.o)
                0x340103c2                memcpy
 .text.abort    0x340103dc        0xe C:/ST/STM32CubeIDE_1.19.0/STM32CubeIDE/plugins/com.st.stm32cube.ide.mcu.externaltools.gnu-tools-for-stm32.13.3.rel1.win32_1.0.0.202411081344/tools/bin/../lib/gcc/arm-none-eabi/13.3.1/../../../../arm-none-eabi/lib/thumb/v8-m.main+dp/hard\libc_nano.a(libc_a-abort.o)
                0x340103dc                abort
 .text.quorem   0x340103ea      0x11a C:/ST/STM32CubeIDE_1.19.0/STM32CubeIDE/plugins/com.st.stm32cube.ide.mcu.externaltools.gnu-tools-for-stm32.13.3.rel1.win32_1.0.0.202411081344/tools/bin/../lib/gcc/arm-none-eabi/13.3.1/../../../../arm-none-eabi/lib/thumb/v8-m.main+dp/hard\libc_nano.a(libc_a-dtoa.o)
 *fill*         0x34010504        0x4 
 .text._dtoa_r  0x34010508      0xabc C:/ST/STM32CubeIDE_1.19.0/STM32CubeIDE/plugins/com.st.stm32cube.ide.mcu.externaltools.gnu-tools-for-stm32.13.3.rel1.win32_1.0.0.202411081344/tools/bin/../lib/gcc/arm-none-eabi/13.3.1/../../../../arm-none-eabi/lib/thumb/v8-m.main+dp/hard\libc_nano.a(libc_a-dtoa.o)
                0x34010508                _dtoa_r
 .text._free_r  0x34010fc4       0x94 C:/ST/STM32CubeIDE_1.19.0/STM32CubeIDE/plugins/com.st.stm32cube.ide.mcu.externaltools.gnu-tools-for-stm32.13.3.rel1.win32_1.0.0.202411081344/tools/bin/../lib/gcc/arm-none-eabi/13.3.1/../../../../arm-none-eabi/lib/thumb/v8-m.main+dp/hard\libc_nano.a(libc_a-freer.o)
                0x34010fc4                _free_r
 .text.malloc   0x34011058       0x10 C:/ST/STM32CubeIDE_1.19.0/STM32CubeIDE/plugins/com.st.stm32cube.ide.mcu.externaltools.gnu-tools-for-stm32.13.3.rel1.win32_1.0.0.202411081344/tools/bin/../lib/gcc/arm-none-eabi/13.3.1/../../../../arm-none-eabi/lib/thumb/v8-m.main+dp/hard\libc_nano.a(libc_a-malloc.o)
                0x34011058                malloc
 .text.sbrk_aligned
                0x34011068       0x44 C:/ST/STM32CubeIDE_1.19.0/STM32CubeIDE/plugins/com.st.stm32cube.ide.mcu.externaltools.gnu-tools-for-stm32.13.3.rel1.win32_1.0.0.202411081344/tools/bin/../lib/gcc/arm-none-eabi/13.3.1/../../../../arm-none-eabi/lib/thumb/v8-m.main+dp/hard\libc_nano.a(libc_a-mallocr.o)
 .text._malloc_r
                0x340110ac      0x100 C:/ST/STM32CubeIDE_1.19.0/STM32CubeIDE/plugins/com.st.stm32cube.ide.mcu.externaltools.gnu-tools-for-stm32.13.3.rel1.win32_1.0.0.202411081344/tools/bin/../lib/gcc/arm-none-eabi/13.3.1/../../../../arm-none-eabi/lib/thumb/v8-m.main+dp/hard\libc_nano.a(libc_a-mallocr.o)
                0x340110ac                _malloc_r
 .text.__malloc_lock
                0x340111ac        0xc C:/ST/STM32CubeIDE_1.19.0/STM32CubeIDE/plugins/com.st.stm32cube.ide.mcu.externaltools.gnu-tools-for-stm32.13.3.rel1.win32_1.0.0.202411081344/tools/bin/../lib/gcc/arm-none-eabi/13.3.1/../../../../arm-none-eabi/lib/thumb/v8-m.main+dp/hard\libc_nano.a(libc_a-mlock.o)
                0x340111ac                __malloc_lock
 .text.__malloc_unlock
                0x340111b8        0xc C:/ST/STM32CubeIDE_1.19.0/STM32CubeIDE/plugins/com.st.stm32cube.ide.mcu.externaltools.gnu-tools-for-stm32.13.3.rel1.win32_1.0.0.202411081344/tools/bin/../lib/gcc/arm-none-eabi/13.3.1/../../../../arm-none-eabi/lib/thumb/v8-m.main+dp/hard\libc_nano.a(libc_a-mlock.o)
                0x340111b8                __malloc_unlock
 .text._Balloc  0x340111c4       0x80 C:/ST/STM32CubeIDE_1.19.0/STM32CubeIDE/plugins/com.st.stm32cube.ide.mcu.externaltools.gnu-tools-for-stm32.13.3.rel1.win32_1.0.0.202411081344/tools/bin/../lib/gcc/arm-none-eabi/13.3.1/../../../../arm-none-eabi/lib/thumb/v8-m.main+dp/hard\libc_nano.a(libc_a-mprec.o)
                0x340111c4                _Balloc
 .text._Bfree   0x34011244       0x44 C:/ST/STM32CubeIDE_1.19.0/STM32CubeIDE/plugins/com.st.stm32cube.ide.mcu.externaltools.gnu-tools-for-stm32.13.3.rel1.win32_1.0.0.202411081344/tools/bin/../lib/gcc/arm-none-eabi/13.3.1/../../../../arm-none-eabi/lib/thumb/v8-m.main+dp/hard\libc_nano.a(libc_a-mprec.o)
                0x34011244                _Bfree
 .text.__multadd
                0x34011288       0x90 C:/ST/STM32CubeIDE_1.19.0/STM32CubeIDE/plugins/com.st.stm32cube.ide.mcu.externaltools.gnu-tools-for-stm32.13.3.rel1.win32_1.0.0.202411081344/tools/bin/../lib/gcc/arm-none-eabi/13.3.1/../../../../arm-none-eabi/lib/thumb/v8-m.main+dp/hard\libc_nano.a(libc_a-mprec.o)
                0x34011288                __multadd
 .text.__hi0bits
                0x34011318       0x3e C:/ST/STM32CubeIDE_1.19.0/STM32CubeIDE/plugins/com.st.stm32cube.ide.mcu.externaltools.gnu-tools-for-stm32.13.3.rel1.win32_1.0.0.202411081344/tools/bin/../lib/gcc/arm-none-eabi/13.3.1/../../../../arm-none-eabi/lib/thumb/v8-m.main+dp/hard\libc_nano.a(libc_a-mprec.o)
                0x34011318                __hi0bits
 .text.__lo0bits
                0x34011356       0x5a C:/ST/STM32CubeIDE_1.19.0/STM32CubeIDE/plugins/com.st.stm32cube.ide.mcu.externaltools.gnu-tools-for-stm32.13.3.rel1.win32_1.0.0.202411081344/tools/bin/../lib/gcc/arm-none-eabi/13.3.1/../../../../arm-none-eabi/lib/thumb/v8-m.main+dp/hard\libc_nano.a(libc_a-mprec.o)
                0x34011356                __lo0bits
 .text.__i2b    0x340113b0       0x2c C:/ST/STM32CubeIDE_1.19.0/STM32CubeIDE/plugins/com.st.stm32cube.ide.mcu.externaltools.gnu-tools-for-stm32.13.3.rel1.win32_1.0.0.202411081344/tools/bin/../lib/gcc/arm-none-eabi/13.3.1/../../../../arm-none-eabi/lib/thumb/v8-m.main+dp/hard\libc_nano.a(libc_a-mprec.o)
                0x340113b0                __i2b
 .text.__multiply
                0x340113dc      0x148 C:/ST/STM32CubeIDE_1.19.0/STM32CubeIDE/plugins/com.st.stm32cube.ide.mcu.externaltools.gnu-tools-for-stm32.13.3.rel1.win32_1.0.0.202411081344/tools/bin/../lib/gcc/arm-none-eabi/13.3.1/../../../../arm-none-eabi/lib/thumb/v8-m.main+dp/hard\libc_nano.a(libc_a-mprec.o)
                0x340113dc                __multiply
 .text.__pow5mult
                0x34011524       0xb4 C:/ST/STM32CubeIDE_1.19.0/STM32CubeIDE/plugins/com.st.stm32cube.ide.mcu.externaltools.gnu-tools-for-stm32.13.3.rel1.win32_1.0.0.202411081344/tools/bin/../lib/gcc/arm-none-eabi/13.3.1/../../../../arm-none-eabi/lib/thumb/v8-m.main+dp/hard\libc_nano.a(libc_a-mprec.o)
                0x34011524                __pow5mult
 .text.__lshift
                0x340115d8       0xd8 C:/ST/STM32CubeIDE_1.19.0/STM32CubeIDE/plugins/com.st.stm32cube.ide.mcu.externaltools.gnu-tools-for-stm32.13.3.rel1.win32_1.0.0.202411081344/tools/bin/../lib/gcc/arm-none-eabi/13.3.1/../../../../arm-none-eabi/lib/thumb/v8-m.main+dp/hard\libc_nano.a(libc_a-mprec.o)
                0x340115d8                __lshift
 .text.__mcmp   0x340116b0       0x36 C:/ST/STM32CubeIDE_1.19.0/STM32CubeIDE/plugins/com.st.stm32cube.ide.mcu.externaltools.gnu-tools-for-stm32.13.3.rel1.win32_1.0.0.202411081344/tools/bin/../lib/gcc/arm-none-eabi/13.3.1/../../../../arm-none-eabi/lib/thumb/v8-m.main+dp/hard\libc_nano.a(libc_a-mprec.o)
                0x340116b0                __mcmp
 *fill*         0x340116e6        0x2 
 .text.__mdiff  0x340116e8      0x130 C:/ST/STM32CubeIDE_1.19.0/STM32CubeIDE/plugins/com.st.stm32cube.ide.mcu.externaltools.gnu-tools-for-stm32.13.3.rel1.win32_1.0.0.202411081344/tools/bin/../lib/gcc/arm-none-eabi/13.3.1/../../../../arm-none-eabi/lib/thumb/v8-m.main+dp/hard\libc_nano.a(libc_a-mprec.o)
                0x340116e8                __mdiff
 .text.__d2b    0x34011818       0xb0 C:/ST/STM32CubeIDE_1.19.0/STM32CubeIDE/plugins/com.st.stm32cube.ide.mcu.externaltools.gnu-tools-for-stm32.13.3.rel1.win32_1.0.0.202411081344/tools/bin/../lib/gcc/arm-none-eabi/13.3.1/../../../../arm-none-eabi/lib/thumb/v8-m.main+dp/hard\libc_nano.a(libc_a-mprec.o)
                0x34011818                __d2b
 .text.__ssputs_r
                0x340118c8       0xb6 C:/ST/STM32CubeIDE_1.19.0/STM32CubeIDE/plugins/com.st.stm32cube.ide.mcu.externaltools.gnu-tools-for-stm32.13.3.rel1.win32_1.0.0.202411081344/tools/bin/../lib/gcc/arm-none-eabi/13.3.1/../../../../arm-none-eabi/lib/thumb/v8-m.main+dp/hard\libc_nano.a(libc_a-nano-svfprintf.o)
                0x340118c8                __ssputs_r
 *fill*         0x3401197e        0x2 
 .text._svfprintf_r
                0x34011980      0x1f8 C:/ST/STM32CubeIDE_1.19.0/STM32CubeIDE/plugins/com.st.stm32cube.ide.mcu.externaltools.gnu-tools-for-stm32.13.3.rel1.win32_1.0.0.202411081344/tools/bin/../lib/gcc/arm-none-eabi/13.3.1/../../../../arm-none-eabi/lib/thumb/v8-m.main+dp/hard\libc_nano.a(libc_a-nano-svfprintf.o)
                0x34011980                _svfiprintf_r
                0x34011980                _svfprintf_r
 .text.__sfputc_r
                0x34011b78       0x2e C:/ST/STM32CubeIDE_1.19.0/STM32CubeIDE/plugins/com.st.stm32cube.ide.mcu.externaltools.gnu-tools-for-stm32.13.3.rel1.win32_1.0.0.202411081344/tools/bin/../lib/gcc/arm-none-eabi/13.3.1/../../../../arm-none-eabi/lib/thumb/v8-m.main+dp/hard\libc_nano.a(libc_a-nano-vfprintf.o)
 .text.__sfputs_r
                0x34011ba6       0x24 C:/ST/STM32CubeIDE_1.19.0/STM32CubeIDE/plugins/com.st.stm32cube.ide.mcu.externaltools.gnu-tools-for-stm32.13.3.rel1.win32_1.0.0.202411081344/tools/bin/../lib/gcc/arm-none-eabi/13.3.1/../../../../arm-none-eabi/lib/thumb/v8-m.main+dp/hard\libc_nano.a(libc_a-nano-vfprintf.o)
                0x34011ba6                __sfputs_r
 *fill*         0x34011bca        0x2 
 .text._vfprintf_r
                0x34011bcc      0x230 C:/ST/STM32CubeIDE_1.19.0/STM32CubeIDE/plugins/com.st.stm32cube.ide.mcu.externaltools.gnu-tools-for-stm32.13.3.rel1.win32_1.0.0.202411081344/tools/bin/../lib/gcc/arm-none-eabi/13.3.1/../../../../arm-none-eabi/lib/thumb/v8-m.main+dp/hard\libc_nano.a(libc_a-nano-vfprintf.o)
                0x34011bcc                _vfprintf_r
                0x34011bcc                _vfiprintf_r
 .text.__sflush_r
                0x34011dfc      0x108 C:/ST/STM32CubeIDE_1.19.0/STM32CubeIDE/plugins/com.st.stm32cube.ide.mcu.externaltools.gnu-tools-for-stm32.13.3.rel1.win32_1.0.0.202411081344/tools/bin/../lib/gcc/arm-none-eabi/13.3.1/../../../../arm-none-eabi/lib/thumb/v8-m.main+dp/hard\libc_nano.a(libc_a-fflush.o)
                0x34011dfc                __sflush_r
 .text._fflush_r
                0x34011f04       0x50 C:/ST/STM32CubeIDE_1.19.0/STM32CubeIDE/plugins/com.st.stm32cube.ide.mcu.externaltools.gnu-tools-for-stm32.13.3.rel1.win32_1.0.0.202411081344/tools/bin/../lib/gcc/arm-none-eabi/13.3.1/../../../../arm-none-eabi/lib/thumb/v8-m.main+dp/hard\libc_nano.a(libc_a-fflush.o)
                0x34011f04                _fflush_r
 .text.__swbuf_r
                0x34011f54       0x7c C:/ST/STM32CubeIDE_1.19.0/STM32CubeIDE/plugins/com.st.stm32cube.ide.mcu.externaltools.gnu-tools-for-stm32.13.3.rel1.win32_1.0.0.202411081344/tools/bin/../lib/gcc/arm-none-eabi/13.3.1/../../../../arm-none-eabi/lib/thumb/v8-m.main+dp/hard\libc_nano.a(libc_a-wbuf.o)
                0x34011f54                __swbuf_r
 .text.__swsetup_r
                0x34011fd0       0xac C:/ST/STM32CubeIDE_1.19.0/STM32CubeIDE/plugins/com.st.stm32cube.ide.mcu.externaltools.gnu-tools-for-stm32.13.3.rel1.win32_1.0.0.202411081344/tools/bin/../lib/gcc/arm-none-eabi/13.3.1/../../../../arm-none-eabi/lib/thumb/v8-m.main+dp/hard\libc_nano.a(libc_a-wsetup.o)
                0x34011fd0                __swsetup_r
 .text.memmove  0x3401207c       0x34 C:/ST/STM32CubeIDE_1.19.0/STM32CubeIDE/plugins/com.st.stm32cube.ide.mcu.externaltools.gnu-tools-for-stm32.13.3.rel1.win32_1.0.0.202411081344/tools/bin/../lib/gcc/arm-none-eabi/13.3.1/../../../../arm-none-eabi/lib/thumb/v8-m.main+dp/hard\libc_nano.a(libc_a-memmove.o)
                0x3401207c                memmove
 .text._raise_r
                0x340120b0       0x50 C:/ST/STM32CubeIDE_1.19.0/STM32CubeIDE/plugins/com.st.stm32cube.ide.mcu.externaltools.gnu-tools-for-stm32.13.3.rel1.win32_1.0.0.202411081344/tools/bin/../lib/gcc/arm-none-eabi/13.3.1/../../../../arm-none-eabi/lib/thumb/v8-m.main+dp/hard\libc_nano.a(libc_a-signal.o)
                0x340120b0                _raise_r
 .text.raise    0x34012100       0x10 C:/ST/STM32CubeIDE_1.19.0/STM32CubeIDE/plugins/com.st.stm32cube.ide.mcu.externaltools.gnu-tools-for-stm32.13.3.rel1.win32_1.0.0.202411081344/tools/bin/../lib/gcc/arm-none-eabi/13.3.1/../../../../arm-none-eabi/lib/thumb/v8-m.main+dp/hard\libc_nano.a(libc_a-signal.o)