Archive member included to satisfy reference by file (symbol)

D:\radar-ai-detector\radar_prj\AppliSecure\Lib\libarm_cortexM7lfdp_math.a(arm_const_structs.o)
                              ./Core/Src/fft.o (arm_cfft_sR_f32_len256)
D:\radar-ai-detector\radar_prj\AppliSecure\Lib\libarm_cortexM7lfdp_math.a(arm_common_tables.o)
                              D:\radar-ai-detector\radar_prj\AppliSecure\Lib\libarm_cortexM7lfdp_math.a(arm_const_structs.o) (armBitRevIndexTable_fixed_4096)
D:\radar-ai-detector\radar_prj\AppliSecure\Lib\libarm_cortexM7lfdp_math.a(arm_cfft_f32.o)
                              ./Core/Src/fft.o (arm_cfft_f32)
D:\radar-ai-detector\radar_prj\AppliSecure\Lib\libarm_cortexM7lfdp_math.a(arm_cmplx_mag_f32.o)
                              ./Core/Src/fft.o (arm_cmplx_mag_f32)
D:\radar-ai-detector\radar_prj\AppliSecure\Lib\libarm_cortexM7lfdp_math.a(arm_bitreversal2.o)
                              D:\radar-ai-detector\radar_prj\AppliSecure\Lib\libarm_cortexM7lfdp_math.a(arm_cfft_f32.o) (arm_bitreversal_32)
D:\radar-ai-detector\radar_prj\AppliSecure\Lib\libarm_cortexM7lfdp_math.a(arm_cfft_radix8_f32.o)
                              D:\radar-ai-detector\radar_prj\AppliSecure\Lib\libarm_cortexM7lfdp_math.a(arm_cfft_f32.o) (arm_radix8_butterfly_f32)
C:/ST/STM32CubeIDE_1.19.0/STM32CubeIDE/plugins/com.st.stm32cube.ide.mcu.externaltools.gnu-tools-for-stm32.13.3.rel1.win32_1.0.0.202411081344/tools/bin/../lib/gcc/arm-none-eabi/13.3.1/../../../../arm-none-eabi/lib/thumb/v8-m.main+dp/hard\libc_nano.a(libc_a-assert.o)
                              ./Core/Src/ads131m0x.o (__assert_func)
C:/ST/STM32CubeIDE_1.19.0/STM32CubeIDE/plugins/com.st.stm32cube.ide.mcu.externaltools.gnu-tools-for-stm32.13.3.rel1.win32_1.0.0.202411081344/tools/bin/../lib/gcc/arm-none-eabi/13.3.1/../../../../arm-none-eabi/lib/thumb/v8-m.main+dp/hard\libc_nano.a(libc_a-exit.o)
                              C:/ST/STM32CubeIDE_1.19.0/STM32CubeIDE/plugins/com.st.stm32cube.ide.mcu.externaltools.gnu-tools-for-stm32.13.3.rel1.win32_1.0.0.202411081344/tools/bin/../lib/gcc/arm-none-eabi/13.3.1/../../../../arm-none-eabi/lib/thumb/v8-m.main+dp/hard/crt0.o (exit)
C:/ST/STM32CubeIDE_1.19.0/STM32CubeIDE/plugins/com.st.stm32cube.ide.mcu.externaltools.gnu-tools-for-stm32.13.3.rel1.win32_1.0.0.202411081344/tools/bin/../lib/gcc/arm-none-eabi/13.3.1/../../../../arm-none-eabi/lib/thumb/v8-m.main+dp/hard\libc_nano.a(libc_a-nano-vfprintf_float.o)
                              (_printf_float)
C:/ST/STM32CubeIDE_1.19.0/STM32CubeIDE/plugins/com.st.stm32cube.ide.mcu.externaltools.gnu-tools-for-stm32.13.3.rel1.win32_1.0.0.202411081344/tools/bin/../lib/gcc/arm-none-eabi/13.3.1/../../../../arm-none-eabi/lib/thumb/v8-m.main+dp/hard\libc_nano.a(libc_a-nano-vfprintf_i.o)
                              C:/ST/STM32CubeIDE_1.19.0/STM32CubeIDE/plugins/com.st.stm32cube.ide.mcu.externaltools.gnu-tools-for-stm32.13.3.rel1.win32_1.0.0.202411081344/tools/bin/../lib/gcc/arm-none-eabi/13.3.1/../../../../arm-none-eabi/lib/thumb/v8-m.main+dp/hard\libc_nano.a(libc_a-nano-vfprintf_float.o) (_printf_common)
C:/ST/STM32CubeIDE_1.19.0/STM32CubeIDE/plugins/com.st.stm32cube.ide.mcu.externaltools.gnu-tools-for-stm32.13.3.rel1.win32_1.0.0.202411081344/tools/bin/../lib/gcc/arm-none-eabi/13.3.1/../../../../arm-none-eabi/lib/thumb/v8-m.main+dp/hard\libc_nano.a(libc_a-findfp.o)
                              C:/ST/STM32CubeIDE_1.19.0/STM32CubeIDE/plugins/com.st.stm32cube.ide.mcu.externaltools.gnu-tools-for-stm32.13.3.rel1.win32_1.0.0.202411081344/tools/bin/../lib/gcc/arm-none-eabi/13.3.1/../../../../arm-none-eabi/lib/thumb/v8-m.main+dp/hard\libc_nano.a(libc_a-exit.o) (__stdio_exit_handler)
C:/ST/STM32CubeIDE_1.19.0/STM32CubeIDE/plugins/com.st.stm32cube.ide.mcu.externaltools.gnu-tools-for-stm32.13.3.rel1.win32_1.0.0.202411081344/tools/bin/../lib/gcc/arm-none-eabi/13.3.1/../../../../arm-none-eabi/lib/thumb/v8-m.main+dp/hard\libc_nano.a(libc_a-fprintf.o)
                              C:/ST/STM32CubeIDE_1.19.0/STM32CubeIDE/plugins/com.st.stm32cube.ide.mcu.externaltools.gnu-tools-for-stm32.13.3.rel1.win32_1.0.0.202411081344/tools/bin/../lib/gcc/arm-none-eabi/13.3.1/../../../../arm-none-eabi/lib/thumb/v8-m.main+dp/hard\libc_nano.a(libc_a-assert.o) (fiprintf)
C:/ST/STM32CubeIDE_1.19.0/STM32CubeIDE/plugins/com.st.stm32cube.ide.mcu.externaltools.gnu-tools-for-stm32.13.3.rel1.win32_1.0.0.202411081344/tools/bin/../lib/gcc/arm-none-eabi/13.3.1/../../../../arm-none-eabi/lib/thumb/v8-m.main+dp/hard\libc_nano.a(libc_a-fwalk.o)
                              C:/ST/STM32CubeIDE_1.19.0/STM32CubeIDE/plugins/com.st.stm32cube.ide.mcu.externaltools.gnu-tools-for-stm32.13.3.rel1.win32_1.0.0.202411081344/tools/bin/../lib/gcc/arm-none-eabi/13.3.1/../../../../arm-none-eabi/lib/thumb/v8-m.main+dp/hard\libc_nano.a(libc_a-findfp.o) (_fwalk_sglue)
[...]
Memory Configuration

Name             Origin             Length             Attributes
ROM              0x34000400         0x0007fc00         xrw
RAM              0x34080000         0x00180000         xrw
*default*        0x00000000         0xffffffff

Linker script and memory map

LOAD C:/ST/STM32CubeIDE_1.19.0/STM32CubeIDE/plugins/com.st.stm32cube.ide.mcu.externaltools.gnu-tools-for-stm32.13.3.rel1.win32_1.0.0.202411081344/tools/bin/../lib/gcc/arm-none-eabi/13.3.1/thumb/v8-m.main+dp/hard/crti.o
LOAD C:/ST/STM32CubeIDE_1.19.0/STM32CubeIDE/plugins/com.st.stm32cube.ide.mcu.externaltools.gnu-tools-for-stm32.13.3.rel1.win32_1.0.0.202411081344/tools/bin/../lib/gcc/arm-none-eabi/13.3.1/thumb/v8-m.main+dp/hard/crtbegin.o
LOAD C:/ST/STM32CubeIDE_1.19.0/STM32CubeIDE/plugins/com.st.stm32cube.ide.mcu.externaltools.gnu-tools-for-stm32.13.3.rel1.win32_1.0.0.202411081344/tools/bin/../lib/gcc/arm-none-eabi/13.3.1/../../../../arm-none-eabi/lib/thumb/v8-m.main+dp/hard/crt0.o
LOAD ./Core/Src/ads131m0x.o
LOAD ./Core/Src/diskio.o
LOAD ./Core/Src/ff.o
LOAD ./Core/Src/fft.o
LOAD ./Core/Src/main.o
LOAD ./Core/Src/radar.o
LOAD ./Core/Src/radar_features.o
LOAD ./Core/Src/sd_logger.o
LOAD ./Core/Src/secure_nsc.o
LOAD ./Core/Src/stm32n6xx_hal_msp.o
LOAD ./Core/Src/stm32n6xx_it.o
LOAD ./Core/Src/syscalls.o
LOAD ./Core/Src/sysmem.o
LOAD ./Core/Src/system_stm32n6xx_s.o
LOAD ./Core/Startup/startup_stm32n657x0hxq.o
LOAD ./Drivers/STM32N6xx_HAL_Driver/stm32n6xx_hal.o
LOAD ./Drivers/STM32N6xx_HAL_Driver/stm32n6xx_hal_cortex.o
LOAD ./Drivers/STM32N6xx_HAL_Driver/stm32n6xx_hal_dma.o
LOAD ./Drivers/STM32N6xx_HAL_Driver/stm32n6xx_hal_dma_ex.o
LOAD ./Drivers/STM32N6xx_HAL_Driver/stm32n6xx_hal_exti.o
LOAD ./Drivers/STM32N6xx_HAL_Driver/stm32n6xx_hal_gpio.o
LOAD ./Drivers/STM32N6xx_HAL_Driver/stm32n6xx_hal_mmc.o
LOAD ./Drivers/STM32N6xx_HAL_Driver/stm32n6xx_hal_mmc_ex.o
LOAD ./Drivers/STM32N6xx_HAL_Driver/stm32n6xx_hal_pwr.o
LOAD ./Drivers/STM32N6xx_HAL_Driver/stm32n6xx_hal_pwr_ex.o
LOAD ./Drivers/STM32N6xx_HAL_Driver/stm32n6xx_hal_rcc.o
LOAD ./Drivers/STM32N6xx_HAL_Driver/stm32n6xx_hal_rcc_ex.o
LOAD ./Drivers/STM32N6xx_HAL_Driver/stm32n6xx_hal_sd.o
LOAD ./Drivers/STM32N6xx_HAL_Driver/stm32n6xx_hal_sd_ex.o
LOAD ./Drivers/STM32N6xx_HAL_Driver/stm32n6xx_hal_sdio.o
LOAD ./Drivers/STM32N6xx_HAL_Driver/stm32n6xx_hal_spi.o
LOAD ./Drivers/STM32N6xx_HAL_Driver/stm32n6xx_hal_spi_ex.o
LOAD ./Drivers/STM32N6xx_HAL_Driver/stm32n6xx_hal_uart.o
LOAD ./Drivers/STM32N6xx_HAL_Driver/stm32n6xx_hal_uart_ex.o
LOAD ./Drivers/STM32N6xx_HAL_Driver/stm32n6xx_ll_sdmmc.o
LOAD D:\radar-ai-detector\radar_prj\AppliSecure\Lib\libarm_cortexM7lfdp_math.a
START GROUP
LOAD C:/ST/STM32CubeIDE_1.19.0/STM32CubeIDE/plugins/com.st.stm32cube.ide.mcu.externaltools.gnu-tools-for-stm32.13.3.rel1.win32_1.0.0.202411081344/tools/bin/../lib/gcc/arm-none-eabi/13.3.1/../../../../arm-none-eabi/lib/thumb/v8-m.main+dp/hard\libc_nano.a
LOAD C:/ST/STM32CubeIDE_1.19.0/STM32CubeIDE/plugins/com.st.stm32cube.ide.mcu.externaltools.gnu-tools-for-stm32.13.3.rel1.win32_1.0.0.202411081344/tools/bin/../lib/gcc/arm-none-eabi/13.3.1/../../../../arm-none-eabi/lib/thumb/v8-m.main+dp/hard\libm.a
END GROUP
START GROUP
LOAD C:/ST/STM32CubeIDE_1.19.0/STM32CubeIDE/plugins/com.st.stm32cube.ide.mcu.externaltools.gnu-tools-for-stm32.13.3.rel1.win32_1.0.0.202411081344/tools/bin/../lib/gcc/arm-none-eabi/13.3.1/thumb/v8-m.main+dp/hard\libgcc.a
LOAD C:/ST/STM32CubeIDE_1.19.0/STM32CubeIDE/plugins/com.st.stm32cube.ide.mcu.externaltools.gnu-tools-for-stm32.13.3.rel1.win32_1.0.0.202411081344/tools/bin/../lib/gcc/arm-none-eabi/13.3.1/../../../../arm-none-eabi/lib/thumb/v8-m.main+dp/hard\libc_nano.a
END GROUP
START GROUP
LOAD C:/ST/STM32CubeIDE_1.19.0/STM32CubeIDE/plugins/com.st.stm32cube.ide.mcu.externaltools.gnu-tools-for-stm32.13.3.rel1.win32_1.0.0.202411081344/tools/bin/../lib/gcc/arm-none-eabi/13.3.1/thumb/v8-m.main+dp/hard\libgcc.a
LOAD C:/ST/STM32CubeIDE_1.19.0/STM32CubeIDE/plugins/com.st.stm32cube.ide.mcu.externaltools.gnu-tools-for-stm32.13.3.rel1.win32_1.0.0.202411081344/tools/bin/../lib/gcc/arm-none-eabi/13.3.1/../../../../arm-none-eabi/lib/thumb/v8-m.main+dp/hard\libc_nano.a
LOAD C:/ST/STM32CubeIDE_1.19.0/STM32CubeIDE/plugins/com.st.stm32cube.ide.mcu.externaltools.gnu-tools-for-stm32.13.3.rel1.win32_1.0.0.202411081344/tools/bin/../lib/gcc/arm-none-eabi/13.3.1/../../../../arm-none-eabi/lib/thumb/v8-m.main+dp/hard\libnosys.a
END GROUP
START GROUP
LOAD C:/ST/STM32CubeIDE_1.19.0/STM32CubeIDE/plugins/com.st.stm32cube.ide.mcu.externaltools.gnu-tools-for-stm32.13.3.rel1.win32_1.0.0.202411081344/tools/bin/../lib/gcc/arm-none-eabi/13.3.1/thumb/v8-m.main+dp/hard\libgcc.a
LOAD C:/ST/STM32CubeIDE_1.19.0/STM32CubeIDE/plugins/com.st.stm32cube.ide.mcu.externaltools.gnu-tools-for-stm32.13.3.rel1.win32_1.0.0.202411081344/tools/bin/../lib/gcc/arm-none-eabi/13.3.1/../../../../arm-none-eabi/lib/thumb/v8-m.main+dp/hard\libc_nano.a
LOAD C:/ST/STM32CubeIDE_1.19.0/STM32CubeIDE/plugins/com.st.stm32cube.ide.mcu.externaltools.gnu-tools-for-stm32.13.3.rel1.win32_1.0.0.202411081344/tools/bin/../lib/gcc/arm-none-eabi/13.3.1/../../../../arm-none-eabi/lib/thumb/v8-m.main+dp/hard\libnosys.a
END GROUP
LOAD C:/ST/STM32CubeIDE_1.19.0/STM32CubeIDE/plugins/com.st.stm32cube.ide.mcu.externaltools.gnu-tools-for-stm32.13.3.rel1.win32_1.0.0.202411081344/tools/bin/../lib/gcc/arm-none-eabi/13.3.1/thumb/v8-m.main+dp/hard/crtend.o
LOAD C:/ST/STM32CubeIDE_1.19.0/STM32CubeIDE/plugins/com.st.stm32cube.ide.mcu.externaltools.gnu-tools-for-stm32.13.3.rel1.win32_1.0.0.202411081344/tools/bin/../lib/gcc/arm-none-eabi/13.3.1/thumb/v8-m.main+dp/hard/crtn.o
                0x34200000                        _estack = (ORIGIN (RAM) + LENGTH (RAM))
                0x341ff800                        _sstack = (_estack - _Min_Stack_Size)
                0x00000200                        _Min_Heap_Size = 0x200
                0x00000800                        _Min_Stack_Size = 0x800

.isr_vector     0x34000400      0x34c
                0x34000400                        . = ALIGN (0x4)
 *(.isr_vector)
 .isr_vector    0x34000400      0x34c ./Core/Startup/startup_stm32n657x0hxq.o
                0x34000400                g_pfnVectors
                0x3400074c                        . = ALIGN (0x4)

.text           0x34000750    0x18200
                0x34000750                        . = ALIGN (0x4)
 *(.text)
 .text          0x34000750       0x40 C:/ST/STM32CubeIDE_1.19.0/STM32CubeIDE/plugins/com.st.stm32cube.ide.mcu.externaltools.gnu-tools-for-stm32.13.3.rel1.win32_1.0.0.202411081344/tools/bin/../lib/gcc/arm-none-eabi/13.3.1/thumb/v8-m.main+dp/hard/crtbegin.o
 .text          0x34000790       0xc0 D:\radar-ai-detector\radar_prj\AppliSecure\Lib\libarm_cortexM7lfdp_math.a(arm_bitreversal2.o)
                0x34000790                arm_bitreversal_32
                0x340007fa                arm_bitreversal_16
 .text          0x34000850       0x10 C:/ST/STM32CubeIDE_1.19.0/STM32CubeIDE/plugins/com.st.stm32cube.ide.mcu.externaltools.gnu-tools-for-stm32.13.3.rel1.win32_1.0.0.202411081344/tools/bin/../lib/gcc/arm-none-eabi/13.3.1/../../../../arm-none-eabi/lib/thumb/v8-m.main+dp/hard\libc_nano.a(libc_a-strlen.o)
                0x34000850                strlen
 .text          0x34000860      0x378 C:/ST/STM32CubeIDE_1.19.0/STM32CubeIDE/plugins/com.st.stm32cube.ide.mcu.externaltools.gnu-tools-for-stm32.13.3.rel1.win32_1.0.0.202411081344/tools/bin/../lib/gcc/arm-none-eabi/13.3.1/thumb/v8-m.main+dp/hard\libgcc.a(_arm_addsubdf3.o)
                0x34000860                __aeabi_drsub
                0x34000868                __aeabi_dsub
                0x34000868                __subdf3
                0x3400086c                __aeabi_dadd
                0x3400086c                __adddf3
                0x34000ae4                __floatunsidf
                0x34000ae4                __aeabi_ui2d
                0x34000b04                __floatsidf
                0x34000b04                __aeabi_i2d
                0x34000b28                __aeabi_f2d
                0x34000b28                __extendsfdf2
                0x34000b6c                __floatundidf
                0x34000b6c                __aeabi_ul2d
                0x34000b7c                __floatdidf
                0x34000b7c                __aeabi_l2d
 .text          0x34000bd8       0x30 C:/ST/STM32CubeIDE_1.19.0/STM32CubeIDE/plugins/com.st.stm32cube.ide.mcu.externaltools.gnu-tools-for-stm32.13.3.rel1.win32_1.0.0.202411081344/tools/bin/../lib/gcc/arm-none-eabi/13.3.1/thumb/v8-m.main+dp/hard\libgcc.a(_aeabi_uldivmod.o)
                0x34000bd8                __aeabi_uldivmod
 .text          0x34000c08      0x348 C:/ST/STM32CubeIDE_1.19.0/STM32CubeIDE/plugins/com.st.stm32cube.ide.mcu.externaltools.gnu-tools-for-stm32.13.3.rel1.win32_1.0.0.202411081344/tools/bin/../lib/gcc/arm-none-eabi/13.3.1/thumb/v8-m.main+dp/hard\libgcc.a(_udivmoddi4.o)
                0x34000c08                __udivmoddi4
 .text          0x34000f50        0x4 C:/ST/STM32CubeIDE_1.19.0/STM32CubeIDE/plugins/com.st.stm32cube.ide.mcu.externaltools.gnu-tools-for-stm32.13.3.rel1.win32_1.0.0.202411081344/tools/bin/../lib/gcc/arm-none-eabi/13.3.1/thumb/v8-m.main+dp/hard\libgcc.a(_dvmd_tls.o)
                0x34000f50                __aeabi_idiv0
                0x34000f50                __aeabi_ldiv0
 *(.text*)
 .text.HAL_SPI_AdcCallback
                0x34000f54       0x18 ./Core/Src/ads131m0x.o
                0x34000f54                HAL_SPI_AdcCallback
 .text.HAL_SPI_TX_AdcCallback
                0x34000f6c       0x18 ./Core/Src/ads131m0x.o
                0x34000f6c                HAL_SPI_TX_AdcCallback
 .text.HAL_DRDY_AdcCallback
                0x34000f84       0x18 ./Core/Src/ads131m0x.o
                0x34000f84                HAL_DRDY_AdcCallback
 .text.getRegisterValue
                0x34000f9c       0x3c ./Core/Src/ads131m0x.o
                0x34000f9c                getRegisterValue
 .text.setCS    0x34000fd8       0x24 ./Core/Src/ads131m0x.o
                0x34000fd8                setCS
 .text.sendCommandDMA
                0x34000ffc       0xa4 ./Core/Src/ads131m0x.o
                0x34000ffc                sendCommandDMA
 .text.adcStartup
                0x340010a0      0x128 ./Core/Src/ads131m0x.o
                0x340010a0                adcStartup
 .text.writeSingleRegister
                0x340011c8      0x210 ./Core/Src/ads131m0x.o
                0x340011c8                writeSingleRegister
 .text.SETGAIN  0x340013d8       0x4c ./Core/Src/ads131m0x.o
                0x340013d8                SETGAIN
 .text.SETCLOCK
                0x34001424       0x4e ./Core/Src/ads131m0x.o
                0x34001424                SETCLOCK
 .text.SETDCBLOCK
                0x34001472       0x3c ./Core/Src/ads131m0x.o
                0x34001472                SETDCBLOCK
 .text.CH0OFFSET
                0x340014ae       0x5e ./Core/Src/ads131m0x.o
                0x340014ae                CH0OFFSET
 .text.CH1OFFSET
                0x3400150c       0x5e ./Core/Src/ads131m0x.o
                0x3400150c                CH1OFFSET
 *fill*         0x3400156a        0x2 
 .text.AutoOffsetCH0CH1
                0x3400156c      0x198 ./Core/Src/ads131m0x.o
                0x3400156c                AutoOffsetCH0CH1
 .text.crc8     0x34001704       0x44 ./Core/Src/ads131m0x.o
                0x34001704                crc8
 .text.CommandHandler
                0x34001748       0x90 ./Core/Src/ads131m0x.o
                0x34001748                CommandHandler
 .text.readData_DMA
                0x340017d8       0x34 ./Core/Src/ads131m0x.o
                0x340017d8                readData_DMA
 .text.sendCommand
                0x3400180c      0x1a0 ./Core/Src/ads131m0x.o
                0x3400180c                sendCommand
 .text.restoreRegisterDefaults
                0x340019ac       0xd8 ./Core/Src/ads131m0x.o
                0x340019ac                restoreRegisterDefaults
 .text.upperByte
                0x34001a84       0x20 ./Core/Src/ads131m0x.o
                0x34001a84                upperByte
 .text.lowerByte
                0x34001aa4       0x1c ./Core/Src/ads131m0x.o
                0x34001aa4                lowerByte
 .text.combineBytes
                0x34001ac0       0x30 ./Core/Src/ads131m0x.o
                0x34001ac0                combineBytes
 .text.buildSPIarray
                0x34001af0       0x9c ./Core/Src/ads131m0x.o
                0x34001af0                buildSPIarray
 .text.enforce_selected_device_modes
                0x34001b8c       0x42 ./Core/Src/ads131m0x.o
                0x34001b8c                enforce_selected_device_modes
 *fill*         0x34001bce        0x2 
 .text.wait_ready
                0x34001bd0       0x40 ./Core/Src/diskio.o
 .text.disk_status
                0x34001c10       0x22 ./Core/Src/diskio.o
                0x34001c10                disk_status
 .text.disk_initialize
                0x34001c32       0x22 ./Core/Src/diskio.o
                0x34001c32                disk_initialize
 .text.disk_read
                0x34001c54       0x50 ./Core/Src/diskio.o
                0x34001c54                disk_read
 .text.disk_write
                0x34001ca4       0x50 ./Core/Src/diskio.o
                0x34001ca4                disk_write
 .text.disk_ioctl
                0x34001cf4       0x84 ./Core/Src/diskio.o
                0x34001cf4                disk_ioctl
 .text.ld_16    0x34001d78       0x32 ./Core/Src/ff.o
 .text.ld_32    0x34001daa       0x46 ./Core/Src/ff.o
 .text.st_16    0x34001df0       0x36 ./Core/Src/ff.o
 .text.st_32    0x34001e26       0x58 ./Core/Src/ff.o
 .text.dbc_1st  0x34001e7e       0x40 ./Core/Src/ff.o
 .text.dbc_2nd  0x34001ebe       0x54 ./Core/Src/ff.o
 .text.sync_window
                0x34001f12       0x78 ./Core/Src/ff.o
 .text.move_window
                0x34001f8a       0x5a ./Core/Src/ff.o
 .text.sync_fs  0x34001fe4       0xe0 ./Core/Src/ff.o
 .text.clst2sect
                0x340020c4       0x3e ./Core/Src/ff.o
 .text.get_fat  0x34002102      0x14e ./Core/Src/ff.o
 .text.put_fat  0x34002250      0x1d4 ./Core/Src/ff.o
 .text.remove_chain
                0x34002424       0xca ./Core/Src/ff.o
 .text.create_chain
                0x340024ee      0x1aa ./Core/Src/ff.o
 .text.dir_clear
                0x34002698       0x90 ./Core/Src/ff.o
 .text.dir_sdi  0x34002728       0xf6 ./Core/Src/ff.o
 .text.dir_next
                0x3400281e      0x12c ./Core/Src/ff.o
 .text.dir_alloc
                0x3400294a       0x8e ./Core/Src/ff.o
 .text.ld_clust
                0x340029d8       0x3e ./Core/Src/ff.o
 .text.st_clust
                0x34002a16       0x40 ./Core/Src/ff.o
 .text.dir_find
                0x34002a56       0xaa ./Core/Src/ff.o
 .text.dir_register
                0x34002b00       0x64 ./Core/Src/ff.o
 .text.get_fileinfo
                0x34002b64       0xd0 ./Core/Src/ff.o
 .text.create_name
                0x34002c34      0x190 ./Core/Src/ff.o
 .text.follow_path
                0x34002dc4       0xde ./Core/Src/ff.o
 .text.get_ldnumber
                0x34002ea2       0x84 ./Core/Src/ff.o
 *fill*         0x34002f26        0x2 
 .text.check_fs
                0x34002f28      0x148 ./Core/Src/ff.o
 .text.find_volume
                0x34003070       0xbe ./Core/Src/ff.o
 *fill*         0x3400312e        0x2 
 .text.mount_volume
                0x34003130      0x3f4 ./Core/Src/ff.o
 .text.validate
                0x34003524       0x6a ./Core/Src/ff.o
 *fill*         0x3400358e        0x2 
 .text.f_mount  0x34003590       0x94 ./Core/Src/ff.o
                0x34003590                f_mount
 .text.f_open   0x34003624      0x314 ./Core/Src/ff.o
                0x34003624                f_open
 .text.f_write  0x34003938      0x2d2 ./Core/Src/ff.o
                0x34003938                f_write
 *fill*         0x34003c0a        0x2 
 .text.f_sync   0x34003c0c       0xfc ./Core/Src/ff.o
                0x34003c0c                f_sync
 .text.f_close  0x34003d08       0x40 ./Core/Src/ff.o
                0x34003d08                f_close
 .text.f_stat   0x34003d48       0x86 ./Core/Src/ff.o
                0x34003d48                f_stat
 .text.checksum_xor
                0x34003dce       0x3e ./Core/Src/fft.o
 .text.fftshift_inplace
                0x34003e0c       0x66 ./Core/Src/fft.o
 *fill*         0x34003e72        0x2 
 .text.hamming  0x34003e74       0x58 ./Core/Src/fft.o
 .text.FFT_Init
                0x34003ecc       0x48 ./Core/Src/fft.o
                0x34003ecc                FFT_Init
 .text.FFT_PushSample
                0x34003f14       0x8c ./Core/Src/fft.o
                0x34003f14                FFT_PushSample
 .text.FFT_IsReady
                0x34003fa0       0x18 ./Core/Src/fft.o
                0x34003fa0                FFT_IsReady
 .text.FFT_Process
                0x34003fb8      0x1a0 ./Core/Src/fft.o
                0x34003fb8                FFT_Process
 .text.FFT_TransmitDone
                0x34004158       0x18 ./Core/Src/fft.o
                0x34004158                FFT_TransmitDone
 .text.FFT_Reset
                0x34004170       0x2c ./Core/Src/fft.o
                0x34004170                FFT_Reset
 .text.FFT_TxCompleteCallback
                0x3400419c       0x18 ./Core/Src/fft.o
                0x3400419c                FFT_TxCompleteCallback
 .text.FFT_GetMagnitude
                0x340041b4       0x14 ./Core/Src/fft.o
                0x340041b4                FFT_GetMagnitude
 .text.LL_AHB1_GRP1_EnableClock
                0x340041c8       0x2c ./Core/Src/main.o
 .text.LL_AHB3_GRP1_EnableClock
                0x340041f4       0x2c ./Core/Src/main.o
 .text.LL_AHB4_GRP1_EnableClock
                0x34004220       0x2c ./Core/Src/main.o
 .text.main     0x3400424c      0x184 ./Core/Src/main.o
                0x3400424c                main
 .text.HAL_SPI_TxCpltCallback
                0x340043d0       0x24 ./Core/Src/main.o
                0x340043d0                HAL_SPI_TxCpltCallback
 .text.HAL_UART_TxCpltCallback
                0x340043f4       0x24 ./Core/Src/main.o
                0x340043f4                HAL_UART_TxCpltCallback
 .text.MX_GPDMA1_Init
                0x34004418       0x4e ./Core/Src/main.o
 *fill*         0x34004466        0x2 
 .text.MX_SDMMC2_SD_Init
                0x34004468       0x40 ./Core/Src/main.o
 .text.MX_SPI5_Init
                0x340044a8       0xac ./Core/Src/main.o
 .text.MX_USART1_UART_Init
                0x34004554       0x9c ./Core/Src/main.o
 .text.MX_GPIO_Init
                0x340045f0       0xdc ./Core/Src/main.o
 .text.SystemIsolation_Config
                0x340046cc       0x68 ./Core/Src/main.o
 .text.Error_Handler
                0x34004734        0xc ./Core/Src/main.o
                0x34004734                Error_Handler
 .text.ADS_Init
                0x34004740       0x50 ./Core/Src/radar.o
                0x34004740                ADS_Init
 .text.DrdyPulseCallback
                0x34004790       0x18 ./Core/Src/radar.o
                0x34004790                DrdyPulseCallback
 .text.DrdyExti
                0x340047a8       0x28 ./Core/Src/radar.o
                0x340047a8                DrdyExti
 .text.UartStartReceive
                0x340047d0       0x1c ./Core/Src/radar.o
                0x340047d0                UartStartReceive
 .text.UartRxcallback
                0x340047ec       0x38 ./Core/Src/radar.o
                0x340047ec                UartRxcallback
 .text.RadarFeatures_Compute
                0x34004824      0x2e4 ./Core/Src/radar_features.o
                0x34004824                RadarFeatures_Compute
 .text.RadarFeatures_Print
                0x34004b08      0x134 ./Core/Src/radar_features.o
                0x34004b08                RadarFeatures_Print
 .text.SD_Logger_Init
                0x34004c3c       0xe8 ./Core/Src/sd_logger.o
                0x34004c3c                SD_Logger_Init
 .text.SD_Logger_Write
                0x34004d24      0x154 ./Core/Src/sd_logger.o
                0x34004d24                SD_Logger_Write
 .text.SD_Logger_Flush
                0x34004e78       0x40 ./Core/Src/sd_logger.o
                0x34004e78                SD_Logger_Flush
 .text.SD_Logger_IsReady
                0x34004eb8       0x18 ./Core/Src/sd_logger.o
                0x34004eb8                SD_Logger_IsReady
 .text.SECURE_RegisterCallback
                0x34004ed0       0x54 ./Core/Src/secure_nsc.o
                0x34004ed0                __acle_se_SECURE_RegisterCallback
 .text.LL_AHB4_GRP1_EnableClock
                0x34004f24       0x2c ./Core/Src/stm32n6xx_hal_msp.o
 .text.LL_AHB5_GRP1_EnableClock
                0x34004f50       0x2c ./Core/Src/stm32n6xx_hal_msp.o
 .text.LL_APB2_GRP1_EnableClock
                0x34004f7c       0x2c ./Core/Src/stm32n6xx_hal_msp.o
 .text.HAL_MspInit
                0x34004fa8       0x18 ./Core/Src/stm32n6xx_hal_msp.o
                0x34004fa8                HAL_MspInit
 .text.HAL_SD_MspInit
                0x34004fc0      0x128 ./Core/Src/stm32n6xx_hal_msp.o
                0x34004fc0                HAL_SD_MspInit
 .text.HAL_SPI_MspInit
                0x340050e8      0x268 ./Core/Src/stm32n6xx_hal_msp.o
                0x340050e8                HAL_SPI_MspInit
 .text.HAL_UART_MspInit
                0x34005350      0x1f4 ./Core/Src/stm32n6xx_hal_msp.o
                0x34005350                HAL_UART_MspInit
 .text.adc_to_float
                0x34005544       0x58 ./Core/Src/stm32n6xx_it.o
 .text.NMI_Handler
                0x3400559c        0x8 ./Core/Src/stm32n6xx_it.o
                0x3400559c                NMI_Handler
 .text.HardFault_Handler
                0x340055a4        0x8 ./Core/Src/stm32n6xx_it.o
                0x340055a4                HardFault_Handler
 .text.MemManage_Handler
                0x340055ac        0x8 ./Core/Src/stm32n6xx_it.o
                0x340055ac                MemManage_Handler
 .text.BusFault_Handler
                0x340055b4        0x8 ./Core/Src/stm32n6xx_it.o
                0x340055b4                BusFault_Handler
 .text.UsageFault_Handler
                0x340055bc        0x8 ./Core/Src/stm32n6xx_it.o
                0x340055bc                UsageFault_Handler
 .text.SecureFault_Handler
                0x340055c4        0x8 ./Core/Src/stm32n6xx_it.o
                0x340055c4                SecureFault_Handler
 .text.SVC_Handler
                0x340055cc        0xe ./Core/Src/stm32n6xx_it.o
                0x340055cc                SVC_Handler
 .text.DebugMon_Handler
                0x340055da        0xe ./Core/Src/stm32n6xx_it.o
                0x340055da                DebugMon_Handler
 .text.PendSV_Handler
                0x340055e8        0xe ./Core/Src/stm32n6xx_it.o
                0x340055e8                PendSV_Handler
 .text.SysTick_Handler
                0x340055f6        0xc ./Core/Src/stm32n6xx_it.o
                0x340055f6                SysTick_Handler
 *fill*         0x34005602        0x2 
 .text.EXTI11_IRQHandler
                0x34005604       0x34 ./Core/Src/stm32n6xx_it.o
                0x34005604                EXTI11_IRQHandler
 .text.GPDMA1_Channel0_IRQHandler
                0x34005638       0x68 ./Core/Src/stm32n6xx_it.o
                0x34005638                GPDMA1_Channel0_IRQHandler
 .text.GPDMA1_Channel1_IRQHandler
                0x340056a0       0x18 ./Core/Src/stm32n6xx_it.o
                0x340056a0                GPDMA1_Channel1_IRQHandler
 .text.GPDMA1_Channel2_IRQHandler
                0x340056b8       0x1c ./Core/Src/stm32n6xx_it.o
                0x340056b8                GPDMA1_Channel2_IRQHandler
 .text.GPDMA1_Channel3_IRQHandler
                0x340056d4       0x14 ./Core/Src/stm32n6xx_it.o
                0x340056d4                GPDMA1_Channel3_IRQHandler
 .text.SPI5_IRQHandler
                0x340056e8       0x14 ./Core/Src/stm32n6xx_it.o
                0x340056e8                SPI5_IRQHandler
 .text.USART1_IRQHandler
                0x340056fc       0x14 ./Core/Src/stm32n6xx_it.o
                0x340056fc                USART1_IRQHandler
 .text._getpid  0x34005710       0x10 ./Core/Src/syscalls.o
                0x34005710                _getpid
 .text._kill    0x34005720       0x20 ./Core/Src/syscalls.o
                0x34005720                _kill
 .text._exit    0x34005740       0x16 ./Core/Src/syscalls.o
                0x34005740                _exit
 .text._read    0x34005756       0x3a ./Core/Src/syscalls.o
                0x34005756                _read
 .text._write   0x34005790       0x38 ./Core/Src/syscalls.o
                0x34005790                _write
 .text._close   0x340057c8       0x18 ./Core/Src/syscalls.o
                0x340057c8                _close
 .text._fstat   0x340057e0       0x20 ./Core/Src/syscalls.o
                0x340057e0                _fstat
 .text._isatty  0x34005800       0x16 ./Core/Src/syscalls.o
                0x34005800                _isatty
 .text._lseek   0x34005816       0x1a ./Core/Src/syscalls.o
                0x34005816                _lseek
 .text._sbrk    0x34005830       0x6c ./Core/Src/sysmem.o
                0x34005830                _sbrk
 .text.TZ_SAU_Setup
                0x3400589c       0x74 ./Core/Src/system_stm32n6xx_s.o
 .text.SystemInit
                0x34005910       0x70 ./Core/Src/system_stm32n6xx_s.o
                0x34005910                SystemInit
 .text.SystemCoreClockUpdate
                0x34005980      0x350 ./Core/Src/system_stm32n6xx_s.o
                0x34005980                SystemCoreClockUpdate
 .text.SECURE_SystemCoreClockUpdate
                0x34005cd0       0x2c ./Core/Src/system_stm32n6xx_s.o
                0x34005cd0                __acle_se_SECURE_SystemCoreClockUpdate
 .text.Reset_Handler
                0x34005cfc       0x5c ./Core/Startup/startup_stm32n657x0hxq.o
                0x34005cfc                Reset_Handler
 .text.Default_Handler
                0x34005d58        0x2 ./Core/Startup/startup_stm32n657x0hxq.o
                0x34005d58                HPDMA1_Channel13_IRQHandler
                0x34005d58                EXTI2_IRQHandler
                0x34005d58                MCE2_IRQHandler
                0x34005d58                TIM8_CC_IRQHandler
                0x34005d58                USB2_OTG_HS_IRQHandler
                0x34005d58                SAI1_A_IRQHandler
                0x34005d58                EXTI5_IRQHandler
                0x34005d58                I3C1_ER_IRQHandler
                0x34005d58                UART8_IRQHandler
                0x34005d58                CTI_INT0_IRQHandler
                0x34005d58                SPI4_IRQHandler
                0x34005d58                LTDC_LO_IRQHandler
                0x34005d58                NPU2_IRQHandler
                0x34005d58                FDCAN3_IT0_IRQHandler
                0x34005d58                EXTI13_IRQHandler
                0x34005d58                TIM1_CC_IRQHandler
                0x34005d58                XSPI1_IRQHandler
                0x34005d58                TIM10_IRQHandler
                0x34005d58                JPEG_IRQHandler
                0x34005d58                TAMP_IRQHandler
                0x34005d58                CACHE_ECC_IRQHandler
                0x34005d58                TIM6_IRQHandler
                0x34005d58                CSI_IRQHandler
                0x34005d58                EXTI12_IRQHandler
                0x34005d58                GFXTIM_IRQHandler
                0x34005d58                EXTI3_IRQHandler
                0x34005d58                LPTIM4_IRQHandler
                0x34005d58                GPDMA1_Channel5_IRQHandler
                0x34005d58                EXTI8_IRQHandler
                0x34005d58                LPTIM2_IRQHandler
                0x34005d58                GFXMMU_IRQHandler
                0x34005d58                LTDC_LO_ERR_IRQHandler
                0x34005d58                I2C3_ER_IRQHandler
                0x34005d58                RIFSC_TAMPER_IRQHandler
                0x34005d58                USART10_IRQHandler
                0x34005d58                MDF1_FLT2_IRQHandler
                0x34005d58                LPTIM3_IRQHandler
                0x34005d58                SAI2_A_IRQHandler
                0x34005d58                EXTI0_IRQHandler
                0x34005d58                HPDMA1_Channel9_IRQHandler
                0x34005d58                I2C2_EV_IRQHandler
                0x34005d58                GPU2D_IRQHandler
                0x34005d58                FPU_IRQHandler
                0x34005d58                GPDMA1_Channel7_IRQHandler
                0x34005d58                MDF1_FLT4_IRQHandler
                0x34005d58                FDCAN1_IT1_IRQHandler
                0x34005d58                HPDMA1_Channel3_IRQHandler
                0x34005d58                ADC1_2_IRQHandler
                0x34005d58                GPDMA1_Channel9_IRQHandler
                0x34005d58                SPI1_IRQHandler
                0x34005d58                CACHEAXI_IRQHandler
                0x34005d58                SAI1_B_IRQHandler
                0x34005d58                PAHB_ERR_IRQHandler
                0x34005d58                TIM8_UP_IRQHandler
                0x34005d58                RCC_S_IRQHandler
                0x34005d58                MDF1_FLT1_IRQHandler
                0x34005d58                LTDC_UP_IRQHandler
                0x34005d58                LOCKUP_IRQHandler
                0x34005d58                PKA_IRQHandler
                0x34005d58                USART6_IRQHandler
                0x34005d58                HPDMA1_Channel2_IRQHandler
                0x34005d58                MDF1_FLT5_IRQHandler
                0x34005d58                MCE4_IRQHandler
                0x34005d58                I3C2_ER_IRQHandler
                0x34005d58                EXTI15_IRQHandler
                0x34005d58                TIM17_IRQHandler
                0x34005d58                USART3_IRQHandler
                0x34005d58                HPDMA1_Channel6_IRQHandler
                0x34005d58                CRYP_IRQHandler
                0x34005d58                RTC_IRQHandler
                0x34005d58                XSPI2_IRQHandler
                0x34005d58                EXTI9_IRQHandler
                0x34005d58                IAC_IRQHandler
                0x34005d58                HPDMA1_Channel0_IRQHandler
                0x34005d58                LPTIM5_IRQHandler
                0x34005d58                HPDMA1_Channel1_IRQHandler
                0x34005d58                UART5_IRQHandler
                0x34005d58                TIM4_IRQHandler
                0x34005d58                NPU3_IRQHandler
                0x34005d58                I3C2_EV_IRQHandler
                0x34005d58                I2C1_EV_IRQHandler
                0x34005d58                FDCAN_CU_IRQHandler
                0x34005d58                GPDMA1_Channel12_IRQHandler
                0x34005d58                HPDMA1_Channel7_IRQHandler
                0x34005d58                TIM16_IRQHandler
                0x34005d58                GPDMA1_Channel15_IRQHandler
                0x34005d58                UART4_IRQHandler
                0x34005d58                TCM_ECC_IRQHandler
                0x34005d58                TIM3_IRQHandler
                0x34005d58                RCC_IRQHandler
                0x34005d58                UART9_IRQHandler
                0x34005d58                NPU1_IRQHandler
                0x34005d58                SAI2_B_IRQHandler
                0x34005d58                Default_Handler
                0x34005d58                GPDMA1_Channel8_IRQHandler
                0x34005d58                HPDMA1_Channel8_IRQHandler
                0x34005d58                TIM18_IRQHandler
                0x34005d58                TIM14_IRQHandler
                0x34005d58                TIM13_IRQHandler
                0x34005d58                CTI_INT1_IRQHandler
                0x34005d58                GPDMA1_Channel11_IRQHandler
                0x34005d58                GPU2D_ER_IRQHandler
                0x34005d58                TIM12_IRQHandler
                0x34005d58                TIM7_IRQHandler
                0x34005d58                FDCAN3_IT1_IRQHandler
                0x34005d58                HPDMA1_Channel10_IRQHandler
                0x34005d58                SDMMC1_IRQHandler
                0x34005d58                SAES_IRQHandler
                0x34005d58                TIM5_IRQHandler
                0x34005d58                UCPD1_IRQHandler
                0x34005d58                I3C1_EV_IRQHandler
                0x34005d58                HPDMA1_Channel5_IRQHandler
                0x34005d58                TIM15_IRQHandler
                0x34005d58                I2C3_EV_IRQHandler
                0x34005d58                HPDMA1_Channel4_IRQHandler
                0x34005d58                HPDMA1_Channel15_IRQHandler
                0x34005d58                TIM9_IRQHandler
                0x34005d58                ETH1_IRQHandler
                0x34005d58                USB1_OTG_HS_IRQHandler
                0x34005d58                PVD_PVM_IRQHandler
                0x34005d58                SPI2_IRQHandler
                0x34005d58                TIM1_TRG_CCU_IRQHandler
                0x34005d58                HPDMA1_Channel11_IRQHandler
                0x34005d58                EXTI14_IRQHandler
                0x34005d58                VENC_IRQHandler
                0x34005d58                GPDMA1_Channel14_IRQHandler
                0x34005d58                EXTI4_IRQHandler
                0x34005d58                RTC_S_IRQHandler
                0x34005d58                GPDMA1_Channel13_IRQHandler
                0x34005d58                RNG_IRQHandler
                0x34005d58                XSPI3_IRQHandler
                0x34005d58                FDCAN2_IT1_IRQHandler
                0x34005d58                TIM1_UP_IRQHandler
                0x34005d58                NPU0_IRQHandler
                0x34005d58                BCK_ECC_IRQHandler
                0x34005d58                WWDG_IRQHandler
                0x34005d58                SPI6_IRQHandler
                0x34005d58                MDIOS_IRQHandler
                0x34005d58                I2C4_EV_IRQHandler
                0x34005d58                FDCAN2_IT0_IRQHandler
                0x34005d58                IWDG_IRQHandler
                0x34005d58                HPDMA1_Channel14_IRQHandler
                0x34005d58                LPUART1_IRQHandler
                0x34005d58                FDCAN1_IT0_IRQHandler
                0x34005d58                MDF1_FLT0_IRQHandler
                0x34005d58                TIM2_IRQHandler
                0x34005d58                MCE3_IRQHandler
                0x34005d58                GPDMA1_Channel4_IRQHandler
                0x34005d58                EXTI7_IRQHandler
                0x34005d58                DMA2D_IRQHandler
                0x34005d58                TIM1_BRK_IRQHandler
                0x34005d58                EXTI1_IRQHandler
                0x34005d58                SDMMC2_IRQHandler
                0x34005d58                TIM11_IRQHandler
                0x34005d58                LTDC_UP_ERR_IRQHandler
                0x34005d58                UART7_IRQHandler
                0x34005d58                DTS_IRQHandler
                0x34005d58                MDF1_FLT3_IRQHandler
                0x34005d58                USART2_IRQHandler
                0x34005d58                GPDMA1_Channel6_IRQHandler
                0x34005d58                ADF1_FLT0_IRQHandler
                0x34005d58                I2C2_ER_IRQHandler
                0x34005d58                MCE1_IRQHandler
                0x34005d58                SPDIFRX_IRQHandler
                0x34005d58                TIM8_BRK_IRQHandler
                0x34005d58                HPDMA1_Channel12_IRQHandler
                0x34005d58                EXTI10_IRQHandler
                0x34005d58                SPI3_IRQHandler
                0x34005d58                WAKEUP_PIN_IRQHandler
                0x34005d58                DCMIPP_IRQHandler
                0x34005d58                I2C1_ER_IRQHandler
                0x34005d58                FMC_IRQHandler
                0x34005d58                EXTI6_IRQHandler
                0x34005d58                LPTIM1_IRQHandler
                0x34005d58                DCMI_PSSI_IRQHandler
                0x34005d58                TIM8_TRG_CCU_IRQHandler
                0x34005d58                I2C4_ER_IRQHandler
                0x34005d58                GPDMA1_Channel10_IRQHandler
                0x34005d58                ICACHE_IRQHandler
                0x34005d58                HASH_IRQHandler
 .text.HAL_Init
                0x34005d5a       0x28 ./Drivers/STM32N6xx_HAL_Driver/stm32n6xx_hal.o
                0x34005d5a                HAL_Init
 *fill*         0x34005d82        0x2 
 .text.HAL_InitTick
                0x34005d84       0x6c ./Drivers/STM32N6xx_HAL_Driver/stm32n6xx_hal.o
                0x34005d84                HAL_InitTick
 .text.HAL_IncTick
                0x34005df0       0x28 ./Drivers/STM32N6xx_HAL_Driver/stm32n6xx_hal.o
                0x34005df0                HAL_IncTick
 .text.HAL_GetTick
                0x34005e18       0x18 ./Drivers/STM32N6xx_HAL_Driver/stm32n6xx_hal.o
                0x34005e18                HAL_GetTick
 .text.HAL_Delay
                0x34005e30       0x48 ./Drivers/STM32N6xx_HAL_Driver/stm32n6xx_hal.o
                0x34005e30                HAL_Delay
 .text.__NVIC_SetPriorityGrouping
                0x34005e78       0x48 ./Drivers/STM32N6xx_HAL_Driver/stm32n6xx_hal_cortex.o
 .text.__NVIC_GetPriorityGrouping
                0x34005ec0       0x1c ./Drivers/STM32N6xx_HAL_Driver/stm32n6xx_hal_cortex.o
 .text.__NVIC_EnableIRQ
                0x34005edc       0x3c ./Drivers/STM32N6xx_HAL_Driver/stm32n6xx_hal_cortex.o
 .text.__NVIC_SetPriority
                0x34005f18       0x54 ./Drivers/STM32N6xx_HAL_Driver/stm32n6xx_hal_cortex.o
 .text.NVIC_EncodePriority
                0x34005f6c       0x66 ./Drivers/STM32N6xx_HAL_Driver/stm32n6xx_hal_cortex.o
 *fill*         0x34005fd2        0x2 
 .text.SysTick_Config
                0x34005fd4       0x44 ./Drivers/STM32N6xx_HAL_Driver/stm32n6xx_hal_cortex.o
 .text.HAL_NVIC_SetPriorityGrouping
                0x34006018       0x16 ./Drivers/STM32N6xx_HAL_Driver/stm32n6xx_hal_cortex.o
                0x34006018                HAL_NVIC_SetPriorityGrouping
 .text.HAL_NVIC_SetPriority
                0x3400602e       0x3a ./Drivers/STM32N6xx_HAL_Driver/stm32n6xx_hal_cortex.o
                0x3400602e                HAL_NVIC_SetPriority
 .text.HAL_NVIC_EnableIRQ
                0x34006068       0x1c ./Drivers/STM32N6xx_HAL_Driver/stm32n6xx_hal_cortex.o
                0x34006068                HAL_NVIC_EnableIRQ
 .text.HAL_SYSTICK_Config
                0x34006084       0x18 ./Drivers/STM32N6xx_HAL_Driver/stm32n6xx_hal_cortex.o
                0x34006084                HAL_SYSTICK_Config
 .text.HAL_DMA_Init
                0x3400609c      0x67c ./Drivers/STM32N6xx_HAL_Driver/stm32n6xx_hal_dma.o
                0x3400609c                HAL_DMA_Init
 .text.HAL_DMA_Start_IT
                0x34006718       0xc0 ./Drivers/STM32N6xx_HAL_Driver/stm32n6xx_hal_dma.o
                0x34006718                HAL_DMA_Start_IT
 .text.HAL_DMA_Abort
                0x340067d8       0xf8 ./Drivers/STM32N6xx_HAL_Driver/stm32n6xx_hal_dma.o
                0x340067d8                HAL_DMA_Abort
 .text.HAL_DMA_Abort_IT
                0x340068d0       0x52 ./Drivers/STM32N6xx_HAL_Driver/stm32n6xx_hal_dma.o
                0x340068d0                HAL_DMA_Abort_IT
 .text.HAL_DMA_IRQHandler
                0x34006922      0x2d2 ./Drivers/STM32N6xx_HAL_Driver/stm32n6xx_hal_dma.o
                0x34006922                HAL_DMA_IRQHandler
 .text.HAL_DMA_GetError
                0x34006bf4       0x18 ./Drivers/STM32N6xx_HAL_Driver/stm32n6xx_hal_dma.o
                0x34006bf4                HAL_DMA_GetError
 .text.HAL_DMA_ConfigChannelAttributes
                0x34006c0c      0x114 ./Drivers/STM32N6xx_HAL_Driver/stm32n6xx_hal_dma.o
                0x34006c0c                HAL_DMA_ConfigChannelAttributes
 .text.DMA_SetConfig
                0x34006d20       0x4a ./Drivers/STM32N6xx_HAL_Driver/stm32n6xx_hal_dma.o
 *fill*         0x34006d6a        0x2 
 .text.DMA_Init
                0x34006d6c      0x948 ./Drivers/STM32N6xx_HAL_Driver/stm32n6xx_hal_dma.o
 .text.HAL_DMAEx_List_Start_IT
                0x340076b4      0x128 ./Drivers/STM32N6xx_HAL_Driver/stm32n6xx_hal_dma_ex.o
                0x340076b4                HAL_DMAEx_List_Start_IT
 .text.DMA_List_GetCLLRNodeInfo
                0x340077dc       0x60 ./Drivers/STM32N6xx_HAL_Driver/stm32n6xx_hal_dma_ex.o
 .text.HAL_EXTI_ConfigLineAttributes
                0x3400783c       0xc4 ./Drivers/STM32N6xx_HAL_Driver/stm32n6xx_hal_exti.o
                0x3400783c                HAL_EXTI_ConfigLineAttributes
 .text.HAL_GPIO_Init
                0x34007900      0x364 ./Drivers/STM32N6xx_HAL_Driver/stm32n6xx_hal_gpio.o
                0x34007900                HAL_GPIO_Init
 .text.HAL_GPIO_WritePin
                0x34007c64       0x30 ./Drivers/STM32N6xx_HAL_Driver/stm32n6xx_hal_gpio.o
                0x34007c64                HAL_GPIO_WritePin
 .text.HAL_GPIO_EXTI_IRQHandler
                0x34007c94       0x4c ./Drivers/STM32N6xx_HAL_Driver/stm32n6xx_hal_gpio.o
                0x34007c94                HAL_GPIO_EXTI_IRQHandler
 .text.HAL_GPIO_EXTI_Rising_Callback
                0x34007ce0       0x16 ./Drivers/STM32N6xx_HAL_Driver/stm32n6xx_hal_gpio.o
                0x34007ce0                HAL_GPIO_EXTI_Rising_Callback
 .text.HAL_GPIO_EXTI_Falling_Callback
                0x34007cf6       0x16 ./Drivers/STM32N6xx_HAL_Driver/stm32n6xx_hal_gpio.o
                0x34007cf6                HAL_GPIO_EXTI_Falling_Callback
 .text.HAL_PWREx_EnableVddIO2
                0x34007d0c       0x20 ./Drivers/STM32N6xx_HAL_Driver/stm32n6xx_hal_pwr_ex.o
                0x34007d0c                HAL_PWREx_EnableVddIO2
 .text.HAL_PWREx_EnableVddIO3
                0x34007d2c       0x20 ./Drivers/STM32N6xx_HAL_Driver/stm32n6xx_hal_pwr_ex.o
                0x34007d2c                HAL_PWREx_EnableVddIO3
 .text.HAL_PWREx_EnableVddIO4
                0x34007d4c       0x20 ./Drivers/STM32N6xx_HAL_Driver/stm32n6xx_hal_pwr_ex.o
                0x34007d4c                HAL_PWREx_EnableVddIO4
 .text.HAL_PWREx_EnableVddIO5
                0x34007d6c       0x20 ./Drivers/STM32N6xx_HAL_Driver/stm32n6xx_hal_pwr_ex.o
                0x34007d6c                HAL_PWREx_EnableVddIO5
 .text.LL_RCC_HSI_GetDivider
                0x34007d8c       0x1c ./Drivers/STM32N6xx_HAL_Driver/stm32n6xx_hal_rcc.o
 .text.LL_RCC_GetSysClkSource
                0x34007da8       0x1c ./Drivers/STM32N6xx_HAL_Driver/stm32n6xx_hal_rcc.o
 .text.LL_RCC_IC2_GetSource
                0x34007dc4       0x1c ./Drivers/STM32N6xx_HAL_Driver/stm32n6xx_hal_rcc.o
 .text.LL_RCC_IC2_GetDivider
                0x34007de0       0x20 ./Drivers/STM32N6xx_HAL_Driver/stm32n6xx_hal_rcc.o
 .text.HAL_RCC_GetSysClockFreq
                0x34007e00       0x1e ./Drivers/STM32N6xx_HAL_Driver/stm32n6xx_hal_rcc.o
                0x34007e00                HAL_RCC_GetSysClockFreq
 *fill*         0x34007e1e        0x2 
 .text.RCC_GetSysClockFreq
                0x34007e20      0x104 ./Drivers/STM32N6xx_HAL_Driver/stm32n6xx_hal_rcc.o
 .text.LL_RCC_HSE_SelectHSEAsDiv2Clock
                0x34007f24       0x20 ./Drivers/STM32N6xx_HAL_Driver/stm32n6xx_hal_rcc_ex.o
 .text.LL_RCC_HSE_SelectHSEDiv2AsDiv2Clock
                0x34007f44       0x20 ./Drivers/STM32N6xx_HAL_Driver/stm32n6xx_hal_rcc_ex.o
 .text.LL_RCC_HSE_IsSelectedHSEDiv2AsDiv2Clock
                0x34007f64       0x24 ./Drivers/STM32N6xx_HAL_Driver/stm32n6xx_hal_rcc_ex.o
 .text.LL_RCC_HSE_IsReady
                0x34007f88       0x24 ./Drivers/STM32N6xx_HAL_Driver/stm32n6xx_hal_rcc_ex.o
 .text.LL_RCC_HSI_IsReady
                0x34007fac       0x24 ./Drivers/STM32N6xx_HAL_Driver/stm32n6xx_hal_rcc_ex.o
 .text.LL_RCC_HSI_GetDivider
                0x34007fd0       0x1c ./Drivers/STM32N6xx_HAL_Driver/stm32n6xx_hal_rcc_ex.o
 .text.LL_RCC_MSI_IsReady
                0x34007fec       0x24 ./Drivers/STM32N6xx_HAL_Driver/stm32n6xx_hal_rcc_ex.o
 .text.LL_RCC_MSI_GetFrequency
                0x34008010       0x1c ./Drivers/STM32N6xx_HAL_Driver/stm32n6xx_hal_rcc_ex.o
 .text.LL_RCC_LSE_IsReady
                0x3400802c       0x24 ./Drivers/STM32N6xx_HAL_Driver/stm32n6xx_hal_rcc_ex.o
 .text.LL_RCC_LSI_IsReady
                0x34008050       0x1c ./Drivers/STM32N6xx_HAL_Driver/stm32n6xx_hal_rcc_ex.o
 .text.LL_RCC_GetAHBPrescaler
                0x3400806c       0x1c ./Drivers/STM32N6xx_HAL_Driver/stm32n6xx_hal_rcc_ex.o
 .text.LL_RCC_GetAPB1Prescaler
                0x34008088       0x1c ./Drivers/STM32N6xx_HAL_Driver/stm32n6xx_hal_rcc_ex.o
 .text.LL_RCC_GetAPB2Prescaler
                0x340080a4       0x1c ./Drivers/STM32N6xx_HAL_Driver/stm32n6xx_hal_rcc_ex.o
 .text.LL_RCC_GetAPB4Prescaler
                0x340080c0       0x1c ./Drivers/STM32N6xx_HAL_Driver/stm32n6xx_hal_rcc_ex.o
 .text.LL_RCC_GetAPB5Prescaler
                0x340080dc       0x1c ./Drivers/STM32N6xx_HAL_Driver/stm32n6xx_hal_rcc_ex.o
 .text.LL_RCC_SetClockSource
                0x340080f8       0x54 ./Drivers/STM32N6xx_HAL_Driver/stm32n6xx_hal_rcc_ex.o
 .text.LL_RCC_GetADCPrescaler
                0x3400814c       0x1c ./Drivers/STM32N6xx_HAL_Driver/stm32n6xx_hal_rcc_ex.o
 .text.LL_RCC_SetADFClockSource
                0x34008168       0x2c ./Drivers/STM32N6xx_HAL_Driver/stm32n6xx_hal_rcc_ex.o
 .text.LL_RCC_SetCLKPClockSource
                0x34008194       0x2c ./Drivers/STM32N6xx_HAL_Driver/stm32n6xx_hal_rcc_ex.o
 .text.LL_RCC_SetDCMIPPClockSource
                0x340081c0       0x2c ./Drivers/STM32N6xx_HAL_Driver/stm32n6xx_hal_rcc_ex.o
 .text.LL_RCC_SetETHClockSource
                0x340081ec       0x2c ./Drivers/STM32N6xx_HAL_Driver/stm32n6xx_hal_rcc_ex.o
 .text.LL_RCC_SetETHPHYInterface
                0x34008218       0x2c ./Drivers/STM32N6xx_HAL_Driver/stm32n6xx_hal_rcc_ex.o
 .text.LL_RCC_GetETH1PTPDivider
                0x34008244       0x1c ./Drivers/STM32N6xx_HAL_Driver/stm32n6xx_hal_rcc_ex.o
 .text.LL_RCC_SetETHREFRXClockSource
                0x34008260       0x2c ./Drivers/STM32N6xx_HAL_Driver/stm32n6xx_hal_rcc_ex.o
 .text.LL_RCC_SetETHREFTXClockSource
                0x3400828c       0x2c ./Drivers/STM32N6xx_HAL_Driver/stm32n6xx_hal_rcc_ex.o
 .text.LL_RCC_SetFDCANClockSource
                0x340082b8       0x2c ./Drivers/STM32N6xx_HAL_Driver/stm32n6xx_hal_rcc_ex.o
 .text.LL_RCC_SetFMCClockSource
                0x340082e4       0x2c ./Drivers/STM32N6xx_HAL_Driver/stm32n6xx_hal_rcc_ex.o
 .text.LL_RCC_SetI2CClockSource
                0x34008310       0x16 ./Drivers/STM32N6xx_HAL_Driver/stm32n6xx_hal_rcc_ex.o
 .text.LL_RCC_SetI3CClockSource
                0x34008326       0x16 ./Drivers/STM32N6xx_HAL_Driver/stm32n6xx_hal_rcc_ex.o
 .text.LL_RCC_SetLPTIMClockSource
                0x3400833c       0x16 ./Drivers/STM32N6xx_HAL_Driver/stm32n6xx_hal_rcc_ex.o
 *fill*         0x34008352        0x2 
 .text.LL_RCC_SetLPUARTClockSource
                0x34008354       0x2c ./Drivers/STM32N6xx_HAL_Driver/stm32n6xx_hal_rcc_ex.o
 .text.LL_RCC_SetLTDCClockSource
                0x34008380       0x2c ./Drivers/STM32N6xx_HAL_Driver/stm32n6xx_hal_rcc_ex.o
 .text.LL_RCC_SetMDFClockSource
                0x340083ac       0x2c ./Drivers/STM32N6xx_HAL_Driver/stm32n6xx_hal_rcc_ex.o
 .text.LL_RCC_SetOTGPHYClockSource
                0x340083d8       0x16 ./Drivers/STM32N6xx_HAL_Driver/stm32n6xx_hal_rcc_ex.o
 .text.LL_RCC_SetOTGPHYCKREFClockSource
                0x340083ee       0x16 ./Drivers/STM32N6xx_HAL_Driver/stm32n6xx_hal_rcc_ex.o
 .text.LL_RCC_SetPSSIClockSource
                0x34008404       0x2c ./Drivers/STM32N6xx_HAL_Driver/stm32n6xx_hal_rcc_ex.o
 .text.LL_RCC_SetSAIClockSource
                0x34008430       0x16 ./Drivers/STM32N6xx_HAL_Driver/stm32n6xx_hal_rcc_ex.o
 .text.LL_RCC_SetSDMMCClockSource
                0x34008446       0x16 ./Drivers/STM32N6xx_HAL_Driver/stm32n6xx_hal_rcc_ex.o
 .text.LL_RCC_SetSPDIFRXClockSource
                0x3400845c       0x2c ./Drivers/STM32N6xx_HAL_Driver/stm32n6xx_hal_rcc_ex.o
 .text.LL_RCC_SetSPIClockSource
                0x34008488       0x16 ./Drivers/STM32N6xx_HAL_Driver/stm32n6xx_hal_rcc_ex.o
 .text.LL_RCC_SetUSARTClockSource
                0x3400849e       0x16 ./Drivers/STM32N6xx_HAL_Driver/stm32n6xx_hal_rcc_ex.o
 .text.LL_RCC_SetXSPIClockSource
                0x340084b4       0x16 ./Drivers/STM32N6xx_HAL_Driver/stm32n6xx_hal_rcc_ex.o
 *fill*         0x340084ca        0x2 
 .text.LL_RCC_GetClockSource
                0x340084cc       0x4c ./Drivers/STM32N6xx_HAL_Driver/stm32n6xx_hal_rcc_ex.o
 .text.LL_RCC_GetADCClockSource
                0x34008518       0x24 ./Drivers/STM32N6xx_HAL_Driver/stm32n6xx_hal_rcc_ex.o
 .text.LL_RCC_GetADFClockSource
                0x3400853c       0x24 ./Drivers/STM32N6xx_HAL_Driver/stm32n6xx_hal_rcc_ex.o
 .text.LL_RCC_GetCLKPClockSource
                0x34008560       0x24 ./Drivers/STM32N6xx_HAL_Driver/stm32n6xx_hal_rcc_ex.o
 .text.LL_RCC_GetDCMIPPClockSource
                0x34008584       0x24 ./Drivers/STM32N6xx_HAL_Driver/stm32n6xx_hal_rcc_ex.o
 .text.LL_RCC_GetETHClockSource
                0x340085a8       0x24 ./Drivers/STM32N6xx_HAL_Driver/stm32n6xx_hal_rcc_ex.o
 .text.LL_RCC_GetETHPTPClockSource
                0x340085cc       0x24 ./Drivers/STM32N6xx_HAL_Driver/stm32n6xx_hal_rcc_ex.o
 .text.LL_RCC_GetFDCANClockSource
                0x340085f0       0x24 ./Drivers/STM32N6xx_HAL_Driver/stm32n6xx_hal_rcc_ex.o
 .text.LL_RCC_GetFMCClockSource
                0x34008614       0x24 ./Drivers/STM32N6xx_HAL_Driver/stm32n6xx_hal_rcc_ex.o
 .text.LL_RCC_GetI2CClockSource
                0x34008638       0x18 ./Drivers/STM32N6xx_HAL_Driver/stm32n6xx_hal_rcc_ex.o
 .text.LL_RCC_GetI3CClockSource
                0x34008650       0x18 ./Drivers/STM32N6xx_HAL_Driver/stm32n6xx_hal_rcc_ex.o
 .text.LL_RCC_GetLPTIMClockSource
                0x34008668       0x18 ./Drivers/STM32N6xx_HAL_Driver/stm32n6xx_hal_rcc_ex.o
 .text.LL_RCC_GetLPUARTClockSource
                0x34008680       0x24 ./Drivers/STM32N6xx_HAL_Driver/stm32n6xx_hal_rcc_ex.o
 .text.LL_RCC_GetLTDCClockSource
                0x340086a4       0x24 ./Drivers/STM32N6xx_HAL_Driver/stm32n6xx_hal_rcc_ex.o
 .text.LL_RCC_GetMDFClockSource
                0x340086c8       0x24 ./Drivers/STM32N6xx_HAL_Driver/stm32n6xx_hal_rcc_ex.o
 .text.LL_RCC_GetPSSIClockSource
                0x340086ec       0x24 ./Drivers/STM32N6xx_HAL_Driver/stm32n6xx_hal_rcc_ex.o
 .text.LL_RCC_GetSAIClockSource
                0x34008710       0x18 ./Drivers/STM32N6xx_HAL_Driver/stm32n6xx_hal_rcc_ex.o
 .text.LL_RCC_GetSDMMCClockSource
                0x34008728       0x18 ./Drivers/STM32N6xx_HAL_Driver/stm32n6xx_hal_rcc_ex.o
 .text.LL_RCC_GetSPDIFRXClockSource
                0x34008740       0x24 ./Drivers/STM32N6xx_HAL_Driver/stm32n6xx_hal_rcc_ex.o
 .text.LL_RCC_GetSPIClockSource
                0x34008764       0x18 ./Drivers/STM32N6xx_HAL_Driver/stm32n6xx_hal_rcc_ex.o
 .text.LL_RCC_GetUSARTClockSource
                0x3400877c       0x18 ./Drivers/STM32N6xx_HAL_Driver/stm32n6xx_hal_rcc_ex.o
 .text.LL_RCC_GetUARTClockSource
                0x34008794       0x18 ./Drivers/STM32N6xx_HAL_Driver/stm32n6xx_hal_rcc_ex.o
 .text.LL_RCC_GetUSBClockSource
                0x340087ac       0x18 ./Drivers/STM32N6xx_HAL_Driver/stm32n6xx_hal_rcc_ex.o
 .text.LL_RCC_GetXSPIClockSource
                0x340087c4       0x18 ./Drivers/STM32N6xx_HAL_Driver/stm32n6xx_hal_rcc_ex.o
 .text.LL_RCC_SetRTCClockSource
                0x340087dc       0x2c ./Drivers/STM32N6xx_HAL_Driver/stm32n6xx_hal_rcc_ex.o
 .text.LL_RCC_GetRTCClockSource
                0x34008808       0x1c ./Drivers/STM32N6xx_HAL_Driver/stm32n6xx_hal_rcc_ex.o
 .text.LL_RCC_SetRTC_HSEPrescaler
                0x34008824       0x2c ./Drivers/STM32N6xx_HAL_Driver/stm32n6xx_hal_rcc_ex.o
 .text.LL_RCC_SetTIMPrescaler
                0x34008850       0x2c ./Drivers/STM32N6xx_HAL_Driver/stm32n6xx_hal_rcc_ex.o
 .text.LL_RCC_GetTIMPrescaler
                0x3400887c       0x1c ./Drivers/STM32N6xx_HAL_Driver/stm32n6xx_hal_rcc_ex.o
 .text.LL_RCC_PLL1_GetSource
                0x34008898       0x1c ./Drivers/STM32N6xx_HAL_Driver/stm32n6xx_hal_rcc_ex.o
 .text.LL_RCC_PLL1_IsReady
                0x340088b4       0x28 ./Drivers/STM32N6xx_HAL_Driver/stm32n6xx_hal_rcc_ex.o
 .text.LL_RCC_PLL1_IsEnabledBypass
                0x340088dc       0x28 ./Drivers/STM32N6xx_HAL_Driver/stm32n6xx_hal_rcc_ex.o
 .text.LL_RCC_PLL1_GetN
                0x34008904       0x20 ./Drivers/STM32N6xx_HAL_Driver/stm32n6xx_hal_rcc_ex.o
 .text.LL_RCC_PLL1_GetM
                0x34008924       0x20 ./Drivers/STM32N6xx_HAL_Driver/stm32n6xx_hal_rcc_ex.o
 .text.LL_RCC_PLL1_GetP1
                0x34008944       0x20 ./Drivers/STM32N6xx_HAL_Driver/stm32n6xx_hal_rcc_ex.o
 .text.LL_RCC_PLL1_GetP2
                0x34008964       0x20 ./Drivers/STM32N6xx_HAL_Driver/stm32n6xx_hal_rcc_ex.o
 .text.LL_RCC_PLL1P_IsEnabled
                0x34008984       0x28 ./Drivers/STM32N6xx_HAL_Driver/stm32n6xx_hal_rcc_ex.o
 .text.LL_RCC_PLL1_GetFRACN
                0x340089ac       0x1c ./Drivers/STM32N6xx_HAL_Driver/stm32n6xx_hal_rcc_ex.o
 .text.LL_RCC_PLL2_GetSource
                0x340089c8       0x1c ./Drivers/STM32N6xx_HAL_Driver/stm32n6xx_hal_rcc_ex.o
 .text.LL_RCC_PLL2_IsReady
                0x340089e4       0x28 ./Drivers/STM32N6xx_HAL_Driver/stm32n6xx_hal_rcc_ex.o
 .text.LL_RCC_PLL2_IsEnabledBypass
                0x34008a0c       0x28 ./Drivers/STM32N6xx_HAL_Driver/stm32n6xx_hal_rcc_ex.o
 .text.LL_RCC_PLL2_GetN
                0x34008a34       0x20 ./Drivers/STM32N6xx_HAL_Driver/stm32n6xx_hal_rcc_ex.o
 .text.LL_RCC_PLL2_GetM
                0x34008a54       0x20 ./Drivers/STM32N6xx_HAL_Driver/stm32n6xx_hal_rcc_ex.o
 .text.LL_RCC_PLL2_GetP1
                0x34008a74       0x20 ./Drivers/STM32N6xx_HAL_Driver/stm32n6xx_hal_rcc_ex.o
 .text.LL_RCC_PLL2_GetP2
                0x34008a94       0x20 ./Drivers/STM32N6xx_HAL_Driver/stm32n6xx_hal_rcc_ex.o
 .text.LL_RCC_PLL2P_IsEnabled
                0x34008ab4       0x28 ./Drivers/STM32N6xx_HAL_Driver/stm32n6xx_hal_rcc_ex.o
 .text.LL_RCC_PLL2_GetFRACN
                0x34008adc       0x1c ./Drivers/STM32N6xx_HAL_Driver/stm32n6xx_hal_rcc_ex.o
 .text.LL_RCC_PLL3_GetSource
                0x34008af8       0x1c ./Drivers/STM32N6xx_HAL_Driver/stm32n6xx_hal_rcc_ex.o
 .text.LL_RCC_PLL3_IsReady
                0x34008b14       0x28 ./Drivers/STM32N6xx_HAL_Driver/stm32n6xx_hal_rcc_ex.o
 .text.LL_RCC_PLL3_IsEnabledBypass
                0x34008b3c       0x28 ./Drivers/STM32N6xx_HAL_Driver/stm32n6xx_hal_rcc_ex.o
 .text.LL_RCC_PLL3_GetN
                0x34008b64       0x20 ./Drivers/STM32N6xx_HAL_Driver/stm32n6xx_hal_rcc_ex.o
 .text.LL_RCC_PLL3_GetM
                0x34008b84       0x20 ./Drivers/STM32N6xx_HAL_Driver/stm32n6xx_hal_rcc_ex.o
 .text.LL_RCC_PLL3_GetP1
                0x34008ba4       0x20 ./Drivers/STM32N6xx_HAL_Driver/stm32n6xx_hal_rcc_ex.o
 .text.LL_RCC_PLL3_GetP2
                0x34008bc4       0x20 ./Drivers/STM32N6xx_HAL_Driver/stm32n6xx_hal_rcc_ex.o
 .text.LL_RCC_PLL3P_IsEnabled
                0x34008be4       0x28 ./Drivers/STM32N6xx_HAL_Driver/stm32n6xx_hal_rcc_ex.o
 .text.LL_RCC_PLL3_GetFRACN
                0x34008c0c       0x1c ./Drivers/STM32N6xx_HAL_Driver/stm32n6xx_hal_rcc_ex.o
 .text.LL_RCC_PLL4_GetSource
                0x34008c28       0x1c ./Drivers/STM32N6xx_HAL_Driver/stm32n6xx_hal_rcc_ex.o
 .text.LL_RCC_PLL4_IsReady
                0x34008c44       0x28 ./Drivers/STM32N6xx_HAL_Driver/stm32n6xx_hal_rcc_ex.o
 .text.LL_RCC_PLL4_IsEnabledBypass
                0x34008c6c       0x28 ./Drivers/STM32N6xx_HAL_Driver/stm32n6xx_hal_rcc_ex.o
 .text.LL_RCC_PLL4_GetN
                0x34008c94       0x20 ./Drivers/STM32N6xx_HAL_Driver/stm32n6xx_hal_rcc_ex.o
 .text.LL_RCC_PLL4_GetM
                0x34008cb4       0x20 ./Drivers/STM32N6xx_HAL_Driver/stm32n6xx_hal_rcc_ex.o
 .text.LL_RCC_PLL4_GetP1
                0x34008cd4       0x20 ./Drivers/STM32N6xx_HAL_Driver/stm32n6xx_hal_rcc_ex.o
 .text.LL_RCC_PLL4_GetP2
                0x34008cf4       0x20 ./Drivers/STM32N6xx_HAL_Driver/stm32n6xx_hal_rcc_ex.o
 .text.LL_RCC_PLL4P_IsEnabled
                0x34008d14       0x28 ./Drivers/STM32N6xx_HAL_Driver/stm32n6xx_hal_rcc_ex.o
 .text.LL_RCC_PLL4_GetFRACN
                0x34008d3c       0x1c ./Drivers/STM32N6xx_HAL_Driver/stm32n6xx_hal_rcc_ex.o
 .text.LL_RCC_IC3_Enable
                0x34008d58       0x1c ./Drivers/STM32N6xx_HAL_Driver/stm32n6xx_hal_rcc_ex.o
 .text.LL_RCC_IC3_IsEnabled
                0x34008d74       0x28 ./Drivers/STM32N6xx_HAL_Driver/stm32n6xx_hal_rcc_ex.o
 .text.LL_RCC_IC3_GetSource
                0x34008d9c       0x1c ./Drivers/STM32N6xx_HAL_Driver/stm32n6xx_hal_rcc_ex.o
 .text.LL_RCC_IC3_GetDivider
                0x34008db8       0x20 ./Drivers/STM32N6xx_HAL_Driver/stm32n6xx_hal_rcc_ex.o
 .text.LL_RCC_IC4_Enable
                0x34008dd8       0x1c ./Drivers/STM32N6xx_HAL_Driver/stm32n6xx_hal_rcc_ex.o
 .text.LL_RCC_IC4_IsEnabled
                0x34008df4       0x28 ./Drivers/STM32N6xx_HAL_Driver/stm32n6xx_hal_rcc_ex.o
 .text.LL_RCC_IC4_GetSource
                0x34008e1c       0x1c ./Drivers/STM32N6xx_HAL_Driver/stm32n6xx_hal_rcc_ex.o
 .text.LL_RCC_IC4_GetDivider
                0x34008e38       0x20 ./Drivers/STM32N6xx_HAL_Driver/stm32n6xx_hal_rcc_ex.o
 .text.LL_RCC_IC5_Enable
                0x34008e58       0x1c ./Drivers/STM32N6xx_HAL_Driver/stm32n6xx_hal_rcc_ex.o
 .text.LL_RCC_IC5_IsEnabled
                0x34008e74       0x28 ./Drivers/STM32N6xx_HAL_Driver/stm32n6xx_hal_rcc_ex.o
 .text.LL_RCC_IC5_GetSource
                0x34008e9c       0x1c ./Drivers/STM32N6xx_HAL_Driver/stm32n6xx_hal_rcc_ex.o
 .text.LL_RCC_IC5_GetDivider
                0x34008eb8       0x20 ./Drivers/STM32N6xx_HAL_Driver/stm32n6xx_hal_rcc_ex.o
 .text.LL_RCC_IC7_Enable
                0x34008ed8       0x1c ./Drivers/STM32N6xx_HAL_Driver/stm32n6xx_hal_rcc_ex.o
 .text.LL_RCC_IC7_IsEnabled
                0x34008ef4       0x28 ./Drivers/STM32N6xx_HAL_Driver/stm32n6xx_hal_rcc_ex.o
 .text.LL_RCC_IC7_GetSource
                0x34008f1c       0x1c ./Drivers/STM32N6xx_HAL_Driver/stm32n6xx_hal_rcc_ex.o
 .text.LL_RCC_IC7_GetDivider
                0x34008f38       0x20 ./Drivers/STM32N6xx_HAL_Driver/stm32n6xx_hal_rcc_ex.o
 .text.LL_RCC_IC8_Enable
                0x34008f58       0x1c ./Drivers/STM32N6xx_HAL_Driver/stm32n6xx_hal_rcc_ex.o
 .text.LL_RCC_IC8_IsEnabled
                0x34008f74       0x28 ./Drivers/STM32N6xx_HAL_Driver/stm32n6xx_hal_rcc_ex.o
 .text.LL_RCC_IC8_GetSource
                0x34008f9c       0x1c ./Drivers/STM32N6xx_HAL_Driver/stm32n6xx_hal_rcc_ex.o
 .text.LL_RCC_IC8_GetDivider
                0x34008fb8       0x20 ./Drivers/STM32N6xx_HAL_Driver/stm32n6xx_hal_rcc_ex.o
 .text.LL_RCC_IC9_Enable
                0x34008fd8       0x1c ./Drivers/STM32N6xx_HAL_Driver/stm32n6xx_hal_rcc_ex.o
 .text.LL_RCC_IC9_IsEnabled
                0x34008ff4       0x28 ./Drivers/STM32N6xx_HAL_Driver/stm32n6xx_hal_rcc_ex.o
 .text.LL_RCC_IC9_GetSource
                0x3400901c       0x1c ./Drivers/STM32N6xx_HAL_Driver/stm32n6xx_hal_rcc_ex.o
 .text.LL_RCC_IC9_GetDivider
                0x34009038       0x20 ./Drivers/STM32N6xx_HAL_Driver/stm32n6xx_hal_rcc_ex.o
 .text.LL_RCC_IC10_Enable
                0x34009058       0x1c ./Drivers/STM32N6xx_HAL_Driver/stm32n6xx_hal_rcc_ex.o
 .text.LL_RCC_IC10_IsEnabled
                0x34009074       0x28 ./Drivers/STM32N6xx_HAL_Driver/stm32n6xx_hal_rcc_ex.o
 .text.LL_RCC_IC10_GetSource
                0x3400909c       0x1c ./Drivers/STM32N6xx_HAL_Driver/stm32n6xx_hal_rcc_ex.o
 .text.LL_RCC_IC10_GetDivider
                0x340090b8       0x20 ./Drivers/STM32N6xx_HAL_Driver/stm32n6xx_hal_rcc_ex.o
 .text.LL_RCC_IC12_Enable
                0x340090d8       0x1c ./Drivers/STM32N6xx_HAL_Driver/stm32n6xx_hal_rcc_ex.o
 .text.LL_RCC_IC12_IsEnabled
                0x340090f4       0x28 ./Drivers/STM32N6xx_HAL_Driver/stm32n6xx_hal_rcc_ex.o
 .text.LL_RCC_IC12_GetSource
                0x3400911c       0x1c ./Drivers/STM32N6xx_HAL_Driver/stm32n6xx_hal_rcc_ex.o
 .text.LL_RCC_IC12_GetDivider
                0x34009138       0x20 ./Drivers/STM32N6xx_HAL_Driver/stm32n6xx_hal_rcc_ex.o
 .text.LL_RCC_IC13_Enable
                0x34009158       0x1c ./Drivers/STM32N6xx_HAL_Driver/stm32n6xx_hal_rcc_ex.o
 .text.LL_RCC_IC13_IsEnabled
                0x34009174       0x28 ./Drivers/STM32N6xx_HAL_Driver/stm32n6xx_hal_rcc_ex.o
 .text.LL_RCC_IC13_GetSource
                0x3400919c       0x1c ./Drivers/STM32N6xx_HAL_Driver/stm32n6xx_hal_rcc_ex.o
 .text.LL_RCC_IC13_GetDivider
                0x340091b8       0x20 ./Drivers/STM32N6xx_HAL_Driver/stm32n6xx_hal_rcc_ex.o
 .text.LL_RCC_IC14_Enable
                0x340091d8       0x1c ./Drivers/STM32N6xx_HAL_Driver/stm32n6xx_hal_rcc_ex.o
 .text.LL_RCC_IC14_IsEnabled
                0x340091f4       0x28 ./Drivers/STM32N6xx_HAL_Driver/stm32n6xx_hal_rcc_ex.o
 .text.LL_RCC_IC14_GetSource
                0x3400921c       0x1c ./Drivers/STM32N6xx_HAL_Driver/stm32n6xx_hal_rcc_ex.o
 .text.LL_RCC_IC14_GetDivider
                0x34009238       0x20 ./Drivers/STM32N6xx_HAL_Driver/stm32n6xx_hal_rcc_ex.o
 .text.LL_RCC_IC15_Enable
                0x34009258       0x1c ./Drivers/STM32N6xx_HAL_Driver/stm32n6xx_hal_rcc_ex.o
 .text.LL_RCC_IC15_IsEnabled
                0x34009274       0x28 ./Drivers/STM32N6xx_HAL_Driver/stm32n6xx_hal_rcc_ex.o
 .text.LL_RCC_IC15_GetSource
                0x3400929c       0x1c ./Drivers/STM32N6xx_HAL_Driver/stm32n6xx_hal_rcc_ex.o
 .text.LL_RCC_IC15_GetDivider
                0x340092b8       0x20 ./Drivers/STM32N6xx_HAL_Driver/stm32n6xx_hal_rcc_ex.o
 .text.LL_RCC_IC16_Enable
                0x340092d8       0x1c ./Drivers/STM32N6xx_HAL_Driver/stm32n6xx_hal_rcc_ex.o
 .text.LL_RCC_IC16_IsEnabled
                0x340092f4       0x28 ./Drivers/STM32N6xx_HAL_Driver/stm32n6xx_hal_rcc_ex.o
 .text.LL_RCC_IC16_GetSource
                0x3400931c       0x1c ./Drivers/STM32N6xx_HAL_Driver/stm32n6xx_hal_rcc_ex.o
 .text.LL_RCC_IC16_GetDivider
                0x34009338       0x20 ./Drivers/STM32N6xx_HAL_Driver/stm32n6xx_hal_rcc_ex.o
 .text.LL_RCC_IC17_Enable
                0x34009358       0x1c ./Drivers/STM32N6xx_HAL_Driver/stm32n6xx_hal_rcc_ex.o
 .text.LL_RCC_IC17_IsEnabled
                0x34009374       0x28 ./Drivers/STM32N6xx_HAL_Driver/stm32n6xx_hal_rcc_ex.o
 .text.LL_RCC_IC17_GetSource
                0x3400939c       0x1c ./Drivers/STM32N6xx_HAL_Driver/stm32n6xx_hal_rcc_ex.o
 .text.LL_RCC_IC17_GetDivider
                0x340093b8       0x20 ./Drivers/STM32N6xx_HAL_Driver/stm32n6xx_hal_rcc_ex.o
 .text.LL_RCC_IC18_Enable
                0x340093d8       0x1c ./Drivers/STM32N6xx_HAL_Driver/stm32n6xx_hal_rcc_ex.o
 .text.LL_RCC_IC18_IsEnabled
                0x340093f4       0x28 ./Drivers/STM32N6xx_HAL_Driver/stm32n6xx_hal_rcc_ex.o
 .text.LL_RCC_IC18_GetSource
                0x3400941c       0x1c ./Drivers/STM32N6xx_HAL_Driver/stm32n6xx_hal_rcc_ex.o
 .text.LL_RCC_IC18_GetDivider
                0x34009438       0x20 ./Drivers/STM32N6xx_HAL_Driver/stm32n6xx_hal_rcc_ex.o
 .text.LL_RCC_IC19_Enable
                0x34009458       0x1c ./Drivers/STM32N6xx_HAL_Driver/stm32n6xx_hal_rcc_ex.o
 .text.LL_RCC_IC19_IsEnabled
                0x34009474       0x28 ./Drivers/STM32N6xx_HAL_Driver/stm32n6xx_hal_rcc_ex.o
 .text.LL_RCC_IC19_GetSource
                0x3400949c       0x1c ./Drivers/STM32N6xx_HAL_Driver/stm32n6xx_hal_rcc_ex.o
 .text.LL_RCC_IC19_GetDivider
                0x340094b8       0x20 ./Drivers/STM32N6xx_HAL_Driver/stm32n6xx_hal_rcc_ex.o
 .text.LL_RCC_IC20_Enable
                0x340094d8       0x1c ./Drivers/STM32N6xx_HAL_Driver/stm32n6xx_hal_rcc_ex.o
 .text.LL_RCC_IC20_IsEnabled
                0x340094f4       0x28 ./Drivers/STM32N6xx_HAL_Driver/stm32n6xx_hal_rcc_ex.o
 .text.LL_RCC_IC20_GetSource
                0x3400951c       0x1c ./Drivers/STM32N6xx_HAL_Driver/stm32n6xx_hal_rcc_ex.o
 .text.LL_RCC_IC20_GetDivider
                0x34009538       0x20 ./Drivers/STM32N6xx_HAL_Driver/stm32n6xx_hal_rcc_ex.o
 .text.LL_RCC_CLKP_Enable
                0x34009558       0x1c ./Drivers/STM32N6xx_HAL_Driver/stm32n6xx_hal_rcc_ex.o
 .text.LL_RCC_CLKP_IsEnabled
                0x34009574       0x28 ./Drivers/STM32N6xx_HAL_Driver/stm32n6xx_hal_rcc_ex.o
 .text.HAL_RCCEx_PeriphCLKConfig
                0x3400959c     0x25c8 ./Drivers/STM32N6xx_HAL_Driver/stm32n6xx_hal_rcc_ex.o
                0x3400959c                HAL_RCCEx_PeriphCLKConfig
 .text.HAL_RCCEx_GetPeriphCLKFreq
                0x3400bb64      0x938 ./Drivers/STM32N6xx_HAL_Driver/stm32n6xx_hal_rcc_ex.o
                0x3400bb64                HAL_RCCEx_GetPeriphCLKFreq
 .text.HAL_RCCEx_GetPLL1CLKFreq
                0x3400c49c       0x8c ./Drivers/STM32N6xx_HAL_Driver/stm32n6xx_hal_rcc_ex.o
                0x3400c49c                HAL_RCCEx_GetPLL1CLKFreq
 .text.HAL_RCCEx_GetPLL2CLKFreq
                0x3400c528       0x8c ./Drivers/STM32N6xx_HAL_Driver/stm32n6xx_hal_rcc_ex.o
                0x3400c528                HAL_RCCEx_GetPLL2CLKFreq
 .text.HAL_RCCEx_GetPLL3CLKFreq
                0x3400c5b4       0x8c ./Drivers/STM32N6xx_HAL_Driver/stm32n6xx_hal_rcc_ex.o
                0x3400c5b4                HAL_RCCEx_GetPLL3CLKFreq
 .text.HAL_RCCEx_GetPLL4CLKFreq
                0x3400c640       0x8c ./Drivers/STM32N6xx_HAL_Driver/stm32n6xx_hal_rcc_ex.o
                0x3400c640                HAL_RCCEx_GetPLL4CLKFreq
 .text.RCCEx_GetHCLKFreq
                0x3400c6cc       0x22 ./Drivers/STM32N6xx_HAL_Driver/stm32n6xx_hal_rcc_ex.o
 .text.RCCEx_GetPCLK1Freq
                0x3400c6ee       0x20 ./Drivers/STM32N6xx_HAL_Driver/stm32n6xx_hal_rcc_ex.o
 .text.RCCEx_GetPCLK2Freq
                0x3400c70e       0x22 ./Drivers/STM32N6xx_HAL_Driver/stm32n6xx_hal_rcc_ex.o
 .text.RCCEx_GetPCLK4Freq
                0x3400c730       0x22 ./Drivers/STM32N6xx_HAL_Driver/stm32n6xx_hal_rcc_ex.o
 .text.RCCEx_GetPCLK5Freq
                0x3400c752       0x22 ./Drivers/STM32N6xx_HAL_Driver/stm32n6xx_hal_rcc_ex.o
 .text.RCCEx_GetPLLSourceFreq
                0x3400c774       0xbc ./Drivers/STM32N6xx_HAL_Driver/stm32n6xx_hal_rcc_ex.o
 .text.RCCEx_CalcPLLFreq
                0x3400c830       0x98 ./Drivers/STM32N6xx_HAL_Driver/stm32n6xx_hal_rcc_ex.o
 .text.RCCEx_GetADCCLKFreq
                0x3400c8c8      0x204 ./Drivers/STM32N6xx_HAL_Driver/stm32n6xx_hal_rcc_ex.o
 .text.RCCEx_GetADFCLKFreq
                0x3400cacc      0x1d8 ./Drivers/STM32N6xx_HAL_Driver/stm32n6xx_hal_rcc_ex.o
 .text.RCCEx_GetCLKPCLKFreq
                0x3400cca4      0x36c ./Drivers/STM32N6xx_HAL_Driver/stm32n6xx_hal_rcc_ex.o
 .text.RCCEx_GetCSICLKFreq
                0x3400d010       0x98 ./Drivers/STM32N6xx_HAL_Driver/stm32n6xx_hal_rcc_ex.o
 .text.RCCEx_GetDCMIPPCLKFreq
                0x3400d0a8      0x114 ./Drivers/STM32N6xx_HAL_Driver/stm32n6xx_hal_rcc_ex.o
 .text.RCCEx_GetETH1CLKFreq
                0x3400d1bc      0x100 ./Drivers/STM32N6xx_HAL_Driver/stm32n6xx_hal_rcc_ex.o
 .text.RCCEx_GetETH1PTPCLKFreq
                0x3400d2bc      0x108 ./Drivers/STM32N6xx_HAL_Driver/stm32n6xx_hal_rcc_ex.o
 .text.RCCEx_GetFDCANCLKFreq
                0x3400d3c4      0x100 ./Drivers/STM32N6xx_HAL_Driver/stm32n6xx_hal_rcc_ex.o
 .text.RCCEx_GetFMCCLKFreq
                0x3400d4c4      0x16e ./Drivers/STM32N6xx_HAL_Driver/stm32n6xx_hal_rcc_ex.o
 *fill*         0x3400d632        0x2 
 .text.RCCEx_GetI2CCLKFreq
                0x3400d634      0x350 ./Drivers/STM32N6xx_HAL_Driver/stm32n6xx_hal_rcc_ex.o
 .text.RCCEx_GetI3CCLKFreq
                0x3400d984      0x268 ./Drivers/STM32N6xx_HAL_Driver/stm32n6xx_hal_rcc_ex.o
 .text.RCCEx_GetLPTIMCLKFreq
                0x3400dbec      0x354 ./Drivers/STM32N6xx_HAL_Driver/stm32n6xx_hal_rcc_ex.o
 .text.RCCEx_GetLPUARTCLKFreq
                0x3400df40      0x204 ./Drivers/STM32N6xx_HAL_Driver/stm32n6xx_hal_rcc_ex.o
 .text.RCCEx_GetLTDCCLKFreq
                0x3400e144      0x114 ./Drivers/STM32N6xx_HAL_Driver/stm32n6xx_hal_rcc_ex.o
 .text.RCCEx_GetMDFCLKFreq
                0x3400e258      0x214 ./Drivers/STM32N6xx_HAL_Driver/stm32n6xx_hal_rcc_ex.o
 .text.RCCEx_GetPSSICLKFreq
                0x3400e46c      0x104 ./Drivers/STM32N6xx_HAL_Driver/stm32n6xx_hal_rcc_ex.o
 .text.RCCEx_GetRTCCLKFreq
                0x3400e570       0xa4 ./Drivers/STM32N6xx_HAL_Driver/stm32n6xx_hal_rcc_ex.o
 .text.RCCEx_GetSAICLKFreq
                0x3400e614      0x2cc ./Drivers/STM32N6xx_HAL_Driver/stm32n6xx_hal_rcc_ex.o
 .text.RCCEx_GetSDMMCCLKFreq
                0x3400e8e0      0x1d4 ./Drivers/STM32N6xx_HAL_Driver/stm32n6xx_hal_rcc_ex.o
 .text.RCCEx_GetSPDIFRXCLKFreq
                0x3400eab4      0x1c8 ./Drivers/STM32N6xx_HAL_Driver/stm32n6xx_hal_rcc_ex.o
 .text.RCCEx_GetSPICLKFreq
                0x3400ec7c      0x5a4 ./Drivers/STM32N6xx_HAL_Driver/stm32n6xx_hal_rcc_ex.o
 .text.RCCEx_GetUARTCLKFreq
                0x3400f220      0x454 ./Drivers/STM32N6xx_HAL_Driver/stm32n6xx_hal_rcc_ex.o
 .text.RCCEx_GetUSARTCLKFreq
                0x3400f674      0x454 ./Drivers/STM32N6xx_HAL_Driver/stm32n6xx_hal_rcc_ex.o
 .text.RCCEx_GetOTGPHYCLKFreq
                0x3400fac8      0x16c ./Drivers/STM32N6xx_HAL_Driver/stm32n6xx_hal_rcc_ex.o
 .text.RCCEx_GetOTGPHYCKREFCLKFreq
                0x3400fc34       0xa0 ./Drivers/STM32N6xx_HAL_Driver/stm32n6xx_hal_rcc_ex.o
 .text.RCCEx_GetXSPICLKFreq
                0x3400fcd4      0x220 ./Drivers/STM32N6xx_HAL_Driver/stm32n6xx_hal_rcc_ex.o
 .text.HAL_SD_Init
                0x3400fef4      0x106 ./Drivers/STM32N6xx_HAL_Driver/stm32n6xx_hal_sd.o
                0x3400fef4                HAL_SD_Init
 *fill*         0x3400fffa        0x2 
 .text.HAL_SD_InitCard
                0x3400fffc      0x168 ./Drivers/STM32N6xx_HAL_Driver/stm32n6xx_hal_sd.o
                0x3400fffc                HAL_SD_InitCard
 .text.HAL_SD_ReadBlocks
                0x34010164      0x318 ./Drivers/STM32N6xx_HAL_Driver/stm32n6xx_hal_sd.o
                0x34010164                HAL_SD_ReadBlocks
 .text.HAL_SD_WriteBlocks
                0x3401047c      0x320 ./Drivers/STM32N6xx_HAL_Driver/stm32n6xx_hal_sd.o
                0x3401047c                HAL_SD_WriteBlocks
 .text.HAL_SD_GetCardCSD
                0x3401079c      0x348 ./Drivers/STM32N6xx_HAL_Driver/stm32n6xx_hal_sd.o
                0x3401079c                HAL_SD_GetCardCSD
 .text.HAL_SD_GetCardStatus
                0x34010ae4      0x17c ./Drivers/STM32N6xx_HAL_Driver/stm32n6xx_hal_sd.o
                0x34010ae4                HAL_SD_GetCardStatus
 .text.HAL_SD_GetCardInfo
                0x34010c60       0x58 ./Drivers/STM32N6xx_HAL_Driver/stm32n6xx_hal_sd.o
                0x34010c60                HAL_SD_GetCardInfo
 .text.HAL_SD_ConfigWideBusOperation
                0x34010cb8      0x244 ./Drivers/STM32N6xx_HAL_Driver/stm32n6xx_hal_sd.o
                0x34010cb8                HAL_SD_ConfigWideBusOperation
 .text.HAL_SD_GetCardState
                0x34010efc       0x40 ./Drivers/STM32N6xx_HAL_Driver/stm32n6xx_hal_sd.o
                0x34010efc                HAL_SD_GetCardState
 .text.SD_InitCard
                0x34010f3c      0x19c ./Drivers/STM32N6xx_HAL_Driver/stm32n6xx_hal_sd.o
 .text.SD_PowerON
                0x340110d8      0x11c ./Drivers/STM32N6xx_HAL_Driver/stm32n6xx_hal_sd.o
 .text.SD_SendSDStatus
                0x340111f4      0x1a0 ./Drivers/STM32N6xx_HAL_Driver/stm32n6xx_hal_sd.o
 .text.SD_SendStatus
                0x34011394       0x50 ./Drivers/STM32N6xx_HAL_Driver/stm32n6xx_hal_sd.o
 .text.SD_WideBus_Enable
                0x340113e4       0x96 ./Drivers/STM32N6xx_HAL_Driver/stm32n6xx_hal_sd.o
 .text.SD_WideBus_Disable
                0x3401147a       0x96 ./Drivers/STM32N6xx_HAL_Driver/stm32n6xx_hal_sd.o
 .text.SD_FindSCR
                0x34011510      0x1a0 ./Drivers/STM32N6xx_HAL_Driver/stm32n6xx_hal_sd.o
 .text.HAL_SPI_Init
                0x340116b0      0x2b8 ./Drivers/STM32N6xx_HAL_Driver/stm32n6xx_hal_spi.o
                0x340116b0                HAL_SPI_Init
 .text.HAL_SPI_TransmitReceive_DMA
                0x34011968      0x560 ./Drivers/STM32N6xx_HAL_Driver/stm32n6xx_hal_spi.o
                0x34011968                HAL_SPI_TransmitReceive_DMA
 .text.HAL_SPI_Abort
                0x34011ec8      0x1ec ./Drivers/STM32N6xx_HAL_Driver/stm32n6xx_hal_spi.o
                0x34011ec8                HAL_SPI_Abort
 .text.HAL_SPI_IRQHandler
                0x340120b4      0x3a8 ./Drivers/STM32N6xx_HAL_Driver/stm32n6xx_hal_spi.o
                0x340120b4                HAL_SPI_IRQHandler
 .text.HAL_SPI_RxCpltCallback
                0x3401245c       0x14 ./Drivers/STM32N6xx_HAL_Driver/stm32n6xx_hal_spi.o
                0x3401245c                HAL_SPI_RxCpltCallback
 .text.HAL_SPI_TxRxCpltCallback
                0x34012470       0x14 ./Drivers/STM32N6xx_HAL_Driver/stm32n6xx_hal_spi.o
                0x34012470                HAL_SPI_TxRxCpltCallback
 .text.HAL_SPI_TxRxHalfCpltCallback
                0x34012484       0x14 ./Drivers/STM32N6xx_HAL_Driver/stm32n6xx_hal_spi.o
                0x34012484                HAL_SPI_TxRxHalfCpltCallback
 .text.HAL_SPI_ErrorCallback
                0x34012498       0x14 ./Drivers/STM32N6xx_HAL_Driver/stm32n6xx_hal_spi.o
                0x34012498                HAL_SPI_ErrorCallback
 .text.HAL_SPI_SuspendCallback
                0x340124ac       0x14 ./Drivers/STM32N6xx_HAL_Driver/stm32n6xx_hal_spi.o
                0x340124ac                HAL_SPI_SuspendCallback
 .text.HAL_SPI_GetState
                0x340124c0       0x1c ./Drivers/STM32N6xx_HAL_Driver/stm32n6xx_hal_spi.o
                0x340124c0                HAL_SPI_GetState
 .text.SPI_DMATransmitReceiveCplt
                0x340124dc       0x52 ./Drivers/STM32N6xx_HAL_Driver/stm32n6xx_hal_spi.o
 .text.SPI_DMAHalfTransmitReceiveCplt
                0x3401252e       0x1c ./Drivers/STM32N6xx_HAL_Driver/stm32n6xx_hal_spi.o
 .text.SPI_DMAError
                0x3401254a       0x46 ./Drivers/STM32N6xx_HAL_Driver/stm32n6xx_hal_spi.o
 .text.SPI_DMAAbortOnError
                0x34012590       0x34 ./Drivers/STM32N6xx_HAL_Driver/stm32n6xx_hal_spi.o
 .text.SPI_AbortTransfer
                0x340125c4       0xc8 ./Drivers/STM32N6xx_HAL_Driver/stm32n6xx_hal_spi.o
 .text.SPI_CloseTransfer
                0x3401268c      0x140 ./Drivers/STM32N6xx_HAL_Driver/stm32n6xx_hal_spi.o
 .text.SPI_GetPacketSize
                0x340127cc       0x36 ./Drivers/STM32N6xx_HAL_Driver/stm32n6xx_hal_spi.o
 .text.HAL_UART_Init
                0x34012802       0xa0 ./Drivers/STM32N6xx_HAL_Driver/stm32n6xx_hal_uart.o
                0x34012802                HAL_UART_Init
 .text.HAL_UART_Transmit
                0x340128a2      0x132 ./Drivers/STM32N6xx_HAL_Driver/stm32n6xx_hal_uart.o
                0x340128a2                HAL_UART_Transmit
 .text.HAL_UART_IRQHandler
                0x340129d4      0x678 ./Drivers/STM32N6xx_HAL_Driver/stm32n6xx_hal_uart.o
                0x340129d4                HAL_UART_IRQHandler
 .text.HAL_UART_RxCpltCallback
                0x3401304c       0x14 ./Drivers/STM32N6xx_HAL_Driver/stm32n6xx_hal_uart.o
                0x3401304c                HAL_UART_RxCpltCallback
 .text.HAL_UART_RxHalfCpltCallback
                0x34013060       0x14 ./Drivers/STM32N6xx_HAL_Driver/stm32n6xx_hal_uart.o
                0x34013060                HAL_UART_RxHalfCpltCallback
 .text.HAL_UART_ErrorCallback
                0x34013074       0x14 ./Drivers/STM32N6xx_HAL_Driver/stm32n6xx_hal_uart.o
                0x34013074                HAL_UART_ErrorCallback
 .text.HAL_UARTEx_RxEventCallback
                0x34013088       0x18 ./Drivers/STM32N6xx_HAL_Driver/stm32n6xx_hal_uart.o
                0x34013088                HAL_UARTEx_RxEventCallback
 .text.UART_SetConfig
                0x340130a0      0x3d8 ./Drivers/STM32N6xx_HAL_Driver/stm32n6xx_hal_uart.o
                0x340130a0                UART_SetConfig
 .text.UART_AdvFeatureConfig
                0x34013478      0x144 ./Drivers/STM32N6xx_HAL_Driver/stm32n6xx_hal_uart.o
                0x34013478                UART_AdvFeatureConfig
 .text.UART_CheckIdleState
                0x340135bc      0x154 ./Drivers/STM32N6xx_HAL_Driver/stm32n6xx_hal_uart.o
                0x340135bc                UART_CheckIdleState
 .text.UART_WaitOnFlagUntilTimeout
                0x34013710       0xda ./Drivers/STM32N6xx_HAL_Driver/stm32n6xx_hal_uart.o
                0x34013710                UART_WaitOnFlagUntilTimeout
 *fill*         0x340137ea        0x2 
 .text.UART_Start_Receive_DMA
                0x340137ec      0x1f0 ./Drivers/STM32N6xx_HAL_Driver/stm32n6xx_hal_uart.o
                0x340137ec                UART_Start_Receive_DMA
 .text.UART_EndTxTransfer
                0x340139dc       0x82 ./Drivers/STM32N6xx_HAL_Driver/stm32n6xx_hal_uart.o
 .text.UART_EndRxTransfer
                0x34013a5e       0xcc ./Drivers/STM32N6xx_HAL_Driver/stm32n6xx_hal_uart.o
 .text.UART_DMAReceiveCplt
                0x34013b2a      0x14c ./Drivers/STM32N6xx_HAL_Driver/stm32n6xx_hal_uart.o
 .text.UART_DMARxHalfCplt
                0x34013c76       0x72 ./Drivers/STM32N6xx_HAL_Driver/stm32n6xx_hal_uart.o
 .text.UART_DMAError
                0x34013ce8       0x70 ./Drivers/STM32N6xx_HAL_Driver/stm32n6xx_hal_uart.o
 .text.UART_DMAAbortOnError
                0x34013d58       0x1c ./Drivers/STM32N6xx_HAL_Driver/stm32n6xx_hal_uart.o
 .text.UART_EndTransmit_IT
                0x34013d74       0x56 ./Drivers/STM32N6xx_HAL_Driver/stm32n6xx_hal_uart.o
 .text.HAL_UARTEx_WakeupCallback
                0x34013dca       0x14 ./Drivers/STM32N6xx_HAL_Driver/stm32n6xx_hal_uart_ex.o
                0x34013dca                HAL_UARTEx_WakeupCallback
 .text.HAL_UARTEx_RxFifoFullCallback
                0x34013dde       0x14 ./Drivers/STM32N6xx_HAL_Driver/stm32n6xx_hal_uart_ex.o
                0x34013dde                HAL_UARTEx_RxFifoFullCallback
 .text.HAL_UARTEx_TxFifoEmptyCallback
                0x34013df2       0x14 ./Drivers/STM32N6xx_HAL_Driver/stm32n6xx_hal_uart_ex.o
                0x34013df2                HAL_UARTEx_TxFifoEmptyCallback
 .text.HAL_UARTEx_DisableFifoMode
                0x34013e06       0x72 ./Drivers/STM32N6xx_HAL_Driver/stm32n6xx_hal_uart_ex.o
                0x34013e06                HAL_UARTEx_DisableFifoMode
 .text.HAL_UARTEx_SetTxFifoThreshold
                0x34013e78       0x7c ./Drivers/STM32N6xx_HAL_Driver/stm32n6xx_hal_uart_ex.o
                0x34013e78                HAL_UARTEx_SetTxFifoThreshold
 .text.HAL_UARTEx_SetRxFifoThreshold
                0x34013ef4       0x7c ./Drivers/STM32N6xx_HAL_Driver/stm32n6xx_hal_uart_ex.o
                0x34013ef4                HAL_UARTEx_SetRxFifoThreshold
 .text.HAL_UARTEx_ReceiveToIdle_DMA
                0x34013f70       0xa8 ./Drivers/STM32N6xx_HAL_Driver/stm32n6xx_hal_uart_ex.o
                0x34013f70                HAL_UARTEx_ReceiveToIdle_DMA
 .text.UARTEx_SetNbDataToProcess
                0x34014018       0x9c ./Drivers/STM32N6xx_HAL_Driver/stm32n6xx_hal_uart_ex.o
 .text.SDMMC_Init
                0x340140b4       0x54 ./Drivers/STM32N6xx_HAL_Driver/stm32n6xx_ll_sdmmc.o
                0x340140b4                SDMMC_Init
 .text.SDMMC_ReadFIFO
                0x34014108       0x1a ./Drivers/STM32N6xx_HAL_Driver/stm32n6xx_ll_sdmmc.o
                0x34014108                SDMMC_ReadFIFO
 .text.SDMMC_WriteFIFO
                0x34014122       0x22 ./Drivers/STM32N6xx_HAL_Driver/stm32n6xx_ll_sdmmc.o
                0x34014122                SDMMC_WriteFIFO
 .text.SDMMC_PowerState_ON
                0x34014144       0x22 ./Drivers/STM32N6xx_HAL_Driver/stm32n6xx_ll_sdmmc.o
                0x34014144                SDMMC_PowerState_ON
 .text.SDMMC_GetPowerState
                0x34014166       0x1c ./Drivers/STM32N6xx_HAL_Driver/stm32n6xx_ll_sdmmc.o
                0x34014166                SDMMC_GetPowerState
 *fill*         0x34014182        0x2 
 .text.SDMMC_SendCommand
                0x34014184       0x54 ./Drivers/STM32N6xx_HAL_Driver/stm32n6xx_ll_sdmmc.o
                0x34014184                SDMMC_SendCommand
 .text.SDMMC_GetCommandResponse
                0x340141d8       0x1a ./Drivers/STM32N6xx_HAL_Driver/stm32n6xx_ll_sdmmc.o
                0x340141d8                SDMMC_GetCommandResponse
 .text.SDMMC_GetResponse
                0x340141f2       0x26 ./Drivers/STM32N6xx_HAL_Driver/stm32n6xx_ll_sdmmc.o
                0x340141f2                SDMMC_GetResponse
 .text.SDMMC_ConfigData
                0x34014218       0x58 ./Drivers/STM32N6xx_HAL_Driver/stm32n6xx_ll_sdmmc.o
                0x34014218                SDMMC_ConfigData
 .text.SDMMC_CmdBlockLength
                0x34014270       0x46 ./Drivers/STM32N6xx_HAL_Driver/stm32n6xx_ll_sdmmc.o
                0x34014270                SDMMC_CmdBlockLength
 .text.SDMMC_CmdReadSingleBlock
                0x340142b6       0x46 ./Drivers/STM32N6xx_HAL_Driver/stm32n6xx_ll_sdmmc.o
                0x340142b6                SDMMC_CmdReadSingleBlock
 .text.SDMMC_CmdReadMultiBlock
                0x340142fc       0x46 ./Drivers/STM32N6xx_HAL_Driver/stm32n6xx_ll_sdmmc.o
                0x340142fc                SDMMC_CmdReadMultiBlock
 .text.SDMMC_CmdWriteSingleBlock
                0x34014342       0x46 ./Drivers/STM32N6xx_HAL_Driver/stm32n6xx_ll_sdmmc.o
                0x34014342                SDMMC_CmdWriteSingleBlock
 .text.SDMMC_CmdWriteMultiBlock
                0x34014388       0x46 ./Drivers/STM32N6xx_HAL_Driver/stm32n6xx_ll_sdmmc.o
                0x34014388                SDMMC_CmdWriteMultiBlock
 *fill*         0x340143ce        0x2 
 .text.SDMMC_CmdStopTransfer
                0x340143d0       0x78 ./Drivers/STM32N6xx_HAL_Driver/stm32n6xx_ll_sdmmc.o
                0x340143d0                SDMMC_CmdStopTransfer
 .text.SDMMC_CmdSelDesel
                0x34014448       0x46 ./Drivers/STM32N6xx_HAL_Driver/stm32n6xx_ll_sdmmc.o
                0x34014448                SDMMC_CmdSelDesel
 .text.SDMMC_CmdGoIdleState
                0x3401448e       0x3c ./Drivers/STM32N6xx_HAL_Driver/stm32n6xx_ll_sdmmc.o
                0x3401448e                SDMMC_CmdGoIdleState
 .text.SDMMC_CmdOperCond
                0x340144ca       0x40 ./Drivers/STM32N6xx_HAL_Driver/stm32n6xx_ll_sdmmc.o
                0x340144ca                SDMMC_CmdOperCond
 .text.SDMMC_CmdAppCommand
                0x3401450a       0x46 ./Drivers/STM32N6xx_HAL_Driver/stm32n6xx_ll_sdmmc.o
                0x3401450a                SDMMC_CmdAppCommand
 .text.SDMMC_CmdAppOperCommand
                0x34014550       0x40 ./Drivers/STM32N6xx_HAL_Driver/stm32n6xx_ll_sdmmc.o
                0x34014550                SDMMC_CmdAppOperCommand
 .text.SDMMC_CmdBusWidth
                0x34014590       0x46 ./Drivers/STM32N6xx_HAL_Driver/stm32n6xx_ll_sdmmc.o
                0x34014590                SDMMC_CmdBusWidth
 .text.SDMMC_CmdSendSCR
                0x340145d6       0x44 ./Drivers/STM32N6xx_HAL_Driver/stm32n6xx_ll_sdmmc.o
                0x340145d6                SDMMC_CmdSendSCR
 .text.SDMMC_CmdSendCID
                0x3401461a       0x3e ./Drivers/STM32N6xx_HAL_Driver/stm32n6xx_ll_sdmmc.o
                0x3401461a                SDMMC_CmdSendCID
 .text.SDMMC_CmdSendCSD
                0x34014658       0x40 ./Drivers/STM32N6xx_HAL_Driver/stm32n6xx_ll_sdmmc.o
                0x34014658                SDMMC_CmdSendCSD
 .text.SDMMC_CmdSetRelAdd
                0x34014698       0x44 ./Drivers/STM32N6xx_HAL_Driver/stm32n6xx_ll_sdmmc.o
                0x34014698                SDMMC_CmdSetRelAdd
 .text.SDMMC_CmdSendStatus
                0x340146dc       0x46 ./Drivers/STM32N6xx_HAL_Driver/stm32n6xx_ll_sdmmc.o
                0x340146dc                SDMMC_CmdSendStatus
 .text.SDMMC_CmdStatusRegister
                0x34014722       0x44 ./Drivers/STM32N6xx_HAL_Driver/stm32n6xx_ll_sdmmc.o
                0x34014722                SDMMC_CmdStatusRegister
 *fill*         0x34014766        0x2 
 .text.SDMMC_GetCmdResp1
                0x34014768      0x1e4 ./Drivers/STM32N6xx_HAL_Driver/stm32n6xx_ll_sdmmc.o
                0x34014768                SDMMC_GetCmdResp1
 .text.SDMMC_GetCmdResp2
                0x3401494c       0x94 ./Drivers/STM32N6xx_HAL_Driver/stm32n6xx_ll_sdmmc.o
                0x3401494c                SDMMC_GetCmdResp2
 .text.SDMMC_GetCmdResp3
                0x340149e0       0x80 ./Drivers/STM32N6xx_HAL_Driver/stm32n6xx_ll_sdmmc.o
                0x340149e0                SDMMC_GetCmdResp3
 .text.SDMMC_GetCmdResp6
                0x34014a60       0xf0 ./Drivers/STM32N6xx_HAL_Driver/stm32n6xx_ll_sdmmc.o
                0x34014a60                SDMMC_GetCmdResp6
 .text.SDMMC_GetCmdResp7
                0x34014b50       0x9c ./Drivers/STM32N6xx_HAL_Driver/stm32n6xx_ll_sdmmc.o
                0x34014b50                SDMMC_GetCmdResp7
 .text.SDMMC_GetCmdError
                0x34014bec       0x5c ./Drivers/STM32N6xx_HAL_Driver/stm32n6xx_ll_sdmmc.o
 .text.arm_cfft_radix8by2_f32
                0x34014c48      0x1a4 D:\radar-ai-detector\radar_prj\AppliSecure\Lib\libarm_cortexM7lfdp_math.a(arm_cfft_f32.o)
                0x34014c48                arm_cfft_radix8by2_f32
 .text.arm_cfft_radix8by4_f32
                0x34014dec      0x4b0 D:\radar-ai-detector\radar_prj\AppliSecure\Lib\libarm_cortexM7lfdp_math.a(arm_cfft_f32.o)
                0x34014dec                arm_cfft_radix8by4_f32
 .text.arm_cfft_f32
                0x3401529c       0xf0 D:\radar-ai-detector\radar_prj\AppliSecure\Lib\libarm_cortexM7lfdp_math.a(arm_cfft_f32.o)
                0x3401529c                arm_cfft_f32
 .text.arm_cmplx_mag_f32
                0x3401538c      0x1d0 D:\radar-ai-detector\radar_prj\AppliSecure\Lib\libarm_cortexM7lfdp_math.a(arm_cmplx_mag_f32.o)
                0x3401538c                arm_cmplx_mag_f32
 .text.arm_radix8_butterfly_f32
                0x3401555c      0x5c0 D:\radar-ai-detector\radar_prj\AppliSecure\Lib\libarm_cortexM7lfdp_math.a(arm_cfft_radix8_f32.o)
                0x3401555c                arm_radix8_butterfly_f32
 .text.__assert_func
                0x34015b1c       0x3c C:/ST/STM32CubeIDE_1.19.0/STM32CubeIDE/plugins/com.st.stm32cube.ide.mcu.externaltools.gnu-tools-for-stm32.13.3.rel1.win32_1.0.0.202411081344/tools/bin/../lib/gcc/arm-none-eabi/13.3.1/../../../../arm-none-eabi/lib/thumb/v8-m.main+dp/hard\libc_nano.a(libc_a-assert.o)
                0x34015b1c                __assert_func
 .text.__cvt    0x34015b58       0xa8 C:/ST/STM32CubeIDE_1.19.0/STM32CubeIDE/plugins/com.st.stm32cube.ide.mcu.externaltools.gnu-tools-for-stm32.13.3.rel1.win32_1.0.0.202411081344/tools/bin/../lib/gcc/arm-none-eabi/13.3.1/../../../../arm-none-eabi/lib/thumb/v8-m.main+dp/hard\libc_nano.a(libc_a-nano-vfprintf_float.o)
                0x34015b58                __cvt
 .text.__exponent
                0x34015c00       0x72 C:/ST/STM32CubeIDE_1.19.0/STM32CubeIDE/plugins/com.st.stm32cube.ide.mcu.externaltools.gnu-tools-for-stm32.13.3.rel1.win32_1.0.0.202411081344/tools/bin/../lib/gcc/arm-none-eabi/13.3.1/../../../../arm-none-eabi/lib/thumb/v8-m.main+dp/hard\libc_nano.a(libc_a-nano-vfprintf_float.o)
                0x34015c00                __exponent
 *fill*         0x34015c72        0x6 
 .text._printf_float
                0x34015c78      0x434 C:/ST/STM32CubeIDE_1.19.0/STM32CubeIDE/plugins/com.st.stm32cube.ide.mcu.externaltools.gnu-tools-for-stm32.13.3.rel1.win32_1.0.0.202411081344/tools/bin/../lib/gcc/arm-none-eabi/13.3.1/../../../../arm-none-eabi/lib/thumb/v8-m.main+dp/hard\libc_nano.a(libc_a-nano-vfprintf_float.o)
                0x34015c78                _printf_float
 .text._printf_common
                0x340160ac       0xe4 C:/ST/STM32CubeIDE_1.19.0/STM32CubeIDE/plugins/com.st.stm32cube.ide.mcu.externaltools.gnu-tools-for-stm32.13.3.rel1.win32_1.0.0.202411081344/tools/bin/../lib/gcc/arm-none-eabi/13.3.1/../../../../arm-none-eabi/lib/thumb/v8-m.main+dp/hard\libc_nano.a(libc_a-nano-vfprintf_i.o)
                0x340160ac                _printf_common
 .text._printf_i
                0x34016190      0x23c C:/ST/STM32CubeIDE_1.19.0/STM32CubeIDE/plugins/com.st.stm32cube.ide.mcu.externaltools.gnu-tools-for-stm32.13.3.rel1.win32_1.0.0.202411081344/tools/bin/../lib/gcc/arm-none-eabi/13.3.1/../../../../arm-none-eabi/lib/thumb/v8-m.main+dp/hard\libc_nano.a(libc_a-nano-vfprintf_i.o)
                0x34016190                _printf_i
 .text.std      0x340163cc       0x6c C:/ST/STM32CubeIDE_1.19.0/STM32CubeIDE/plugins/com.st.stm32cube.ide.mcu.externaltools.gnu-tools-for-stm32.13.3.rel1.win32_1.0.0.202411081344/tools/bin/../lib/gcc/arm-none-eabi/13.3.1/../../../../arm-none-eabi/lib/thumb/v8-m.main+dp/hard\libc_nano.a(libc_a-findfp.o)
 .text.stdio_exit_handler
                0x34016438       0x18 C:/ST/STM32CubeIDE_1.19.0/STM32CubeIDE/plugins/com.st.stm32cube.ide.mcu.externaltools.gnu-tools-for-stm32.13.3.rel1.win32_1.0.0.202411081344/tools/bin/../lib/gcc/arm-none-eabi/13.3.1/../../../../arm-none-eabi/lib/thumb/v8-m.main+dp/hard\libc_nano.a(libc_a-findfp.o)
 .text.cleanup_stdio
                0x34016450       0x40 C:/ST/STM32CubeIDE_1.19.0/STM32CubeIDE/plugins/com.st.stm32cube.ide.mcu.externaltools.gnu-tools-for-stm32.13.3.rel1.win32_1.0.0.202411081344/tools/bin/../lib/gcc/arm-none-eabi/13.3.1/../../../../arm-none-eabi/lib/thumb/v8-m.main+dp/hard\libc_nano.a(libc_a-findfp.o)
 .text.global_stdio_init.part.0
                0x34016490       0x3c C:/ST/STM32CubeIDE_1.19.0/STM32CubeIDE/plugins/com.st.stm32cube.ide.mcu.externaltools.gnu-tools-for-stm32.13.3.rel1.win32_1.0.0.202411081344/tools/bin/../lib/gcc/arm-none-eabi/13.3.1/../../../../arm-none-eabi/lib/thumb/v8-m.main+dp/hard\libc_nano.a(libc_a-findfp.o)
 .text.__sfp_lock_acquire
                0x340164cc        0xc C:/ST/STM32CubeIDE_1.19.0/STM32CubeIDE/plugins/com.st.stm32cube.ide.mcu.externaltools.gnu-tools-for-stm32.13.3.rel1.win32_1.0.0.202411081344/tools/bin/../lib/gcc/arm-none-eabi/13.3.1/../../../../arm-none-eabi/lib/thumb/v8-m.main+dp/hard\libc_nano.a(libc_a-findfp.o)
                0x340164cc                __sfp_lock_acquire
 .text.__sfp_lock_release
                0x340164d8        0xc C:/ST/STM32CubeIDE_1.19.0/STM32CubeIDE/plugins/com.st.stm32cube.ide.mcu.externaltools.gnu-tools-for-stm32.13.3.rel1.win32_1.0.0.202411081344/tools/bin/../lib/gcc/arm-none-eabi/13.3.1/../../../../arm-none-eabi/lib/thumb/v8-m.main+dp/hard\libc_nano.a(libc_a-findfp.o)
                0x340164d8                __sfp_lock_release
 .text.__sinit  0x340164e4       0x30 C:/ST/STM32CubeIDE_1.19.0/STM32CubeIDE/plugins/com.st.stm32cube.ide.mcu.externaltools.gnu-tools-for-stm32.13.3.rel1.win32_1.0.0.202411081344/tools/bin/../lib/gcc/arm-none-eabi/13.3.1/../../../../arm-none-eabi/lib/thumb/v8-m.main+dp/hard\libc_nano.a(libc_a-findfp.o)
                0x340164e4                __sinit
 .text.fprintf  0x34016514       0x24 C:/ST/STM32CubeIDE_1.19.0/STM32CubeIDE/plugins/com.st.stm32cube.ide.mcu.externaltools.gnu-tools-for-stm32.13.3.rel1.win32_1.0.0.202411081344/tools/bin/../lib/gcc/arm-none-eabi/13.3.1/../../../../arm-none-eabi/lib/thumb/v8-m.main+dp/hard\libc_nano.a(libc_a-fprintf.o)
                0x34016514                fiprintf
                0x34016514                fprintf
 .text._fwalk_sglue
                0x34016538       0x3c C:/ST/STM32CubeIDE_1.19.0/STM32CubeIDE/plugins/com.st.stm32cube.ide.mcu.externaltools.gnu-tools-for-stm32.13.3.rel1.win32_1.0.0.202411081344/tools/bin/../lib/gcc/arm-none-eabi/13.3.1/../../../../arm-none-eabi/lib/thumb/v8-m.main+dp/hard\libc_nano.a(libc_a-fwalk.o)
                0x34016538                _fwalk_sglue
 .text.snprintf
                0x34016574       0x6c C:/ST/STM32CubeIDE_1.19.0/STM32CubeIDE/plugins/com.st.stm32cube.ide.mcu.externaltools.gnu-tools-for-stm32.13.3.rel1.win32_1.0.0.202411081344/tools/bin/../lib/gcc/arm-none-eabi/13.3.1/../../../../arm-none-eabi/lib/thumb/v8-m.main+dp/hard\libc_nano.a(libc_a-snprintf.o)
                0x34016574                sniprintf
                0x34016574                snprintf
 .text.__sread  0x340165e0       0x22 C:/ST/STM32CubeIDE_1.19.0/STM32CubeIDE/plugins/com.st.stm32cube.ide.mcu.externaltools.gnu-tools-for-stm32.13.3.rel1.win32_1.0.0.202411081344/tools/bin/../lib/gcc/arm-none-eabi/13.3.1/../../../../arm-none-eabi/lib/thumb/v8-m.main+dp/hard\libc_nano.a(libc_a-stdio.o)
                0x340165e0                __sread
 .text.__swrite
                0x34016602       0x38 C:/ST/STM32CubeIDE_1.19.0/STM32CubeIDE/plugins/com.st.stm32cube.ide.mcu.externaltools.gnu-tools-for-stm32.13.3.rel1.win32_1.0.0.202411081344/tools/bin/../lib/gcc/arm-none-eabi/13.3.1/../../../../arm-none-eabi/lib/thumb/v8-m.main+dp/hard\libc_nano.a(libc_a-stdio.o)
                0x34016602                __swrite
 .text.__sseek  0x3401663a       0x24 C:/ST/STM32CubeIDE_1.19.0/STM32CubeIDE/plugins/com.st.stm32cube.ide.mcu.externaltools.gnu-tools-for-stm32.13.3.rel1.win32_1.0.0.202411081344/tools/bin/../lib/gcc/arm-none-eabi/13.3.1/../../../../arm-none-eabi/lib/thumb/v8-m.main+dp/hard\libc_nano.a(libc_a-stdio.o)
                0x3401663a                __sseek
 .text.__sclose
                0x3401665e        0x8 C:/ST/STM32CubeIDE_1.19.0/STM32CubeIDE/plugins/com.st.stm32cube.ide.mcu.externaltools.gnu-tools-for-stm32.13.3.rel1.win32_1.0.0.202411081344/tools/bin/../lib/gcc/arm-none-eabi/13.3.1/../../../../arm-none-eabi/lib/thumb/v8-m.main+dp/hard\libc_nano.a(libc_a-stdio.o)
                0x3401665e                __sclose
 .text.memcmp   0x34016666       0x20 C:/ST/STM32CubeIDE_1.19.0/STM32CubeIDE/plugins/com.st.stm32cube.ide.mcu.externaltools.gnu-tools-for-stm32.13.3.rel1.win32_1.0.0.202411081344/tools/bin/../lib/gcc/arm-none-eabi/13.3.1/../../../../arm-none-eabi/lib/thumb/v8-m.main+dp/hard\libc_nano.a(libc_a-memcmp.o)
                0x34016666                memcmp
 .text.memset   0x34016686       0x10 C:/ST/STM32CubeIDE_1.19.0/STM32CubeIDE/plugins/com.st.stm32cube.ide.mcu.externaltools.gnu-tools-for-stm32.13.3.rel1.win32_1.0.0.202411081344/tools/bin/../lib/gcc/arm-none-eabi/13.3.1/../../../../arm-none-eabi/lib/thumb/v8-m.main+dp/hard\libc_nano.a(libc_a-memset.o)