../Core/Src/fft.c:89:16:checksum_xor	24	static
../Core/Src/fft.c:101:13:fftshift	32	static
../Core/Src/fft.c:116:6:FFT_Init	16	static
../Core/Src/fft.c:138:6:FFT_PushSample	24	static
../Core/Src/fft.c:158:6:FFT_IsReady	4	static
../Core/Src/fft.c:164:6:FFT_Process	40	static
../Core/Src/fft.c:226:6:FFT_Transmit	16	static
../Core/Src/fft.c:242:6:FFT_TransmitDone	4	static
../Core/Src/fft.c:248:6:FFT_Reset	8	static
../Core/Src/fft.c:257:6:FFT_TxCompleteCallback	4	static
../Core/Src/fft.c:263:14:FFT_GetMagnitude	4	static
../Core/Src/fft.c:269:7:FFT_GetPeakFrequency	32	static
