../Core/Src/fft.c:51:16:checksum_xor	24	static
../Core/Src/fft.c:58:13:fftshift_inplace	32	static
../Core/Src/fft.c:70:21:hamming	16	static
../Core/Src/fft.c:76:6:FFT_Init	8	static
../Core/Src/fft.c:86:6:FFT_PushSample	24	static
../Core/Src/fft.c:108:6:FFT_IsReady	4	static
../Core/Src/fft.c:114:6:FFT_Process	40	static
../Core/Src/fft.c:153:6:FFT_Transmit	16	static
../Core/Src/fft.c:161:6:FFT_TransmitDone	4	static
../Core/Src/fft.c:167:6:FFT_Reset	8	static
../Core/Src/fft.c:175:6:FFT_TxCompleteCallback	4	static
../Core/Src/fft.c:181:14:FFT_GetMagnitude	4	static
../Core/Src/fft.c:187:7:FFT_GetPeakFrequency	32	static
