../../Drivers/STM32N6xx_HAL_Driver/Inc/stm32n6xx_ll_bus.h:879:22:LL_AHB1_GRP1_EnableClock	1
../../Drivers/STM32N6xx_HAL_Driver/Inc/stm32n6xx_ll_bus.h:1165:22:LL_AHB3_GRP1_EnableClock	1
../../Drivers/STM32N6xx_HAL_Driver/Inc/stm32n6xx_ll_bus.h:1407:22:LL_AHB4_GRP1_EnableClock	1
../Core/Src/main.c:67:5:main	7
../Core/Src/main.c:162:6:HAL_GPIO_EXTI_Callback	2
../Core/Src/main.c:168:6:HAL_SPI_TxCpltCallback	2
../Core/Src/main.c:174:6:HAL_UART_TxCpltCallback	2
../Core/Src/main.c:184:13:NonSecure_Init	1
../Core/Src/main.c:194:13:MX_GPDMA1_Init	1
../Core/Src/main.c:207:13:MX_SDMMC2_SD_Init	1
../Core/Src/main.c:223:13:MX_SPI5_Init	2
../Core/Src/main.c:251:13:MX_USART1_UART_Init	5
../Core/Src/main.c:274:13:MX_GPIO_Init	1
../Core/Src/main.c:311:13:SystemIsolation_Config	5
../Core/Src/main.c:345:6:Error_Handler	1
