../../Drivers/STM32N6xx_HAL_Driver/Inc/stm32n6xx_ll_bus.h:879:22:LL_AHB1_GRP1_EnableClock	24	static
../../Drivers/STM32N6xx_HAL_Driver/Inc/stm32n6xx_ll_bus.h:1165:22:LL_AHB3_GRP1_EnableClock	24	static
../../Drivers/STM32N6xx_HAL_Driver/Inc/stm32n6xx_ll_bus.h:1407:22:LL_AHB4_GRP1_EnableClock	24	static
../Core/Src/main.c:63:5:main	16	static,ignoring_inline_asm
../Core/Src/main.c:108:6:HAL_GPIO_EXTI_Callback	16	static
../Core/Src/main.c:117:6:HAL_SPI_TxCpltCallback	16	static
../Core/Src/main.c:126:6:HAL_UART_TxCpltCallback	16	static
../Core/Src/main.c:136:13:MX_GPDMA1_Init	8	static
../Core/Src/main.c:149:13:MX_SPI5_Init	8	static
../Core/Src/main.c:176:13:MX_USART1_UART_Init	8	static
../Core/Src/main.c:195:13:MX_GPIO_Init	32	static
../Core/Src/main.c:233:13:SystemIsolation_Config	8	static
../Core/Src/main.c:250:6:Error_Handler	4	static,ignoring_inline_asm
