../../Drivers/STM32N6xx_HAL_Driver/Inc/stm32n6xx_ll_bus.h:879:22:LL_AHB1_GRP1_EnableClock	24	static
../../Drivers/STM32N6xx_HAL_Driver/Inc/stm32n6xx_ll_bus.h:1165:22:LL_AHB3_GRP1_EnableClock	24	static
../../Drivers/STM32N6xx_HAL_Driver/Inc/stm32n6xx_ll_bus.h:1407:22:LL_AHB4_GRP1_EnableClock	24	static
../Core/Src/main.c:55:5:main	56	static,ignoring_inline_asm
../Core/Src/main.c:111:6:HAL_GPIO_EXTI_Callback	16	static
../Core/Src/main.c:120:6:HAL_SPI_TxCpltCallback	16	static
../Core/Src/main.c:129:6:HAL_UART_TxCpltCallback	16	static
../Core/Src/main.c:138:6:Test_CS_Toggle	80	static
../Core/Src/main.c:180:6:Test_MISO	240	static
../Core/Src/main.c:259:13:MX_GPDMA1_Init	8	static
../Core/Src/main.c:272:13:MX_SPI5_Init	8	static
../Core/Src/main.c:299:13:MX_USART1_UART_Init	8	static
../Core/Src/main.c:318:13:MX_GPIO_Init	32	static
../Core/Src/main.c:356:13:SystemIsolation_Config	8	static
../Core/Src/main.c:373:6:Error_Handler	4	static,ignoring_inline_asm
