../../Drivers/STM32N6xx_HAL_Driver/Inc/stm32n6xx_ll_bus.h:1407:22:LL_AHB4_GRP1_EnableClock	24	static
../../Drivers/STM32N6xx_HAL_Driver/Inc/stm32n6xx_ll_bus.h:2909:22:LL_APB2_GRP1_EnableClock	24	static
../../Drivers/STM32N6xx_HAL_Driver/Inc/stm32n6xx_ll_bus.h:2997:22:LL_APB2_GRP1_DisableClock	16	static
../Core/Src/stm32n6xx_hal_msp.c:70:6:HAL_MspInit	8	static
../Core/Src/stm32n6xx_hal_msp.c:98:6:HAL_SPI_MspInit	440	static
../Core/Src/stm32n6xx_hal_msp.c:211:6:HAL_SPI_MspDeInit	16	static
../Core/Src/stm32n6xx_hal_msp.c:251:6:HAL_UART_MspInit	440	static
../Core/Src/stm32n6xx_hal_msp.c:347:6:HAL_UART_MspDeInit	16	static
